<html>
<body>
<pre>
<h1>µVision Build Log</h1>
<h2>Tool Versions:</h2>
IDE-Version: µVision V5.18a
Copyright (C) 2016 ARM Ltd and ARM Germany GmbH. All rights reserved.
License Information: a da-n, cnii, LIC=TA3AR-KI3VP-HR9XN-YAQNQ-JUCX1-LW4PP
 
Tool Versions:
Toolchain:       MDK-ARM Professional  Version: 5.18a
Toolchain Path:  F:\lang\Keil_v5\ARM\ARMCC\Bin
C Compiler:      Armcc.exe V5.06 update 1 (build 61)
Assembler:       Armasm.exe V5.06 update 1 (build 61)
Linker/Locator:  ArmLink.exe V5.06 update 1 (build 61)
Library Manager: ArmAr.exe V5.06 update 1 (build 61)
Hex Converter:   FromElf.exe V5.06 update 1 (build 61)
CPU DLL:         SARMCM3.DLL V5.18a
Dialog DLL:      DCM.DLL V1.13.6.0
Target DLL:      STLink\ST-LINKIII-KEIL_SWO.dll V2.0.18.0
Dialog DLL:      TCM.DLL V1.14.8.0
 
<h2>Project:</h2>
D:\Working\ToHome\STM32_RollPitchMeter\MDK-ARM\RollPitchMeter.uvprojx
Project File Date:  03/10/2022

<h2>Output:</h2>
*** Using Compiler 'V5.06 update 1 (build 61)', folder: 'F:\lang\Keil_v5\ARM\ARMCC\Bin'
Build target 'RollPitchMeter'
compiling main.cpp...
..\Src\main.cpp(112): warning:  #1035-D: single-precision operand implicitly converted to double-precision
  	float s1=sin(
_PI/180.0*(n+90));
..\Src\main.cpp(113): warning:  #1035-D: single-precision operand implicitly converted to double-precision
  	float c1=cos(
_PI/180.0*(n+90));   
..\Src\main.cpp(114): warning:  #1035-D: single-precision operand implicitly converted to double-precision
  	float s2=sin(
_PI/180.0*(n+0));
..\Src\main.cpp(115): warning:  #1035-D: single-precision operand implicitly converted to double-precision
  	float c2=cos(
_PI/180.0*(n+0));   
..\Src\main.cpp(168): warning:  #1035-D: single-precision operand implicitly converted to double-precision
  	roll_x[1]=cx1+roll_len*cos(
_PI/180.0*(-roll+90-10));   
..\Src\main.cpp(169): warning:  #1035-D: single-precision operand implicitly converted to double-precision
  	roll_y[1]=cy1+roll_len*sin(
_PI/180.0*(-roll+90-10));
..\Src\main.cpp(170): warning:  #1035-D: single-precision operand implicitly converted to double-precision
  	roll_x[2]=cx1+roll_len*cos(
_PI/180.0*(-roll+90+10));   
..\Src\main.cpp(171): warning:  #1035-D: single-precision operand implicitly converted to double-precision
  	roll_y[2]=cy1+roll_len*sin(
_PI/180.0*(-roll+90+10));
..\Src\main.cpp(172): warning:  #1035-D: single-precision operand implicitly converted to double-precision
  	roll_x[3]=cx1+(r1-1)*cos(
_PI/180.0*(-roll+90));   
..\Src\main.cpp(173): warning:  #1035-D: single-precision operand implicitly converted to double-precision
  	roll_y[3]=cy1+(r1-1)*sin(
_PI/180.0*(-roll+90));
..\Src\main.cpp(182): warning:  #1035-D: single-precision operand implicitly converted to double-precision
  	roll_const_x[1]=cx1+r1*cos(
_PI/180.0*(-roll_const+90));
..\Src\main.cpp(183): warning:  #1035-D: single-precision operand implicitly converted to double-precision
  	roll_const_y[1]=cy1+r1*sin(
_PI/180.0*(-roll_const+90));
..\Src\main.cpp(206): warning:  #1035-D: single-precision operand implicitly converted to double-precision
  	pitch_x[1]=cx2+pitch_len*cos(
_PI/180.0*(-pitch+0-10));   
..\Src\main.cpp(207): warning:  #1035-D: single-precision operand implicitly converted to double-precision
  	pitch_y[1]=cy2+pitch_len*sin(
_PI/180.0*(-pitch+0-10));
..\Src\main.cpp(208): warning:  #1035-D: single-precision operand implicitly converted to double-precision
  	pitch_x[2]=cx2+pitch_len*cos(
_PI/180.0*(-pitch+0+10));   
..\Src\main.cpp(209): warning:  #1035-D: single-precision operand implicitly converted to double-precision
  	pitch_y[2]=cy2+pitch_len*sin(
_PI/180.0*(-pitch+0+10));
..\Src\main.cpp(210): warning:  #1035-D: single-precision operand implicitly converted to double-precision
  	pitch_x[3]=cx2+(r2-1)*cos(
_PI/180.0*(-pitch+0));   
..\Src\main.cpp(211): warning:  #1035-D: single-precision operand implicitly converted to double-precision
  	pitch_y[3]=cy2+(r2-1)*sin(
_PI/180.0*(-pitch+0));
..\Src\main.cpp(220): warning:  #1035-D: single-precision operand implicitly converted to double-precision
  	pitch_const_x[1]=cx2+r2*cos(
_PI/180.0*(-pitch_const+0));
..\Src\main.cpp(221): warning:  #1035-D: single-precision operand implicitly converted to double-precision
  	pitch_const_y[1]=cy2+r2*sin(
_PI/180.0*(-pitch_const+0));
..\Src\main.cpp: 20 warnings, 0 errors
linking...
Program Size: Code=24086 RO-data=4438 RW-data=80 ZI-data=80128  
"RollPitchMeter\RollPitchMeter.axf" - 0 Error(s), 20 Warning(s).

<h2>Software Packages used:</h2>

Package Vendor: ARM
                http://www.keil.com/pack/ARM.CMSIS.4.5.0.pack
                ARM::CMSIS:CORE:4.3.0
                CMSIS (Cortex Microcontroller Software Interface Standard)
   * Component: CORE Version: 4.3.0

<h2>Collection of Component include folders:</h2>
  D:\Working\ToHome\STM32_RollPitchMeter\MDK-ARM\RTE
  F:\lang\Keil_v5\ARM\PACK\ARM\CMSIS\4.5.0\CMSIS\Include
  F:\lang\Keil_v5\ARM\PACK\Keil\STM32F4xx_DFP\2.3.0\Drivers\CMSIS\Device\ST\STM32F4xx\Include

<h2>Collection of Component Files used:</h2>

   * Component: ARM::CMSIS:CORE:4.3.0
Build Time Elapsed:  00:00:05
</pre>
</body>
</html>
