Component: ARM Compiler 5.06 update 1 (build 61) Tool: armlink [4d35a8]

==============================================================================

Section Cross References

    stm32f4xx_it.o(i.SysTick_Handler) refers to stm32f4xx_hal.o(i.HAL_IncTick) for HAL_IncTick
    stm32f4xx_it.o(i.SysTick_Handler) refers to stm32f4xx_hal_cortex.o(i.HAL_SYSTICK_IRQHandler) for HAL_SYSTICK_IRQHandler
    stm32f4xx_it.o(i.TIM1_UP_TIM10_IRQHandler) refers to stm32f4xx_hal_tim.o(i.HAL_TIM_IRQHandler) for HAL_TIM_IRQHandler
    stm32f4xx_it.o(i.TIM1_UP_TIM10_IRQHandler) refers to main.o(.bss) for htim1
    stm32f4xx_it.o(.ARM.exidx) refers to stm32f4xx_it.o(i.NMI_Handler) for i.NMI_Handler
    stm32f4xx_it.o(.ARM.exidx) refers to stm32f4xx_it.o(i.HardFault_Handler) for i.HardFault_Handler
    stm32f4xx_it.o(.ARM.exidx) refers to stm32f4xx_it.o(i.MemManage_Handler) for i.MemManage_Handler
    stm32f4xx_it.o(.ARM.exidx) refers to stm32f4xx_it.o(i.BusFault_Handler) for i.BusFault_Handler
    stm32f4xx_it.o(.ARM.exidx) refers to stm32f4xx_it.o(i.UsageFault_Handler) for i.UsageFault_Handler
    stm32f4xx_it.o(.ARM.exidx) refers to stm32f4xx_it.o(i.SVC_Handler) for i.SVC_Handler
    stm32f4xx_it.o(.ARM.exidx) refers to stm32f4xx_it.o(i.DebugMon_Handler) for i.DebugMon_Handler
    stm32f4xx_it.o(.ARM.exidx) refers to stm32f4xx_it.o(i.PendSV_Handler) for i.PendSV_Handler
    stm32f4xx_it.o(.ARM.exidx) refers to stm32f4xx_it.o(i.SysTick_Handler) for i.SysTick_Handler
    stm32f4xx_it.o(.ARM.exidx) refers to stm32f4xx_it.o(i.TIM1_UP_TIM10_IRQHandler) for i.TIM1_UP_TIM10_IRQHandler
    stm32f4xx_hal_msp.o(i.HAL_I2C_MspDeInit) refers to stm32f4xx_hal_gpio.o(i.HAL_GPIO_DeInit) for HAL_GPIO_DeInit
    stm32f4xx_hal_msp.o(i.HAL_I2C_MspInit) refers to stm32f4xx_hal_gpio.o(i.HAL_GPIO_Init) for HAL_GPIO_Init
    stm32f4xx_hal_msp.o(i.HAL_MspInit) refers to stm32f4xx_hal_cortex.o(i.HAL_NVIC_SetPriorityGrouping) for HAL_NVIC_SetPriorityGrouping
    stm32f4xx_hal_msp.o(i.HAL_MspInit) refers to stm32f4xx_hal_cortex.o(i.HAL_NVIC_SetPriority) for HAL_NVIC_SetPriority
    stm32f4xx_hal_msp.o(i.HAL_TIM_Base_MspDeInit) refers to stm32f4xx_hal_cortex.o(i.HAL_NVIC_DisableIRQ) for HAL_NVIC_DisableIRQ
    stm32f4xx_hal_msp.o(i.HAL_TIM_Base_MspInit) refers to stm32f4xx_hal_cortex.o(i.HAL_NVIC_SetPriority) for HAL_NVIC_SetPriority
    stm32f4xx_hal_msp.o(i.HAL_TIM_Base_MspInit) refers to stm32f4xx_hal_cortex.o(i.HAL_NVIC_EnableIRQ) for HAL_NVIC_EnableIRQ
    stm32f4xx_hal_msp.o(.ARM.exidx) refers to stm32f4xx_hal_msp.o(i.HAL_MspInit) for i.HAL_MspInit
    stm32f4xx_hal_msp.o(.ARM.exidx) refers to stm32f4xx_hal_msp.o(i.HAL_I2C_MspInit) for i.HAL_I2C_MspInit
    stm32f4xx_hal_msp.o(.ARM.exidx) refers to stm32f4xx_hal_msp.o(i.HAL_I2C_MspDeInit) for i.HAL_I2C_MspDeInit
    stm32f4xx_hal_msp.o(.ARM.exidx) refers to stm32f4xx_hal_msp.o(i.HAL_TIM_Base_MspInit) for i.HAL_TIM_Base_MspInit
    stm32f4xx_hal_msp.o(.ARM.exidx) refers to stm32f4xx_hal_msp.o(i.HAL_TIM_Base_MspDeInit) for i.HAL_TIM_Base_MspDeInit
    main.o(i.HAL_TIM_PeriodElapsedCallback) refers to mpu6050.o(i._Z16MPU6050_GetGyroXv) for MPU6050_GetGyroX()
    main.o(i.HAL_TIM_PeriodElapsedCallback) refers to mpu6050.o(i._Z16MPU6050_GetGyroYv) for MPU6050_GetGyroY()
    main.o(i.HAL_TIM_PeriodElapsedCallback) refers to mpu6050.o(i._Z16MPU6050_GetGyroZv) for MPU6050_GetGyroZ()
    main.o(i.HAL_TIM_PeriodElapsedCallback) refers to mpu6050.o(i._Z17MPU6050_GetAcselXv) for MPU6050_GetAcselX()
    main.o(i.HAL_TIM_PeriodElapsedCallback) refers to mpu6050.o(i._Z17MPU6050_GetAcselYv) for MPU6050_GetAcselY()
    main.o(i.HAL_TIM_PeriodElapsedCallback) refers to mpu6050.o(i._Z17MPU6050_GetAcselZv) for MPU6050_GetAcselZ()
    main.o(i.HAL_TIM_PeriodElapsedCallback) refers to mpu6050.o(i._Z17MPU6050_GetTemperv) for MPU6050_GetTemper()
    main.o(i.HAL_TIM_PeriodElapsedCallback) refers to f2d.o(.text) for __aeabi_f2d
    main.o(i.HAL_TIM_PeriodElapsedCallback) refers to dmul.o(.text) for __aeabi_dmul
    main.o(i.HAL_TIM_PeriodElapsedCallback) refers to d2f.o(.text) for __aeabi_d2f
    main.o(i.HAL_TIM_PeriodElapsedCallback) refers to madgwickahrs.o(i._Z21MadgwickAHRSupdateIMUfffffff) for MadgwickAHRSupdateIMU(float, float, float, float, float, float, float)
    main.o(i.HAL_TIM_PeriodElapsedCallback) refers to madgwickahrs.o(i._Z10quat2EulerPfS_) for quat2Euler(float*, float*)
    main.o(i.HAL_TIM_PeriodElapsedCallback) refers to ddiv.o(.text) for __aeabi_ddiv
    main.o(i.HAL_TIM_PeriodElapsedCallback) refers to main.o(i._Z4fir1f) for fir1(float)
    main.o(i.HAL_TIM_PeriodElapsedCallback) refers to main.o(i._Z4fir2f) for fir2(float)
    main.o(i.HAL_TIM_PeriodElapsedCallback) refers to main.o(i._Z4fir3f) for fir3(float)
    main.o(i.HAL_TIM_PeriodElapsedCallback) refers to main.o(.data) for .data
    main.o(i.HAL_TIM_PeriodElapsedCallback) refers to main.o(.bss) for .bss
    main.o(i.HAL_TIM_PeriodElapsedCallback) refers to madgwickahrs.o(.data) for q0
[...]
    .ARM.Collect$$$$0000000B                 0x08000194   Section        8  entry9a.o(.ARM.Collect$$$$0000000B)
    .ARM.Collect$$$$0000000D                 0x0800019c   Section        0  entry10a.o(.ARM.Collect$$$$0000000D)
    .ARM.Collect$$$$0000000E                 0x0800019c   Section        4  entry10b.o(.ARM.Collect$$$$0000000E)
    .ARM.Collect$$$$0000000F                 0x080001a0   Section        0  entry11a.o(.ARM.Collect$$$$0000000F)
    .ARM.Collect$$$$00002712                 0x080001a0   Section        4  entry2.o(.ARM.Collect$$$$00002712)
    __lit__00000000                          0x080001a0   Data           4  entry2.o(.ARM.Collect$$$$00002712)
    .text                                    0x080001a4   Section       36  startup_stm32f407xx.o(.text)
    $v0                                      0x080001a4   Number         0  startup_stm32f407xx.o(.text)
    .text                                    0x080001c8   Section        0  memcpya.o(.text)
    .text                                    0x080001ec   Section        0  cpp_init.o(.text)
    .text                                    0x0800020c   Section        0  aeabi_atexit.o(.text)
    .text                                    0x0800023a   Section        0  dadd.o(.text)
    .text                                    0x08000388   Section        0  dmul.o(.text)
    .text                                    0x0800046c   Section        0  ddiv.o(.text)
    .text                                    0x0800054a   Section        0  f2d.o(.text)
    .text                                    0x08000570   Section        0  d2f.o(.text)
    .text                                    0x080005a8   Section        0  uidiv.o(.text)
    .text                                    0x080005d4   Section        0  uldiv.o(.text)
    .text                                    0x08000636   Section        0  llshl.o(.text)
    .text                                    0x08000654   Section        0  llsshr.o(.text)
    .text                                    0x08000678   Section        0  cpp_dtor.o(.text)
    .text                                    0x08000678   Section        0  iusefp.o(.text)
    .text                                    0x08000680   Section        0  cpp_signal.o(.text)
    .text                                    0x08000682   Section        0  cxa_finalize.o(.text)
    .text                                    0x080006c4   Section        0  fepilogue.o(.text)
    .text                                    0x08000732   Section        0  depilogue.o(.text)
    .text                                    0x080007ec   Section        0  dfixul.o(.text)
    .text                                    0x0800081c   Section       48  cdrcmple.o(.text)
    .text                                    0x0800084c   Section       36  init.o(.text)
    .text                                    0x08000870   Section        0  llushr.o(.text)
    .text                                    0x08000890   Section        0  cpp_final.o(.text)
    i.BusFault_Handler                       0x08000892   Section        0  stm32f4xx_it.o(i.BusFault_Handler)
    i.DebugMon_Handler                       0x08000894   Section        0  stm32f4xx_it.o(i.DebugMon_Handler)
    i.HAL_Delay                              0x08000896   Section        0  stm32f4xx_hal.o(i.HAL_Delay)
    i.HAL_GPIO_Init                          0x080008b4   Section        0  stm32f4xx_hal_gpio.o(i.HAL_GPIO_Init)
    i.HAL_GPIO_WritePin                      0x08000a64   Section        0  stm32f4xx_hal_gpio.o(i.HAL_GPIO_WritePin)
    i.HAL_GetTick                            0x08000a70   Section        0  stm32f4xx_hal.o(i.HAL_GetTick)
    i.HAL_I2C_GetError                       0x08000a7c   Section        0  stm32f4xx_hal_i2c.o(i.HAL_I2C_GetError)
    i.HAL_I2C_GetState                       0x08000a80   Section        0  stm32f4xx_hal_i2c.o(i.HAL_I2C_GetState)
    i.HAL_I2C_Init                           0x08000a88   Section        0  stm32f4xx_hal_i2c.o(i.HAL_I2C_Init)
    i.HAL_I2C_Master_Receive                 0x08000b90   Section        0  stm32f4xx_hal_i2c.o(i.HAL_I2C_Master_Receive)
    i.HAL_I2C_Master_Transmit                0x08000d78   Section        0  stm32f4xx_hal_i2c.o(i.HAL_I2C_Master_Transmit)
    i.HAL_I2C_MspInit                        0x08000eb0   Section        0  stm32f4xx_hal_msp.o(i.HAL_I2C_MspInit)
    i.HAL_IncTick                            0x08000f08   Section        0  stm32f4xx_hal.o(i.HAL_IncTick)
    i.HAL_Init                               0x08000f18   Section        0  stm32f4xx_hal.o(i.HAL_Init)
    i.HAL_InitTick                           0x08000f4c   Section        0  stm32f4xx_hal.o(i.HAL_InitTick)
    i.HAL_MspInit                            0x08000f74   Section        0  stm32f4xx_hal_msp.o(i.HAL_MspInit)
    i.HAL_NVIC_EnableIRQ                     0x08000fcc   Section        0  stm32f4xx_hal_cortex.o(i.HAL_NVIC_EnableIRQ)
    i.HAL_NVIC_SetPriority                   0x08000fe4   Section        0  stm32f4xx_hal_cortex.o(i.HAL_NVIC_SetPriority)
    i.HAL_NVIC_SetPriorityGrouping           0x08001024   Section        0  stm32f4xx_hal_cortex.o(i.HAL_NVIC_SetPriorityGrouping)
    i.HAL_RCC_ClockConfig                    0x08001048   Section        0  stm32f4xx_hal_rcc.o(i.HAL_RCC_ClockConfig)
    i.HAL_RCC_GetHCLKFreq                    0x080011c4   Section        0  stm32f4xx_hal_rcc.o(i.HAL_RCC_GetHCLKFreq)
    i.HAL_RCC_GetPCLK1Freq                   0x080011d0   Section        0  stm32f4xx_hal_rcc.o(i.HAL_RCC_GetPCLK1Freq)
    i.HAL_RCC_GetSysClockFreq                0x08001200   Section        0  stm32f4xx_hal_rcc.o(i.HAL_RCC_GetSysClockFreq)
    i.HAL_RCC_OscConfig                      0x08001270   Section        0  stm32f4xx_hal_rcc.o(i.HAL_RCC_OscConfig)
    i.HAL_SYSTICK_CLKSourceConfig            0x08001584   Section        0  stm32f4xx_hal_cortex.o(i.HAL_SYSTICK_CLKSourceConfig)
    i.HAL_SYSTICK_Callback                   0x0800159c   Section        0  stm32f4xx_hal_cortex.o(i.HAL_SYSTICK_Callback)
    i.HAL_SYSTICK_Config                     0x0800159e   Section        0  stm32f4xx_hal_cortex.o(i.HAL_SYSTICK_Config)
    i.HAL_SYSTICK_IRQHandler                 0x080015c6   Section        0  stm32f4xx_hal_cortex.o(i.HAL_SYSTICK_IRQHandler)
    i.HAL_TIMEx_BreakCallback                0x080015ce   Section        0  stm32f4xx_hal_tim_ex.o(i.HAL_TIMEx_BreakCallback)
    i.HAL_TIMEx_CommutationCallback          0x080015d0   Section        0  stm32f4xx_hal_tim_ex.o(i.HAL_TIMEx_CommutationCallback)
    i.HAL_TIMEx_MasterConfigSynchronization  0x080015d2   Section        0  stm32f4xx_hal_tim_ex.o(i.HAL_TIMEx_MasterConfigSynchronization)
    i.HAL_TIM_Base_Init                      0x08001622   Section        0  stm32f4xx_hal_tim.o(i.HAL_TIM_Base_Init)
    i.HAL_TIM_Base_MspInit                   0x08001658   Section        0  stm32f4xx_hal_msp.o(i.HAL_TIM_Base_MspInit)
    i.HAL_TIM_Base_Start_IT                  0x08001694   Section        0  stm32f4xx_hal_tim.o(i.HAL_TIM_Base_Start_IT)
    i.HAL_TIM_ConfigClockSource              0x080016ac   Section        0  stm32f4xx_hal_tim.o(i.HAL_TIM_ConfigClockSource)
    i.HAL_TIM_IC_CaptureCallback             0x0800179e   Section        0  stm32f4xx_hal_tim.o(i.HAL_TIM_IC_CaptureCallback)
    i.HAL_TIM_IRQHandler                     0x080017a0   Section        0  stm32f4xx_hal_tim.o(i.HAL_TIM_IRQHandler)
    i.HAL_TIM_OC_DelayElapsedCallback        0x08001906   Section        0  stm32f4xx_hal_tim.o(i.HAL_TIM_OC_DelayElapsedCallback)
    i.HAL_TIM_PWM_PulseFinishedCallback      0x08001908   Section        0  stm32f4xx_hal_tim.o(i.HAL_TIM_PWM_PulseFinishedCallback)
    i.HAL_TIM_PeriodElapsedCallback          0x0800190c   Section        0  main.o(i.HAL_TIM_PeriodElapsedCallback)
    i.HAL_TIM_TriggerCallback                0x08001e50   Section        0  stm32f4xx_hal_tim.o(i.HAL_TIM_TriggerCallback)
    i.HardFault_Handler                      0x08001e52   Section        0  stm32f4xx_it.o(i.HardFault_Handler)
    i.MemManage_Handler                      0x08001e54   Section        0  stm32f4xx_it.o(i.MemManage_Handler)
    i.NMI_Handler                            0x08001e56   Section        0  stm32f4xx_it.o(i.NMI_Handler)
    i.PendSV_Handler                         0x08001e58   Section        0  stm32f4xx_it.o(i.PendSV_Handler)
    i.SVC_Handler                            0x08001e5a   Section        0  stm32f4xx_it.o(i.SVC_Handler)
    i.SysTick_Handler                        0x08001e5c   Section        0  stm32f4xx_it.o(i.SysTick_Handler)
    i.SystemInit                             0x08001e6c   Section        0  system_stm32f4xx.o(i.SystemInit)
    i.TIM1_UP_TIM10_IRQHandler               0x08001ec0   Section        0  stm32f4xx_it.o(i.TIM1_UP_TIM10_IRQHandler)
    i.TIM_Base_SetConfig                     0x08001ecc   Section        0  stm32f4xx_hal_tim.o(i.TIM_Base_SetConfig)
    i.UsageFault_Handler                     0x08001f8c   Section        0  stm32f4xx_it.o(i.UsageFault_Handler)
    i._Z10quat2EulerPfS_                     0x08001f90   Section        0  madgwickahrs.o(i._Z10quat2EulerPfS_)
    i._Z12MPU6050_Initv                      0x080020a4   Section        0  mpu6050.o(i._Z12MPU6050_Initv)
    i._Z14I2C_ReadBufferhhPhh                0x080021f4   Section        0  i2c.o(i._Z14I2C_ReadBufferhhPhh)
    i._Z15I2C_WriteBufferhPhh                0x08002244   Section        0  i2c.o(i._Z15I2C_WriteBufferhPhh)
    i._Z16MPU6050_GetGyroXv                  0x08002284   Section        0  mpu6050.o(i._Z16MPU6050_GetGyroXv)
    i._Z16MPU6050_GetGyroYv                  0x0800228c   Section        0  mpu6050.o(i._Z16MPU6050_GetGyroYv)
    i._Z16MPU6050_GetGyroZv                  0x08002294   Section        0  mpu6050.o(i._Z16MPU6050_GetGyroZv)
    i._Z16MPU6050_GetValueh                  0x0800229c   Section        0  mpu6050.o(i._Z16MPU6050_GetValueh)
    MPU6050_GetValue(unsigned char)          0x0800229d   Thumb Code    20  mpu6050.o(i._Z16MPU6050_GetValueh)
    i._Z16MPU6050_SetValuehh                 0x080022b0   Section        0  mpu6050.o(i._Z16MPU6050_SetValuehh)
    MPU6050_SetValue(unsigned char, unsigned char) 0x080022b1   Thumb Code    22  mpu6050.o(i._Z16MPU6050_SetValuehh)
    i._Z16NVIC_SetPriority9IRQn_Typej        0x080022c6   Section        0  stm32f4xx_hal_cortex.o(i._Z16NVIC_SetPriority9IRQn_Typej)
    NVIC_SetPriority(IRQn_Type, unsigned)    0x080022c7   Thumb Code    32  stm32f4xx_hal_cortex.o(i._Z16NVIC_SetPriority9IRQn_Typej)
    i._Z17MPU6050_GetAcselXv                 0x080022e6   Section        0  mpu6050.o(i._Z17MPU6050_GetAcselXv)
    i._Z17MPU6050_GetAcselYv                 0x080022ee   Section        0  mpu6050.o(i._Z17MPU6050_GetAcselYv)
    i._Z17MPU6050_GetAcselZv                 0x080022f6   Section        0  mpu6050.o(i._Z17MPU6050_GetAcselZv)
    i._Z17MPU6050_GetTemperv                 0x080022fe   Section        0  mpu6050.o(i._Z17MPU6050_GetTemperv)
    i._Z17TIM_ETR_SetConfigP11TIM_TypeDefjjj 0x0800231a   Section        0  stm32f4xx_hal_tim.o(i._Z17TIM_ETR_SetConfigP11TIM_TypeDefjjj)
    TIM_ETR_SetConfig(TIM_TypeDef*, unsigned, unsigned, unsigned) 0x0800231b   Thumb Code    20  stm32f4xx_hal_tim.o(i._Z17TIM_ETR_SetConfigP11TIM_TypeDefjjj)
    i._Z18TIM_ITRx_SetConfigP11TIM_TypeDeft  0x0800232e   Section        0  stm32f4xx_hal_tim.o(i._Z18TIM_ITRx_SetConfigP11TIM_TypeDeft)
    TIM_ITRx_SetConfig(TIM_TypeDef*, unsigned short) 0x0800232f   Thumb Code    16  stm32f4xx_hal_tim.o(i._Z18TIM_ITRx_SetConfigP11TIM_TypeDeft)
    i._Z21I2C_MasterRequestReadP17I2C_HandleTypeDeftjj 0x0800233e   Section        0  stm32f4xx_hal_i2c.o(i._Z21I2C_MasterRequestReadP17I2C_HandleTypeDeftjj)
    I2C_MasterRequestRead(I2C_HandleTypeDef*, unsigned short, unsigned, unsigned) 0x0800233f   Thumb Code   222  stm32f4xx_hal_i2c.o(i._Z21I2C_MasterRequestReadP17I2C_HandleTypeDeftjj)
    i._Z21MPU6050_GetInt16Valuehh            0x0800241c   Section        0  mpu6050.o(i._Z21MPU6050_GetInt16Valuehh)
    MPU6050_GetInt16Value(unsigned char, unsigned char) 0x0800241d   Thumb Code    22  mpu6050.o(i._Z21MPU6050_GetInt16Valuehh)
    i._Z21MadgwickAHRSupdateIMUfffffff       0x08002434   Section        0  madgwickahrs.o(i._Z21MadgwickAHRSupdateIMUfffffff)
    i._Z22I2C_MasterRequestWriteP17I2C_HandleTypeDeftjj 0x080026d8   Section        0  stm32f4xx_hal_i2c.o(i._Z22I2C_MasterRequestWriteP17I2C_HandleTypeDeftjj)
    I2C_MasterRequestWrite(I2C_HandleTypeDef*, unsigned short, unsigned, unsigned) 0x080026d9   Thumb Code   142  stm32f4xx_hal_i2c.o(i._Z22I2C_MasterRequestWriteP17I2C_HandleTypeDeftjj)
    i._Z23I2C_IsAcknowledgeFailedP17I2C_HandleTypeDef 0x0800276c   Section        0  stm32f4xx_hal_i2c.o(i._Z23I2C_IsAcknowledgeFailedP17I2C_HandleTypeDef)
    I2C_IsAcknowledgeFailed(I2C_HandleTypeDef*) 0x0800276d   Thumb Code    40  stm32f4xx_hal_i2c.o(i._Z23I2C_IsAcknowledgeFailedP17I2C_HandleTypeDef)
    i._Z24TIM_TI1_ConfigInputStageP11TIM_TypeDefjj 0x08002794   Section        0  stm32f4xx_hal_tim.o(i._Z24TIM_TI1_ConfigInputStageP11TIM_TypeDefjj)
    TIM_TI1_ConfigInputStage(TIM_TypeDef*, unsigned, unsigned) 0x08002795   Thumb Code    34  stm32f4xx_hal_tim.o(i._Z24TIM_TI1_ConfigInputStageP11TIM_TypeDefjj)
    i._Z24TIM_TI2_ConfigInputStageP11TIM_TypeDefjj 0x080027b6   Section        0  stm32f4xx_hal_tim.o(i._Z24TIM_TI2_ConfigInputStageP11TIM_TypeDefjj)
    TIM_TI2_ConfigInputStage(TIM_TypeDef*, unsigned, unsigned) 0x080027b7   Thumb Code    36  stm32f4xx_hal_tim.o(i._Z24TIM_TI2_ConfigInputStageP11TIM_TypeDefjj)
    i._Z26I2C_WaitOnFlagUntilTimeoutP17I2C_HandleTypeDefj10FlagStatusjj 0x080027da   Section        0  stm32f4xx_hal_i2c.o(i._Z26I2C_WaitOnFlagUntilTimeoutP17I2C_HandleTypeDefj10FlagStatusjj)
    I2C_WaitOnFlagUntilTimeout(I2C_HandleTypeDef*, unsigned, FlagStatus, unsigned, unsigned) 0x080027db   Thumb Code    96  stm32f4xx_hal_i2c.o(i._Z26I2C_WaitOnFlagUntilTimeoutP17I2C_HandleTypeDefj10FlagStatusjj)
    i._Z29I2C_WaitOnBTFFlagUntilTimeoutP17I2C_HandleTypeDefjj 0x0800283a   Section        0  stm32f4xx_hal_i2c.o(i._Z29I2C_WaitOnBTFFlagUntilTimeoutP17I2C_HandleTypeDefjj)
    I2C_WaitOnBTFFlagUntilTimeout(I2C_HandleTypeDef*, unsigned, unsigned) 0x0800283b   Thumb Code    78  stm32f4xx_hal_i2c.o(i._Z29I2C_WaitOnBTFFlagUntilTimeoutP17I2C_HandleTypeDefjj)
    i._Z29I2C_WaitOnTXEFlagUntilTimeoutP17I2C_HandleTypeDefjj 0x08002888   Section        0  stm32f4xx_hal_i2c.o(i._Z29I2C_WaitOnTXEFlagUntilTimeoutP17I2C_HandleTypeDefjj)
    I2C_WaitOnTXEFlagUntilTimeout(I2C_HandleTypeDef*, unsigned, unsigned) 0x08002889   Thumb Code    78  stm32f4xx_hal_i2c.o(i._Z29I2C_WaitOnTXEFlagUntilTimeoutP17I2C_HandleTypeDefjj)
    i._Z30I2C_WaitOnRXNEFlagUntilTimeoutP17I2C_HandleTypeDefjj 0x080028d6   Section        0  stm32f4xx_hal_i2c.o(i._Z30I2C_WaitOnRXNEFlagUntilTimeoutP17I2C_HandleTypeDefjj)
    I2C_WaitOnRXNEFlagUntilTimeout(I2C_HandleTypeDef*, unsigned, unsigned) 0x080028d7   Thumb Code    98  stm32f4xx_hal_i2c.o(i._Z30I2C_WaitOnRXNEFlagUntilTimeoutP17I2C_HandleTypeDefjj)
    i._Z39I2C_WaitOnMasterAddressFlagUntilTimeoutP17I2C_HandleTypeDefjjj 0x08002938   Section        0  stm32f4xx_hal_i2c.o(i._Z39I2C_WaitOnMasterAddressFlagUntilTimeoutP17I2C_HandleTypeDefjjj)
    I2C_WaitOnMasterAddressFlagUntilTimeout(I2C_HandleTypeDef*, unsigned, unsigned, unsigned) 0x08002939   Thumb Code   136  stm32f4xx_hal_i2c.o(i._Z39I2C_WaitOnMasterAddressFlagUntilTimeoutP17I2C_HandleTypeDefjjj)
    i._Z4fir1f                               0x080029c0   Section        0  main.o(i._Z4fir1f)
    i._Z4fir2f                               0x08002a2c   Section        0  main.o(i._Z4fir2f)
    i._Z4fir3f                               0x08002a98   Section        0  main.o(i._Z4fir3f)
    i._Z7invSqrtf                            0x08002b04   Section        0  madgwickahrs.o(i._Z7invSqrtf)
    i._Z8I2C_Initv                           0x08002b40   Section        0  i2c.o(i._Z8I2C_Initv)
    i._Z8RCC_Initv                           0x08002ba0   Section        0  main.o(i._Z8RCC_Initv)
    i._Z9TIM1_Initv                          0x08002c40   Section        0  main.o(i._Z9TIM1_Initv)
    i._ZN13CDisplayBased8PutPixelEttt        0x08002ca0   Section        0  cdisplaybased.o(i._ZN13CDisplayBased8PutPixelEttt)
    i._ZN13CDisplayBasedC2Ev                 0x08002cc4   Section        0  cdisplaybased.o(i._ZN13CDisplayBasedC2Ev)
    i._ZN13CDisplayBasedD2Ev                 0x08002cd0   Section        0  cdisplaybased.o(i._ZN13CDisplayBasedD2Ev)
    i._ZN14CDisplayIL932515WriteRegister16Ett 0x08002cd2   Section        0  cdisplayil9325.o(i._ZN14CDisplayIL932515WriteRegister16Ett)
    i._ZN14CDisplayIL93254InitEv             0x08002cf8   Section        0  cdisplayil9325.o(i._ZN14CDisplayIL93254InitEv)
    i._ZN14CDisplayIL93255ResetEv            0x08002e20   Section        0  cdisplayil9325.o(i._ZN14CDisplayIL93255ResetEv)
    i._ZN14CDisplayIL93256CS_OneEv           0x08002e64   Section        0  cdisplayil9325.o(i._ZN14CDisplayIL93256CS_OneEv)
    i._ZN14CDisplayIL93256RD_OneEv           0x08002e74   Section        0  cdisplayil9325.o(i._ZN14CDisplayIL93256RD_OneEv)
    i._ZN14CDisplayIL93256RS_OneEv           0x08002e84   Section        0  cdisplayil9325.o(i._ZN14CDisplayIL93256RS_OneEv)
    i._ZN14CDisplayIL93256WR_OneEv           0x08002e94   Section        0  cdisplayil9325.o(i._ZN14CDisplayIL93256WR_OneEv)
    i._ZN14CDisplayIL93256Write8Eh           0x08002ea4   Section        0  cdisplayil9325.o(i._ZN14CDisplayIL93256Write8Eh)
    i._ZN14CDisplayIL93257CS_ZeroEv          0x08002ebc   Section        0  cdisplayil9325.o(i._ZN14CDisplayIL93257CS_ZeroEv)
    i._ZN14CDisplayIL93257RST_OneEv          0x08002ecc   Section        0  cdisplayil9325.o(i._ZN14CDisplayIL93257RST_OneEv)
    i._ZN14CDisplayIL93257RS_ZeroEv          0x08002edc   Section        0  cdisplayil9325.o(i._ZN14CDisplayIL93257RS_ZeroEv)
    i._ZN14CDisplayIL93257SetDataEh          0x08002eec   Section        0  cdisplayil9325.o(i._ZN14CDisplayIL93257SetDataEh)
    i._ZN14CDisplayIL93257WR_ZeroEv          0x08002f00   Section        0  cdisplayil9325.o(i._ZN14CDisplayIL93257WR_ZeroEv)
    i._ZN14CDisplayIL93257Write16Et          0x08002f10   Section        0  cdisplayil9325.o(i._ZN14CDisplayIL93257Write16Et)
    i._ZN14CDisplayIL93258OutColorEt         0x08002f28   Section        0  cdisplayil9325.o(i._ZN14CDisplayIL93258OutColorEt)
    i._ZN14CDisplayIL93258RST_ZeroEv         0x08002f2c   Section        0  cdisplayil9325.o(i._ZN14CDisplayIL93258RST_ZeroEv)
    i._ZN14CDisplayIL93259SetWindowEtttt     0x08002f3c   Section        0  cdisplayil9325.o(i._ZN14CDisplayIL93259SetWindowEtttt)
    i._ZN14CDisplayIL9325C1Ev                0x08002f9c   Section        0  cdisplayil9325.o(i._ZN14CDisplayIL9325C1Ev)
    i._ZN14CDisplayIL9325D1Ev                0x08002fac   Section        0  cdisplayil9325.o(i._ZN14CDisplayIL9325D1Ev)
    i._ZN14CDisplayMemory4InitEv             0x08002fb0   Section        0  cdisplaymemory.o(i._ZN14CDisplayMemory4InitEv)
    i._ZN14CDisplayMemory8OutColorEt         0x08002fb4   Section        0  cdisplaymemory.o(i._ZN14CDisplayMemory8OutColorEt)
    i._ZN14CDisplayMemory9SetWindowEtttt     0x08003058   Section        0  cdisplaymemory.o(i._ZN14CDisplayMemory9SetWindowEtttt)
    i._ZN14CDisplayMemoryC1Ev                0x0800306c   Section        0  cdisplaymemory.o(i._ZN14CDisplayMemoryC1Ev)
    i._ZN14CDisplayMemoryD1Ev                0x0800308c   Section        0  cdisplaymemory.o(i._ZN14CDisplayMemoryD1Ev)
    i._ZN23CDisplayStandardLibrary17PutSymbolVerticalEiiht 0x08003090   Section        0  cdisplaystandardlibrary.o(i._ZN23CDisplayStandardLibrary17PutSymbolVerticalEiiht)
    i._ZN23CDisplayStandardLibrary19PutSymbolHorizontalEiiht 0x080030f0   Section        0  cdisplaystandardlibrary.o(i._ZN23CDisplayStandardLibrary19PutSymbolHorizontalEiiht)
    i._ZN23CDisplayStandardLibrary5ClearEt   0x08003154   Section        0  cdisplaystandardlibrary.o(i._ZN23CDisplayStandardLibrary5ClearEt)
    i._ZN23CDisplayStandardLibrary9PutStringEiiPKct 0x08003198   Section        0  cdisplaystandardlibrary.o(i._ZN23CDisplayStandardLibrary9PutStringEiiPKct)
    i._ZN23CDisplayStandardLibrary9PutSymbolEiict 0x080031c2   Section        0  cdisplaystandardlibrary.o(i._ZN23CDisplayStandardLibrary9PutSymbolEiict)
    i._ZN23CDisplayStandardLibraryC1EP8IDisplayb 0x080031e6   Section        0  cdisplaystandardlibrary.o(i._ZN23CDisplayStandardLibraryC1EP8IDisplayb)
    i._ZN23CDisplayStandardLibraryD1Ev       0x080031f2   Section        0  cdisplaystandardlibrary.o(i._ZN23CDisplayStandardLibraryD1Ev)
    i.__0sprintf                             0x080031f4   Section        0  printfa.o(i.__0sprintf)
    i.__ARM_fpclassifyf                      0x0800321c   Section        0  fpclassifyf.o(i.__ARM_fpclassifyf)
    i.__cxa_pure_virtual                     0x08003242   Section        0  pure_virt.o(i.__cxa_pure_virtual)
    i.__hardfp_asinf                         0x08003248   Section        0  asinf.o(i.__hardfp_asinf)
    i.__hardfp_atan2f                        0x08003374   Section        0  atan2f.o(i.__hardfp_atan2f)
    i.__mathlib_flt_infnan                   0x080035c4   Section        0  funder.o(i.__mathlib_flt_infnan)
    i.__mathlib_flt_infnan2                  0x080035ca   Section        0  funder.o(i.__mathlib_flt_infnan2)
    i.__mathlib_flt_invalid                  0x080035d0   Section        0  funder.o(i.__mathlib_flt_invalid)
    i.__mathlib_flt_underflow                0x080035e0   Section        0  funder.o(i.__mathlib_flt_underflow)
    i.__scatterload_copy                     0x080035f0   Section       14  handlers.o(i.__scatterload_copy)
    i.__scatterload_null                     0x080035fe   Section        2  handlers.o(i.__scatterload_null)
    i.__scatterload_zeroinit                 0x08003600   Section       14  handlers.o(i.__scatterload_zeroinit)
    i.__set_errno                            0x08003610   Section        0  errno.o(i.__set_errno)
    i.__sti___6_main_c_cDisplay              0x0800361c   Section        0  main.o(i.__sti___6_main_c_cDisplay)
    __sti___6_main_c_cDisplay                0x0800361d   Thumb Code    58  main.o(i.__sti___6_main_c_cDisplay)
    i._fp_digits                             0x08003670   Section        0  printfa.o(i._fp_digits)
    _fp_digits                               0x08003671   Thumb Code   334  printfa.o(i._fp_digits)
    i._printf_core                           0x080037d4   Section        0  printfa.o(i._printf_core)
    _printf_core                             0x080037d5   Thumb Code  1744  printfa.o(i._printf_core)
    i._printf_post_padding                   0x08003eb0   Section        0  printfa.o(i._printf_post_padding)
    _printf_post_padding                     0x08003eb1   Thumb Code    36  printfa.o(i._printf_post_padding)
    i._printf_pre_padding                    0x08003ed4   Section        0  printfa.o(i._printf_pre_padding)
    _printf_pre_padding                      0x08003ed5   Thumb Code    46  printfa.o(i._printf_pre_padding)
    i._sputc                                 0x08003f02   Section        0  printfa.o(i._sputc)
    _sputc                                   0x08003f03   Thumb Code    10  printfa.o(i._sputc)
    i.free                                   0x08003f0c   Section        0  malloc.o(i.free)
    i.main                                   0x08003f5c   Section        0  main.o(i.main)
    i.malloc                                 0x08004214   Section        0  malloc.o(i.malloc)
    i.sqrtf                                  0x08004280   Section        0  sqrtf.o(i.sqrtf)
    .constdata                               0x080042c0   Section      372  main.o(.constdata)
    .constdata                               0x08004434   Section      204  cdisplayil9325.o(.constdata)
    IL9325_InitList                          0x08004434   Data         204  cdisplayil9325.o(.constdata)
    .constdata                               0x08004500   Section     3136  cdisplaystandardlibrary.o(.constdata)
    Font8x14                                 0x08004500   Data        3136  cdisplaystandardlibrary.o(.constdata)
    .constdata                               0x08005140   Section       16  system_stm32f4xx.o(.constdata)
    .constdata                               0x08005150   Section        8  system_stm32f4xx.o(.constdata)
    .constdata__ZTV13CDisplayBased           0x08005158   Section       32  cdisplaybased.o(.constdata__ZTV13CDisplayBased)
    .constdata__ZTV14CDisplayIL9325          0x08005178   Section       32  cdisplayil9325.o(.constdata__ZTV14CDisplayIL9325)
    .constdata__ZTV14CDisplayMemory          0x08005198   Section       32  cdisplaymemory.o(.constdata__ZTV14CDisplayMemory)
    .init_array                              0x080051e8   Section        4  main.o(.init_array)
    .init_array                              0x080051ec   Section        0  cpp_init.o(.init_array)
    .data                                    0x10000000   Section       24  main.o(.data)
    tick                                     0x10000010   Data           4  main.o(.data)
    .data                                    0x10000018   Section       20  madgwickahrs.o(.data)
    .data                                    0x1000002c   Section        4  system_stm32f4xx.o(.data)
    .data                                    0x10000030   Section        4  stm32f4xx_hal.o(.data)
    .data                                    0x10000034   Section        4  errno.o(.data)
    _errno                                   0x10000034   Data           4  errno.o(.data)
    .data                                    0x10000038   Section        4  cpp_dtor.o(.data)
    ddtor_pointer                            0x10000038   Data           4  cpp_dtor.o(.data)
    .data                                    0x1000003c   Section        4  mvars.o(.data)
    .data                                    0x10000040   Section        4  mvars.o(.data)
    .bss                                     0x10000044   Section      672  main.o(.bss)
    x                                        0x100000e0   Data         124  main.o(.bss)
    x                                        0x1000015c   Data         124  main.o(.bss)
    x                                        0x100001d8   Data         124  main.o(.bss)
    .bss                                     0x100002e4   Section       84  i2c.o(.bss)
    hi2c3                                    0x100002e4   Data          84  i2c.o(.bss)
    HEAP                                     0x10000338   Section      512  startup_stm32f407xx.o(HEAP)
    STACK                                    0x10000538   Section     1024  startup_stm32f407xx.o(STACK)
    .bss                                     0x20000000   Section    76800  cdisplaymemory.o(.bss)

    Global Symbols

    Symbol Name                              Value     Ov Type        Size  Object(Section)

    BuildAttributes$$THM_ISAv4$E$P$D$K$B$S$7EM$VFPi3$EXTD16$VFPS$VFMA$PE$A:L22UL41UL21$X:L11$S22US41US21$IEEE1$IW$USESV6$~STKCKD$USESV7$~SHL$OTIME$ROPI$IEEEX$EBA8$UX$MICROLIB$REQ8$PRES8$EABIv2 0x00000000   Number         0  anon$$obj.o ABSOLUTE
    __ARM_use_no_argv                        0x00000000   Number         0  main.o ABSOLUTE
    _printf_a                                0x00000000   Number         0  stubs.o ABSOLUTE
    _printf_c                                0x00000000   Number         0  stubs.o ABSOLUTE
    _printf_charcount                        0x00000000   Number         0  stubs.o ABSOLUTE
    _printf_d                                0x00000000   Number         0  stubs.o ABSOLUTE
    _printf_e                                0x00000000   Number         0  stubs.o ABSOLUTE
    _printf_f                                0x00000000   Number         0  stubs.o ABSOLUTE
    _printf_flags                            0x00000000   Number         0  stubs.o ABSOLUTE
    _printf_fp_dec                           0x00000000   Number         0  stubs.o ABSOLUTE
    _printf_fp_hex                           0x00000000   Number         0  stubs.o ABSOLUTE
    _printf_g                                0x00000000   Number         0  stubs.o ABSOLUTE
    _printf_i                                0x00000000   Number         0  stubs.o ABSOLUTE
    _printf_int_dec                          0x00000000   Number         0  stubs.o ABSOLUTE
    _printf_l                                0x00000000   Number         0  stubs.o ABSOLUTE
    _printf_lc                               0x00000000   Number         0  stubs.o ABSOLUTE
    _printf_ll                               0x00000000   Number         0  stubs.o ABSOLUTE
    _printf_lld                              0x00000000   Number         0  stubs.o ABSOLUTE
    _printf_lli                              0x00000000   Number         0  stubs.o ABSOLUTE
    _printf_llo                              0x00000000   Number         0  stubs.o ABSOLUTE
    _printf_llu                              0x00000000   Number         0  stubs.o ABSOLUTE
    _printf_llx                              0x00000000   Number         0  stubs.o ABSOLUTE
    _printf_longlong_dec                     0x00000000   Number         0  stubs.o ABSOLUTE
    _printf_longlong_hex                     0x00000000   Number         0  stubs.o ABSOLUTE
    _printf_longlong_oct                     0x00000000   Number         0  stubs.o ABSOLUTE
    _printf_ls                               0x00000000   Number         0  stubs.o ABSOLUTE
    _printf_mbtowc                           0x00000000   Number         0  stubs.o ABSOLUTE
    _printf_n                                0x00000000   Number         0  stubs.o ABSOLUTE
    _printf_o                                0x00000000   Number         0  stubs.o ABSOLUTE
    _printf_p                                0x00000000   Number         0  stubs.o ABSOLUTE
    _printf_percent                          0x00000000   Number         0  stubs.o ABSOLUTE
    _printf_pre_padding                      0x00000000   Number         0  stubs.o ABSOLUTE
    _printf_return_value                     0x00000000   Number         0  stubs.o ABSOLUTE
    _printf_s                                0x00000000   Number         0  stubs.o ABSOLUTE
    _printf_sizespec                         0x00000000   Number         0  stubs.o ABSOLUTE
    _printf_str                              0x00000000   Number         0  stubs.o ABSOLUTE
    _printf_truncate_signed                  0x00000000   Number         0  stubs.o ABSOLUTE
    _printf_truncate_unsigned                0x00000000   Number         0  stubs.o ABSOLUTE
    _printf_u                                0x00000000   Number         0  stubs.o ABSOLUTE
    _printf_wc                               0x00000000   Number         0  stubs.o ABSOLUTE
    _printf_wctomb                           0x00000000   Number         0  stubs.o ABSOLUTE
    _printf_widthprec                        0x00000000   Number         0  stubs.o ABSOLUTE
    _printf_x                                0x00000000   Number         0  stubs.o ABSOLUTE
    __ARM::default_unexpected_handler()       - Undefined Weak Reference
    __ARM_exceptions_buffer_required          - Undefined Weak Reference
    __decompress                              - Undefined Weak Reference
    _clock_init                               - Undefined Weak Reference
    _microlib_exit                            - Undefined Weak Reference
    __Vectors_Size                           0x00000188   Number         0  startup_stm32f407xx.o ABSOLUTE
    __Vectors                                0x08000000   Data           4  startup_stm32f407xx.o(RESET)
    __dso_handle                             0x08000000   Number         0  startup_stm32f407xx.o(RESET)
    __Vectors_End                            0x08000188   Data           0  startup_stm32f407xx.o(RESET)
    __main                                   0x08000189   Thumb Code     0  entry.o(.ARM.Collect$$$$00000000)
    _main_stk                                0x08000189   Thumb Code     0  entry2.o(.ARM.Collect$$$$00000001)
    _main_scatterload                        0x0800018d   Thumb Code     0  entry5.o(.ARM.Collect$$$$00000004)
    __main_after_scatterload                 0x08000191   Thumb Code     0  entry5.o(.ARM.Collect$$$$00000004)
    _main_clock                              0x08000191   Thumb Code     0  entry7b.o(.ARM.Collect$$$$00000008)
    _main_cpp_init$empty                     0x08000191   Thumb Code     0  entry8a.o(.ARM.Collect$$$$00000009)
    _main_cpp_init                           0x08000195   Thumb Code     0  entry8b.o(.ARM.Collect$$$$0000000A)
    _main_init                               0x08000195   Thumb Code     0  entry9a.o(.ARM.Collect$$$$0000000B)
    __rt_final_cpp                           0x0800019d   Thumb Code     0  entry10a.o(.ARM.Collect$$$$0000000D)
    __rt_final_cpp$nonempty                  0x0800019d   Thumb Code     0  entry10b.o(.ARM.Collect$$$$0000000E)
    __rt_final_exit                          0x080001a1   Thumb Code     0  entry11a.o(.ARM.Collect$$$$0000000F)
    Reset_Handler                            0x080001a5   Thumb Code     8  startup_stm32f407xx.o(.text)
    ADC_IRQHandler                           0x080001bf   Thumb Code     0  startup_stm32f407xx.o(.text)
    CAN1_RX0_IRQHandler                      0x080001bf   Thumb Code     0  startup_stm32f407xx.o(.text)
    CAN1_RX1_IRQHandler                      0x080001bf   Thumb Code     0  startup_stm32f407xx.o(.text)
    CAN1_SCE_IRQHandler                      0x080001bf   Thumb Code     0  startup_stm32f407xx.o(.text)
    CAN1_TX_IRQHandler                       0x080001bf   Thumb Code     0  startup_stm32f407xx.o(.text)
    CAN2_RX0_IRQHandler                      0x080001bf   Thumb Code     0  startup_stm32f407xx.o(.text)
    CAN2_RX1_IRQHandler                      0x080001bf   Thumb Code     0  startup_stm32f407xx.o(.text)
    CAN2_SCE_IRQHandler                      0x080001bf   Thumb Code     0  startup_stm32f407xx.o(.text)
    CAN2_TX_IRQHandler                       0x080001bf   Thumb Code     0  startup_stm32f407xx.o(.text)
    DCMI_IRQHandler                          0x080001bf   Thumb Code     0  startup_stm32f407xx.o(.text)
    DMA1_Stream0_IRQHandler                  0x080001bf   Thumb Code     0  startup_stm32f407xx.o(.text)
    DMA1_Stream1_IRQHandler                  0x080001bf   Thumb Code     0  startup_stm32f407xx.o(.text)
    DMA1_Stream2_IRQHandler                  0x080001bf   Thumb Code     0  startup_stm32f407xx.o(.text)
    DMA1_Stream3_IRQHandler                  0x080001bf   Thumb Code     0  startup_stm32f407xx.o(.text)
    DMA1_Stream4_IRQHandler                  0x080001bf   Thumb Code     0  startup_stm32f407xx.o(.text)
    DMA1_Stream5_IRQHandler                  0x080001bf   Thumb Code     0  startup_stm32f407xx.o(.text)
    DMA1_Stream6_IRQHandler                  0x080001bf   Thumb Code     0  startup_stm32f407xx.o(.text)
    DMA1_Stream7_IRQHandler                  0x080001bf   Thumb Code     0  startup_stm32f407xx.o(.text)
    DMA2_Stream0_IRQHandler                  0x080001bf   Thumb Code     0  startup_stm32f407xx.o(.text)
    DMA2_Stream1_IRQHandler                  0x080001bf   Thumb Code     0  startup_stm32f407xx.o(.text)
    DMA2_Stream2_IRQHandler                  0x080001bf   Thumb Code     0  startup_stm32f407xx.o(.text)
    DMA2_Stream3_IRQHandler                  0x080001bf   Thumb Code     0  startup_stm32f407xx.o(.text)
    DMA2_Stream4_IRQHandler                  0x080001bf   Thumb Code     0  startup_stm32f407xx.o(.text)
    DMA2_Stream5_IRQHandler                  0x080001bf   Thumb Code     0  startup_stm32f407xx.o(.text)
    DMA2_Stream6_IRQHandler                  0x080001bf   Thumb Code     0  startup_stm32f407xx.o(.text)
    DMA2_Stream7_IRQHandler                  0x080001bf   Thumb Code     0  startup_stm32f407xx.o(.text)
    ETH_IRQHandler                           0x080001bf   Thumb Code     0  startup_stm32f407xx.o(.text)
    ETH_WKUP_IRQHandler                      0x080001bf   Thumb Code     0  startup_stm32f407xx.o(.text)
    EXTI0_IRQHandler                         0x080001bf   Thumb Code     0  startup_stm32f407xx.o(.text)
    EXTI15_10_IRQHandler                     0x080001bf   Thumb Code     0  startup_stm32f407xx.o(.text)
    EXTI1_IRQHandler                         0x080001bf   Thumb Code     0  startup_stm32f407xx.o(.text)
    EXTI2_IRQHandler                         0x080001bf   Thumb Code     0  startup_stm32f407xx.o(.text)
    EXTI3_IRQHandler                         0x080001bf   Thumb Code     0  startup_stm32f407xx.o(.text)
    EXTI4_IRQHandler                         0x080001bf   Thumb Code     0  startup_stm32f407xx.o(.text)
    EXTI9_5_IRQHandler                       0x080001bf   Thumb Code     0  startup_stm32f407xx.o(.text)
    FLASH_IRQHandler                         0x080001bf   Thumb Code     0  startup_stm32f407xx.o(.text)
    FMC_IRQHandler                           0x080001bf   Thumb Code     0  startup_stm32f407xx.o(.text)
    FPU_IRQHandler                           0x080001bf   Thumb Code     0  startup_stm32f407xx.o(.text)
    HASH_RNG_IRQHandler                      0x080001bf   Thumb Code     0  startup_stm32f407xx.o(.text)
    I2C1_ER_IRQHandler                       0x080001bf   Thumb Code     0  startup_stm32f407xx.o(.text)
    I2C1_EV_IRQHandler                       0x080001bf   Thumb Code     0  startup_stm32f407xx.o(.text)
    I2C2_ER_IRQHandler                       0x080001bf   Thumb Code     0  startup_stm32f407xx.o(.text)
    I2C2_EV_IRQHandler                       0x080001bf   Thumb Code     0  startup_stm32f407xx.o(.text)
    I2C3_ER_IRQHandler                       0x080001bf   Thumb Code     0  startup_stm32f407xx.o(.text)
    I2C3_EV_IRQHandler                       0x080001bf   Thumb Code     0  startup_stm32f407xx.o(.text)
    OTG_FS_IRQHandler                        0x080001bf   Thumb Code     0  startup_stm32f407xx.o(.text)
    OTG_FS_WKUP_IRQHandler                   0x080001bf   Thumb Code     0  startup_stm32f407xx.o(.text)
    OTG_HS_EP1_IN_IRQHandler                 0x080001bf   Thumb Code     0  startup_stm32f407xx.o(.text)
    OTG_HS_EP1_OUT_IRQHandler                0x080001bf   Thumb Code     0  startup_stm32f407xx.o(.text)
    OTG_HS_IRQHandler                        0x080001bf   Thumb Code     0  startup_stm32f407xx.o(.text)
    OTG_HS_WKUP_IRQHandler                   0x080001bf   Thumb Code     0  startup_stm32f407xx.o(.text)
    PVD_IRQHandler                           0x080001bf   Thumb Code     0  startup_stm32f407xx.o(.text)
    RCC_IRQHandler                           0x080001bf   Thumb Code     0  startup_stm32f407xx.o(.text)
    RTC_Alarm_IRQHandler                     0x080001bf   Thumb Code     0  startup_stm32f407xx.o(.text)
    RTC_WKUP_IRQHandler                      0x080001bf   Thumb Code     0  startup_stm32f407xx.o(.text)
    SDIO_IRQHandler                          0x080001bf   Thumb Code     0  startup_stm32f407xx.o(.text)
    SPI1_IRQHandler                          0x080001bf   Thumb Code     0  startup_stm32f407xx.o(.text)
    SPI2_IRQHandler                          0x080001bf   Thumb Code     0  startup_stm32f407xx.o(.text)
    SPI3_IRQHandler                          0x080001bf   Thumb Code     0  startup_stm32f407xx.o(.text)
    TAMP_STAMP_IRQHandler                    0x080001bf   Thumb Code     0  startup_stm32f407xx.o(.text)
    TIM1_BRK_TIM9_IRQHandler                 0x080001bf   Thumb Code     0  startup_stm32f407xx.o(.text)
    TIM1_CC_IRQHandler                       0x080001bf   Thumb Code     0  startup_stm32f407xx.o(.text)
    TIM1_TRG_COM_TIM11_IRQHandler            0x080001bf   Thumb Code     0  startup_stm32f407xx.o(.text)
    TIM2_IRQHandler                          0x080001bf   Thumb Code     0  startup_stm32f407xx.o(.text)
    TIM3_IRQHandler                          0x080001bf   Thumb Code     0  startup_stm32f407xx.o(.text)
    TIM4_IRQHandler                          0x080001bf   Thumb Code     0  startup_stm32f407xx.o(.text)
    TIM5_IRQHandler                          0x080001bf   Thumb Code     0  startup_stm32f407xx.o(.text)
    TIM6_DAC_IRQHandler                      0x080001bf   Thumb Code     0  startup_stm32f407xx.o(.text)
    TIM7_IRQHandler                          0x080001bf   Thumb Code     0  startup_stm32f407xx.o(.text)
    TIM8_BRK_TIM12_IRQHandler                0x080001bf   Thumb Code     0  startup_stm32f407xx.o(.text)
    TIM8_CC_IRQHandler                       0x080001bf   Thumb Code     0  startup_stm32f407xx.o(.text)
    TIM8_TRG_COM_TIM14_IRQHandler            0x080001bf   Thumb Code     0  startup_stm32f407xx.o(.text)
    TIM8_UP_TIM13_IRQHandler                 0x080001bf   Thumb Code     0  startup_stm32f407xx.o(.text)
    UART4_IRQHandler                         0x080001bf   Thumb Code     0  startup_stm32f407xx.o(.text)
    UART5_IRQHandler                         0x080001bf   Thumb Code     0  startup_stm32f407xx.o(.text)
    USART1_IRQHandler                        0x080001bf   Thumb Code     0  startup_stm32f407xx.o(.text)
    USART2_IRQHandler                        0x080001bf   Thumb Code     0  startup_stm32f407xx.o(.text)
    USART3_IRQHandler                        0x080001bf   Thumb Code     0  startup_stm32f407xx.o(.text)
    USART6_IRQHandler                        0x080001bf   Thumb Code     0  startup_stm32f407xx.o(.text)
    WWDG_IRQHandler                          0x080001bf   Thumb Code     0  startup_stm32f407xx.o(.text)
    __aeabi_memcpy                           0x080001c9   Thumb Code    36  memcpya.o(.text)
    __aeabi_memcpy4                          0x080001c9   Thumb Code     0  memcpya.o(.text)
    __aeabi_memcpy8                          0x080001c9   Thumb Code     0  memcpya.o(.text)
    __cpp_initialize__aeabi_                 0x080001ed   Thumb Code    22  cpp_init.o(.text)
    __aeabi_atexit                           0x0800020d   Thumb Code    46  aeabi_atexit.o(.text)
    __aeabi_dadd                             0x0800023b   Thumb Code   322  dadd.o(.text)
    __aeabi_dsub                             0x0800037d   Thumb Code     6  dadd.o(.text)
    __aeabi_drsub                            0x08000383   Thumb Code     6  dadd.o(.text)
    __aeabi_dmul                             0x08000389   Thumb Code   228  dmul.o(.text)
    __aeabi_ddiv                             0x0800046d   Thumb Code   222  ddiv.o(.text)
    __aeabi_f2d                              0x0800054b   Thumb Code    38  f2d.o(.text)
    __aeabi_d2f                              0x08000571   Thumb Code    56  d2f.o(.text)
    __aeabi_uidiv                            0x080005a9   Thumb Code     0  uidiv.o(.text)
    __aeabi_uidivmod                         0x080005a9   Thumb Code    44  uidiv.o(.text)
    __aeabi_uldivmod                         0x080005d5   Thumb Code    98  uldiv.o(.text)
    __aeabi_llsl                             0x08000637   Thumb Code    30  llshl.o(.text)
    _ll_shift_l                              0x08000637   Thumb Code     0  llshl.o(.text)
    __aeabi_lasr                             0x08000655   Thumb Code    36  llsshr.o(.text)
    _ll_sshift_r                             0x08000655   Thumb Code     0  llsshr.o(.text)
    __I$use$fp                               0x08000679   Thumb Code     0  iusefp.o(.text)
    __rt_ddtor_pointer_addr                  0x08000679   Thumb Code     4  cpp_dtor.o(.text)
    __rt_SIGPVFN                             0x08000681   Thumb Code     2  cpp_signal.o(.text)
    __cxa_finalize                           0x08000683   Thumb Code    66  cxa_finalize.o(.text)
    _float_round                             0x080006c5   Thumb Code    18  fepilogue.o(.text)
    _float_epilogue                          0x080006d7   Thumb Code    92  fepilogue.o(.text)
    _double_round                            0x08000733   Thumb Code    30  depilogue.o(.text)
    _double_epilogue                         0x08000751   Thumb Code   156  depilogue.o(.text)
    __aeabi_d2ulz                            0x080007ed   Thumb Code    48  dfixul.o(.text)
    __aeabi_cdrcmple                         0x0800081d   Thumb Code    48  cdrcmple.o(.text)
    __scatterload                            0x0800084d   Thumb Code    28  init.o(.text)
    __scatterload_rt2                        0x0800084d   Thumb Code     0  init.o(.text)
    __aeabi_llsr                             0x08000871   Thumb Code    32  llushr.o(.text)
    _ll_ushift_r                             0x08000871   Thumb Code     0  llushr.o(.text)
    __rt_lib_shutdown_cpp_2                  0x08000891   Thumb Code     2  cpp_final.o(.text)
    BusFault_Handler                         0x08000893   Thumb Code     2  stm32f4xx_it.o(i.BusFault_Handler)
    DebugMon_Handler                         0x08000895   Thumb Code     2  stm32f4xx_it.o(i.DebugMon_Handler)
    HAL_Delay                                0x08000897   Thumb Code    28  stm32f4xx_hal.o(i.HAL_Delay)
    HAL_GPIO_Init                            0x080008b5   Thumb Code   388  stm32f4xx_hal_gpio.o(i.HAL_GPIO_Init)
    HAL_GPIO_WritePin                        0x08000a65   Thumb Code    10  stm32f4xx_hal_gpio.o(i.HAL_GPIO_WritePin)
    HAL_GetTick                              0x08000a71   Thumb Code     6  stm32f4xx_hal.o(i.HAL_GetTick)
    HAL_I2C_GetError                         0x08000a7d   Thumb Code     4  stm32f4xx_hal_i2c.o(i.HAL_I2C_GetError)
    HAL_I2C_GetState                         0x08000a81   Thumb Code     6  stm32f4xx_hal_i2c.o(i.HAL_I2C_GetState)
    HAL_I2C_Init                             0x08000a89   Thumb Code   254  stm32f4xx_hal_i2c.o(i.HAL_I2C_Init)
    HAL_I2C_Master_Receive                   0x08000b91   Thumb Code   474  stm32f4xx_hal_i2c.o(i.HAL_I2C_Master_Receive)
    HAL_I2C_Master_Transmit                  0x08000d79   Thumb Code   304  stm32f4xx_hal_i2c.o(i.HAL_I2C_Master_Transmit)
    HAL_I2C_MspInit                          0x08000eb1   Thumb Code    70  stm32f4xx_hal_msp.o(i.HAL_I2C_MspInit)
    HAL_IncTick                              0x08000f09   Thumb Code    10  stm32f4xx_hal.o(i.HAL_IncTick)
    HAL_Init                                 0x08000f19   Thumb Code    48  stm32f4xx_hal.o(i.HAL_Init)
    HAL_InitTick                             0x08000f4d   Thumb Code    34  stm32f4xx_hal.o(i.HAL_InitTick)
    HAL_MspInit                              0x08000f75   Thumb Code    88  stm32f4xx_hal_msp.o(i.HAL_MspInit)
    HAL_NVIC_EnableIRQ                       0x08000fcd   Thumb Code    22  stm32f4xx_hal_cortex.o(i.HAL_NVIC_EnableIRQ)
    HAL_NVIC_SetPriority                     0x08000fe5   Thumb Code    60  stm32f4xx_hal_cortex.o(i.HAL_NVIC_SetPriority)
    HAL_NVIC_SetPriorityGrouping             0x08001025   Thumb Code    26  stm32f4xx_hal_cortex.o(i.HAL_NVIC_SetPriorityGrouping)
    HAL_RCC_ClockConfig                      0x08001049   Thumb Code   364  stm32f4xx_hal_rcc.o(i.HAL_RCC_ClockConfig)
    HAL_RCC_GetHCLKFreq                      0x080011c5   Thumb Code     6  stm32f4xx_hal_rcc.o(i.HAL_RCC_GetHCLKFreq)
    HAL_RCC_GetPCLK1Freq                     0x080011d1   Thumb Code    34  stm32f4xx_hal_rcc.o(i.HAL_RCC_GetPCLK1Freq)
    HAL_RCC_GetSysClockFreq                  0x08001201   Thumb Code   104  stm32f4xx_hal_rcc.o(i.HAL_RCC_GetSysClockFreq)
    HAL_RCC_OscConfig                        0x08001271   Thumb Code   770  stm32f4xx_hal_rcc.o(i.HAL_RCC_OscConfig)
    HAL_SYSTICK_CLKSourceConfig              0x08001585   Thumb Code    24  stm32f4xx_hal_cortex.o(i.HAL_SYSTICK_CLKSourceConfig)
    HAL_SYSTICK_Callback                     0x0800159d   Thumb Code     2  stm32f4xx_hal_cortex.o(i.HAL_SYSTICK_Callback)
    HAL_SYSTICK_Config                       0x0800159f   Thumb Code    40  stm32f4xx_hal_cortex.o(i.HAL_SYSTICK_Config)
    HAL_SYSTICK_IRQHandler                   0x080015c7   Thumb Code     8  stm32f4xx_hal_cortex.o(i.HAL_SYSTICK_IRQHandler)
    HAL_TIMEx_BreakCallback                  0x080015cf   Thumb Code     2  stm32f4xx_hal_tim_ex.o(i.HAL_TIMEx_BreakCallback)
    HAL_TIMEx_CommutationCallback            0x080015d1   Thumb Code     2  stm32f4xx_hal_tim_ex.o(i.HAL_TIMEx_CommutationCallback)
    HAL_TIMEx_MasterConfigSynchronization    0x080015d3   Thumb Code    80  stm32f4xx_hal_tim_ex.o(i.HAL_TIMEx_MasterConfigSynchronization)
    HAL_TIM_Base_Init                        0x08001623   Thumb Code    54  stm32f4xx_hal_tim.o(i.HAL_TIM_Base_Init)
    HAL_TIM_Base_MspInit                     0x08001659   Thumb Code    50  stm32f4xx_hal_msp.o(i.HAL_TIM_Base_MspInit)
    HAL_TIM_Base_Start_IT                    0x08001695   Thumb Code    24  stm32f4xx_hal_tim.o(i.HAL_TIM_Base_Start_IT)
    HAL_TIM_ConfigClockSource                0x080016ad   Thumb Code   242  stm32f4xx_hal_tim.o(i.HAL_TIM_ConfigClockSource)
    HAL_TIM_IC_CaptureCallback               0x0800179f   Thumb Code     2  stm32f4xx_hal_tim.o(i.HAL_TIM_IC_CaptureCallback)
    HAL_TIM_IRQHandler                       0x080017a1   Thumb Code   358  stm32f4xx_hal_tim.o(i.HAL_TIM_IRQHandler)
    HAL_TIM_OC_DelayElapsedCallback          0x08001907   Thumb Code     2  stm32f4xx_hal_tim.o(i.HAL_TIM_OC_DelayElapsedCallback)
    HAL_TIM_PWM_PulseFinishedCallback        0x08001909   Thumb Code     2  stm32f4xx_hal_tim.o(i.HAL_TIM_PWM_PulseFinishedCallback)
    HAL_TIM_PeriodElapsedCallback            0x0800190d   Thumb Code  1338  main.o(i.HAL_TIM_PeriodElapsedCallback)
    HAL_TIM_TriggerCallback                  0x08001e51   Thumb Code     2  stm32f4xx_hal_tim.o(i.HAL_TIM_TriggerCallback)
    HardFault_Handler                        0x08001e53   Thumb Code     2  stm32f4xx_it.o(i.HardFault_Handler)
    MemManage_Handler                        0x08001e55   Thumb Code     2  stm32f4xx_it.o(i.MemManage_Handler)
    NMI_Handler                              0x08001e57   Thumb Code     2  stm32f4xx_it.o(i.NMI_Handler)
    PendSV_Handler                           0x08001e59   Thumb Code     2  stm32f4xx_it.o(i.PendSV_Handler)
    SVC_Handler                              0x08001e5b   Thumb Code     2  stm32f4xx_it.o(i.SVC_Handler)
    SysTick_Handler                          0x08001e5d   Thumb Code    14  stm32f4xx_it.o(i.SysTick_Handler)
    SystemInit                               0x08001e6d   Thumb Code    66  system_stm32f4xx.o(i.SystemInit)
    TIM1_UP_TIM10_IRQHandler                 0x08001ec1   Thumb Code     6  stm32f4xx_it.o(i.TIM1_UP_TIM10_IRQHandler)
    TIM_Base_SetConfig                       0x08001ecd   Thumb Code   148  stm32f4xx_hal_tim.o(i.TIM_Base_SetConfig)
    UsageFault_Handler                       0x08001f8d   Thumb Code     2  stm32f4xx_it.o(i.UsageFault_Handler)
    quat2Euler(float*, float*)               0x08001f91   Thumb Code   260  madgwickahrs.o(i._Z10quat2EulerPfS_)
    MPU6050_Init()                           0x080020a5   Thumb Code   334  mpu6050.o(i._Z12MPU6050_Initv)
    I2C_ReadBuffer(unsigned char, unsigned char, unsigned char*, unsigned char) 0x080021f5   Thumb Code    74  i2c.o(i._Z14I2C_ReadBufferhhPhh)
    I2C_WriteBuffer(unsigned char, unsigned char*, unsigned char) 0x08002245   Thumb Code    60  i2c.o(i._Z15I2C_WriteBufferhPhh)
    MPU6050_GetGyroX()                       0x08002285   Thumb Code     8  mpu6050.o(i._Z16MPU6050_GetGyroXv)
    MPU6050_GetGyroY()                       0x0800228d   Thumb Code     8  mpu6050.o(i._Z16MPU6050_GetGyroYv)
    MPU6050_GetGyroZ()                       0x08002295   Thumb Code     8  mpu6050.o(i._Z16MPU6050_GetGyroZv)
    MPU6050_GetAcselX()                      0x080022e7   Thumb Code     8  mpu6050.o(i._Z17MPU6050_GetAcselXv)
    MPU6050_GetAcselY()                      0x080022ef   Thumb Code     8  mpu6050.o(i._Z17MPU6050_GetAcselYv)
    MPU6050_GetAcselZ()                      0x080022f7   Thumb Code     8  mpu6050.o(i._Z17MPU6050_GetAcselZv)
    MPU6050_GetTemper()                      0x080022ff   Thumb Code    28  mpu6050.o(i._Z17MPU6050_GetTemperv)
    MadgwickAHRSupdateIMU(float, float, float, float, float, float, float) 0x08002435   Thumb Code   672  madgwickahrs.o(i._Z21MadgwickAHRSupdateIMUfffffff)
    fir1(float)                              0x080029c1   Thumb Code    94  main.o(i._Z4fir1f)
    fir2(float)                              0x08002a2d   Thumb Code    94  main.o(i._Z4fir2f)
    fir3(float)                              0x08002a99   Thumb Code    94  main.o(i._Z4fir3f)
    invSqrt(float)                           0x08002b05   Thumb Code    56  madgwickahrs.o(i._Z7invSqrtf)
    I2C_Init()                               0x08002b41   Thumb Code    80  i2c.o(i._Z8I2C_Initv)
    RCC_Init()                               0x08002ba1   Thumb Code   150  main.o(i._Z8RCC_Initv)
    TIM1_Init()                              0x08002c41   Thumb Code    86  main.o(i._Z9TIM1_Initv)
    CDisplayBased::PutPixel(unsigned short, unsigned short, unsigned short) 0x08002ca1   Thumb Code    34  cdisplaybased.o(i._ZN13CDisplayBased8PutPixelEttt)
    CDisplayBased::CDisplayBased__sub_object() 0x08002cc5   Thumb Code     6  cdisplaybased.o(i._ZN13CDisplayBasedC2Ev)
    CDisplayBased::~CDisplayBased()          0x08002cd1   Thumb Code     0  cdisplaybased.o(i._ZN13CDisplayBasedD2Ev)
    CDisplayBased::~CDisplayBased__sub_object() 0x08002cd1   Thumb Code     2  cdisplaybased.o(i._ZN13CDisplayBasedD2Ev)
    CDisplayIL9325::WriteRegister16(unsigned short, unsigned short) 0x08002cd3   Thumb Code    38  cdisplayil9325.o(i._ZN14CDisplayIL932515WriteRegister16Ett)
    CDisplayIL9325::Init()                   0x08002cf9   Thumb Code   284  cdisplayil9325.o(i._ZN14CDisplayIL93254InitEv)
    CDisplayIL9325::Reset()                  0x08002e21   Thumb Code    66  cdisplayil9325.o(i._ZN14CDisplayIL93255ResetEv)
    CDisplayIL9325::CS_One()                 0x08002e65   Thumb Code    10  cdisplayil9325.o(i._ZN14CDisplayIL93256CS_OneEv)
    CDisplayIL9325::RD_One()                 0x08002e75   Thumb Code    10  cdisplayil9325.o(i._ZN14CDisplayIL93256RD_OneEv)
    CDisplayIL9325::RS_One()                 0x08002e85   Thumb Code    10  cdisplayil9325.o(i._ZN14CDisplayIL93256RS_OneEv)
    CDisplayIL9325::WR_One()                 0x08002e95   Thumb Code    10  cdisplayil9325.o(i._ZN14CDisplayIL93256WR_OneEv)
    CDisplayIL9325::Write8(unsigned char)    0x08002ea5   Thumb Code    24  cdisplayil9325.o(i._ZN14CDisplayIL93256Write8Eh)
    CDisplayIL9325::CS_Zero()                0x08002ebd   Thumb Code    12  cdisplayil9325.o(i._ZN14CDisplayIL93257CS_ZeroEv)
    CDisplayIL9325::RST_One()                0x08002ecd   Thumb Code    10  cdisplayil9325.o(i._ZN14CDisplayIL93257RST_OneEv)
    CDisplayIL9325::RS_Zero()                0x08002edd   Thumb Code    12  cdisplayil9325.o(i._ZN14CDisplayIL93257RS_ZeroEv)
    CDisplayIL9325::SetData(unsigned char)   0x08002eed   Thumb Code    16  cdisplayil9325.o(i._ZN14CDisplayIL93257SetDataEh)
    CDisplayIL9325::WR_Zero()                0x08002f01   Thumb Code    12  cdisplayil9325.o(i._ZN14CDisplayIL93257WR_ZeroEv)
    CDisplayIL9325::Write16(unsigned short)  0x08002f11   Thumb Code    24  cdisplayil9325.o(i._ZN14CDisplayIL93257Write16Et)
    CDisplayIL9325::OutColor(unsigned short) 0x08002f29   Thumb Code     4  cdisplayil9325.o(i._ZN14CDisplayIL93258OutColorEt)
    CDisplayIL9325::RST_Zero()               0x08002f2d   Thumb Code    10  cdisplayil9325.o(i._ZN14CDisplayIL93258RST_ZeroEv)
    CDisplayIL9325::SetWindow(unsigned short, unsigned short, unsigned short, unsigned short) 0x08002f3d   Thumb Code    96  cdisplayil9325.o(i._ZN14CDisplayIL93259SetWindowEtttt)
    CDisplayIL9325::CDisplayIL9325()         0x08002f9d   Thumb Code    12  cdisplayil9325.o(i._ZN14CDisplayIL9325C1Ev)
    CDisplayIL9325::CDisplayIL9325__sub_object() 0x08002f9d   Thumb Code     0  cdisplayil9325.o(i._ZN14CDisplayIL9325C1Ev)
    CDisplayIL9325::~CDisplayIL9325()        0x08002fad   Thumb Code     4  cdisplayil9325.o(i._ZN14CDisplayIL9325D1Ev)
    CDisplayIL9325::~CDisplayIL9325__sub_object() 0x08002fad   Thumb Code     0  cdisplayil9325.o(i._ZN14CDisplayIL9325D1Ev)
    CDisplayMemory::Init()                   0x08002fb1   Thumb Code     2  cdisplaymemory.o(i._ZN14CDisplayMemory4InitEv)
    CDisplayMemory::OutColor(unsigned short) 0x08002fb5   Thumb Code   160  cdisplaymemory.o(i._ZN14CDisplayMemory8OutColorEt)
    CDisplayMemory::SetWindow(unsigned short, unsigned short, unsigned short, unsigned short) 0x08003059   Thumb Code    18  cdisplaymemory.o(i._ZN14CDisplayMemory9SetWindowEtttt)
    CDisplayMemory::CDisplayMemory()         0x0800306d   Thumb Code    26  cdisplaymemory.o(i._ZN14CDisplayMemoryC1Ev)
    CDisplayMemory::CDisplayMemory__sub_object() 0x0800306d   Thumb Code     0  cdisplaymemory.o(i._ZN14CDisplayMemoryC1Ev)
    CDisplayMemory::~CDisplayMemory()        0x0800308d   Thumb Code     4  cdisplaymemory.o(i._ZN14CDisplayMemoryD1Ev)
    CDisplayMemory::~CDisplayMemory__sub_object() 0x0800308d   Thumb Code     0  cdisplaymemory.o(i._ZN14CDisplayMemoryD1Ev)
    CDisplayStandardLibrary::PutSymbolVertical(int, int, unsigned char, unsigned short) 0x08003091   Thumb Code    90  cdisplaystandardlibrary.o(i._ZN23CDisplayStandardLibrary17PutSymbolVerticalEiiht)
    CDisplayStandardLibrary::PutSymbolHorizontal(int, int, unsigned char, unsigned short) 0x080030f1   Thumb Code    94  cdisplaystandardlibrary.o(i._ZN23CDisplayStandardLibrary19PutSymbolHorizontalEiiht)
    CDisplayStandardLibrary::Clear(unsigned short) 0x08003155   Thumb Code    68  cdisplaystandardlibrary.o(i._ZN23CDisplayStandardLibrary5ClearEt)
    CDisplayStandardLibrary::PutString(int, int, const char*, unsigned short) 0x08003199   Thumb Code    42  cdisplaystandardlibrary.o(i._ZN23CDisplayStandardLibrary9PutStringEiiPKct)
    CDisplayStandardLibrary::PutSymbol(int, int, char, unsigned short) 0x080031c3   Thumb Code    36  cdisplaystandardlibrary.o(i._ZN23CDisplayStandardLibrary9PutSymbolEiict)
    CDisplayStandardLibrary::CDisplayStandardLibrary(IDisplay*, bool) 0x080031e7   Thumb Code    12  cdisplaystandardlibrary.o(i._ZN23CDisplayStandardLibraryC1EP8IDisplayb)
    CDisplayStandardLibrary::CDisplayStandardLibrary__sub_object(IDisplay*, bool) 0x080031e7   Thumb Code     0  cdisplaystandardlibrary.o(i._ZN23CDisplayStandardLibraryC1EP8IDisplayb)
    CDisplayStandardLibrary::~CDisplayStandardLibrary() 0x080031f3   Thumb Code     2  cdisplaystandardlibrary.o(i._ZN23CDisplayStandardLibraryD1Ev)
    CDisplayStandardLibrary::~CDisplayStandardLibrary__sub_object() 0x080031f3   Thumb Code     0  cdisplaystandardlibrary.o(i._ZN23CDisplayStandardLibraryD1Ev)
    __0sprintf                               0x080031f5   Thumb Code    34  printfa.o(i.__0sprintf)
    __1sprintf                               0x080031f5   Thumb Code     0  printfa.o(i.__0sprintf)
    __2sprintf                               0x080031f5   Thumb Code     0  printfa.o(i.__0sprintf)
    __c89sprintf                             0x080031f5   Thumb Code     0  printfa.o(i.__0sprintf)
    sprintf                                  0x080031f5   Thumb Code     0  printfa.o(i.__0sprintf)
    __ARM_fpclassifyf                        0x0800321d   Thumb Code    38  fpclassifyf.o(i.__ARM_fpclassifyf)
    __cxa_pure_virtual                       0x08003243   Thumb Code     6  pure_virt.o(i.__cxa_pure_virtual)
    __hardfp_asinf                           0x08003249   Thumb Code   258  asinf.o(i.__hardfp_asinf)
    __hardfp_atan2f                          0x08003375   Thumb Code   502  atan2f.o(i.__hardfp_atan2f)
    __mathlib_flt_infnan                     0x080035c5   Thumb Code     6  funder.o(i.__mathlib_flt_infnan)
    __mathlib_flt_infnan2                    0x080035cb   Thumb Code     6  funder.o(i.__mathlib_flt_infnan2)
    __mathlib_flt_invalid                    0x080035d1   Thumb Code    10  funder.o(i.__mathlib_flt_invalid)
    __mathlib_flt_underflow                  0x080035e1   Thumb Code    10  funder.o(i.__mathlib_flt_underflow)
    __scatterload_copy                       0x080035f1   Thumb Code    14  handlers.o(i.__scatterload_copy)
    __scatterload_null                       0x080035ff   Thumb Code     2  handlers.o(i.__scatterload_null)
    __scatterload_zeroinit                   0x08003601   Thumb Code    14  handlers.o(i.__scatterload_zeroinit)
    __set_errno                              0x08003611   Thumb Code     6  errno.o(i.__set_errno)
    free                                     0x08003f0d   Thumb Code    76  malloc.o(i.free)
    main                                     0x08003f5d   Thumb Code   552  main.o(i.main)
    malloc                                   0x08004215   Thumb Code    92  malloc.o(i.malloc)
    sqrtf                                    0x08004281   Thumb Code    62  sqrtf.o(i.sqrtf)
    AHBPrescTable                            0x08005140   Data          16  system_stm32f4xx.o(.constdata)
    APBPrescTable                            0x08005150   Data           8  system_stm32f4xx.o(.constdata)
    vtable for CDisplayBased                 0x08005158   Data          32  cdisplaybased.o(.constdata__ZTV13CDisplayBased)
    vtable for CDisplayIL9325                0x08005178   Data          32  cdisplayil9325.o(.constdata__ZTV14CDisplayIL9325)
    vtable for CDisplayMemory                0x08005198   Data          32  cdisplaymemory.o(.constdata__ZTV14CDisplayMemory)
    Region$$Table$$Base                      0x080051b8   Number         0  anon$$obj.o(Region$$Table)
    Region$$Table$$Limit                     0x080051e8   Number         0  anon$$obj.o(Region$$Table)
    SHT$$INIT_ARRAY$$Base                    0x080051e8   Number         0  main.o(.init_array)
    SHT$$INIT_ARRAY$$Limit                   0x080051ec   Number         0  cpp_init.o(.init_array)
    change_cmin                              0x10000000   Data           3  main.o(.data)
    change_cmax                              0x10000003   Data           3  main.o(.data)
    iDisplay_Ptr                             0x10000008   Data           4  main.o(.data)
    iDisplay_MemoryPtr                       0x1000000c   Data           4  main.o(.data)
    cDisplay                                 0x10000014   Data           4  main.o(.data)
    beta                                     0x10000018   Data           4  madgwickahrs.o(.data)
    q0                                       0x1000001c   Data           4  madgwickahrs.o(.data)
    q1                                       0x10000020   Data           4  madgwickahrs.o(.data)
    q2                                       0x10000024   Data           4  madgwickahrs.o(.data)
    q3                                       0x10000028   Data           4  madgwickahrs.o(.data)
    SystemCoreClock                          0x1000002c   Data           4  system_stm32f4xx.o(.data)
    uwTick                                   0x10000030   Data           4  stm32f4xx_hal.o(.data)
    __microlib_freelist                      0x1000003c   Data           4  mvars.o(.data)
    __microlib_freelist_initialised          0x10000040   Data           4  mvars.o(.data)
    max                                      0x10000044   Data          12  main.o(.bss)
    min                                      0x10000050   Data          12  main.o(.bss)
    cmax                                     0x1000005c   Data          12  main.o(.bss)
    cmin                                     0x10000068   Data          12  main.o(.bss)
    ctmax                                    0x10000074   Data          12  main.o(.bss)
    ctmin                                    0x10000080   Data          12  main.o(.bss)
    tbeginmin                                0x1000008c   Data          12  main.o(.bss)
    tendmin                                  0x10000098   Data          12  main.o(.bss)
    tbeginmax                                0x100000a4   Data          12  main.o(.bss)
    tendmax                                  0x100000b0   Data          12  main.o(.bss)
    period                                   0x100000bc   Data          12  main.o(.bss)
    countermin                               0x100000c8   Data          12  main.o(.bss)
    countermax                               0x100000d4   Data          12  main.o(.bss)
    cDisplay_Memory                          0x10000254   Data          16  main.o(.bss)
    cDisplayStandardLibrary                  0x10000264   Data          16  main.o(.bss)
    htim1                                    0x10000274   Data          60  main.o(.bss)
    sParam                                   0x100002b0   Data          52  main.o(.bss)
    __heap_base                              0x10000338   Data           0  startup_stm32f407xx.o(HEAP)
    __heap_limit                             0x10000538   Data           0  startup_stm32f407xx.o(HEAP)
    __initial_sp                             0x10000938   Data           0  startup_stm32f407xx.o(STACK)
    VideoBuffer                              0x20000000   Data       76800  cdisplaymemory.o(.bss)



==============================================================================

Memory Map of the image

  Image Entry point : 0x08000189

  Load Region LR_IROM1 (Base: 0x08000000, Size: 0x00005230, Max: 0x00100000, ABSOLUTE)

    Execution Region ER_IROM1 (Base: 0x08000000, Size: 0x000051ec, Max: 0x00100000, ABSOLUTE)

    Base Addr    Size         Type   Attr      Idx    E Section Name        Object

    0x08000000   0x00000188   Data   RO          232    RESET               startup_stm32f407xx.o
    0x08000188   0x00000000   Code   RO         1073  * .ARM.Collect$$$$00000000  mc_w.l(entry.o)
    0x08000188   0x00000004   Code   RO         1237    .ARM.Collect$$$$00000001  mc_w.l(entry2.o)
    0x0800018c   0x00000004   Code   RO         1240    .ARM.Collect$$$$00000004  mc_w.l(entry5.o)
    0x08000190   0x00000000   Code   RO         1242    .ARM.Collect$$$$00000008  mc_w.l(entry7b.o)
    0x08000190   0x00000004   Code   RO         1243    .ARM.Collect$$$$00000009  mc_w.l(entry8a.o)
    0x08000194   0x00000000   Code   RO         1244    .ARM.Collect$$$$0000000A  mc_w.l(entry8b.o)
    0x08000194   0x00000008   Code   RO         1245    .ARM.Collect$$$$0000000B  mc_w.l(entry9a.o)
    0x0800019c   0x00000000   Code   RO         1247    .ARM.Collect$$$$0000000D  mc_w.l(entry10a.o)
    0x0800019c   0x00000004   Code   RO         1248    .ARM.Collect$$$$0000000E  mc_w.l(entry10b.o)
    0x080001a0   0x00000000   Code   RO         1249    .ARM.Collect$$$$0000000F  mc_w.l(entry11a.o)
    0x080001a0   0x00000004   Code   RO         1238    .ARM.Collect$$$$00002712  mc_w.l(entry2.o)
    0x080001a4   0x00000024   Code   RO          233    .text               startup_stm32f407xx.o
    0x080001c8   0x00000024   Code   RO         1076    .text               mc_w.l(memcpya.o)
    0x080001ec   0x00000020   Code   RO         1212    .text               mc_w.l(cpp_init.o)
    0x0800020c   0x0000002e   Code   RO         1213    .text               mc_w.l(aeabi_atexit.o)
    0x0800023a   0x0000014e   Code   RO         1214    .text               mf_w.l(dadd.o)
    0x08000388   0x000000e4   Code   RO         1215    .text               mf_w.l(dmul.o)
    0x0800046c   0x000000de   Code   RO         1216    .text               mf_w.l(ddiv.o)
    0x0800054a   0x00000026   Code   RO         1217    .text               mf_w.l(f2d.o)
    0x08000570   0x00000038   Code   RO         1218    .text               mf_w.l(d2f.o)
    0x080005a8   0x0000002c   Code   RO         1253    .text               mc_w.l(uidiv.o)
    0x080005d4   0x00000062   Code   RO         1254    .text               mc_w.l(uldiv.o)
    0x08000636   0x0000001e   Code   RO         1255    .text               mc_w.l(llshl.o)
    0x08000654   0x00000024   Code   RO         1256    .text               mc_w.l(llsshr.o)
    0x08000678   0x00000000   Code   RO         1275    .text               mc_w.l(iusefp.o)
    0x08000678   0x00000008   Code   RO         1276    .text               mc_w.l(cpp_dtor.o)
    0x08000680   0x00000002   Code   RO         1278    .text               mc_w.l(cpp_signal.o)
    0x08000682   0x00000042   Code   RO         1279    .text               mc_w.l(cxa_finalize.o)
    0x080006c4   0x0000006e   Code   RO         1280    .text               mf_w.l(fepilogue.o)
    0x08000732   0x000000ba   Code   RO         1281    .text               mf_w.l(depilogue.o)
    0x080007ec   0x00000030   Code   RO         1282    .text               mf_w.l(dfixul.o)
    0x0800081c   0x00000030   Code   RO         1283    .text               mf_w.l(cdrcmple.o)
    0x0800084c   0x00000024   Code   RO         1293    .text               mc_w.l(init.o)
    0x08000870   0x00000020   Code   RO         1295    .text               mc_w.l(llushr.o)
    0x08000890   0x00000002   Code   RO         1299    .text               mc_w.l(cpp_final.o)
    0x08000892   0x00000002   Code   RO            4    i.BusFault_Handler  stm32f4xx_it.o
    0x08000894   0x00000002   Code   RO            5    i.DebugMon_Handler  stm32f4xx_it.o
    0x08000896   0x0000001c   Code   RO          929    i.HAL_Delay         stm32f4xx_hal.o
    0x080008b2   0x00000002   PAD
    0x080008b4   0x000001b0   Code   RO          240    i.HAL_GPIO_Init     stm32f4xx_hal_gpio.o
    0x08000a64   0x0000000a   Code   RO          244    i.HAL_GPIO_WritePin  stm32f4xx_hal_gpio.o
    0x08000a6e   0x00000002   PAD
    0x08000a70   0x0000000c   Code   RO          935    i.HAL_GetTick       stm32f4xx_hal.o
    0x08000a7c   0x00000004   Code   RO          524    i.HAL_I2C_GetError  stm32f4xx_hal_i2c.o
    0x08000a80   0x00000006   Code   RO          526    i.HAL_I2C_GetState  stm32f4xx_hal_i2c.o
    0x08000a86   0x00000002   PAD
    0x08000a88   0x00000108   Code   RO          527    i.HAL_I2C_Init      stm32f4xx_hal_i2c.o
    0x08000b90   0x000001e8   Code   RO          533    i.HAL_I2C_Master_Receive  stm32f4xx_hal_i2c.o
    0x08000d78   0x00000138   Code   RO          538    i.HAL_I2C_Master_Transmit  stm32f4xx_hal_i2c.o
    0x08000eb0   0x00000058   Code   RO           28    i.HAL_I2C_MspInit   stm32f4xx_hal_msp.o
    0x08000f08   0x00000010   Code   RO          937    i.HAL_IncTick       stm32f4xx_hal.o
    0x08000f18   0x00000034   Code   RO          938    i.HAL_Init          stm32f4xx_hal.o
    0x08000f4c   0x00000028   Code   RO          939    i.HAL_InitTick      stm32f4xx_hal.o
    0x08000f74   0x00000058   Code   RO           29    i.HAL_MspInit       stm32f4xx_hal_msp.o
    0x08000fcc   0x00000016   Code   RO          661    i.HAL_NVIC_EnableIRQ  stm32f4xx_hal_cortex.o
    0x08000fe2   0x00000002   PAD
    0x08000fe4   0x00000040   Code   RO          667    i.HAL_NVIC_SetPriority  stm32f4xx_hal_cortex.o
    0x08001024   0x00000024   Code   RO          668    i.HAL_NVIC_SetPriorityGrouping  stm32f4xx_hal_cortex.o
    0x08001048   0x0000017c   Code   RO          409    i.HAL_RCC_ClockConfig  stm32f4xx_hal_rcc.o
    0x080011c4   0x0000000c   Code   RO          414    i.HAL_RCC_GetHCLKFreq  stm32f4xx_hal_rcc.o
    0x080011d0   0x00000030   Code   RO          416    i.HAL_RCC_GetPCLK1Freq  stm32f4xx_hal_rcc.o
    0x08001200   0x00000070   Code   RO          418    i.HAL_RCC_GetSysClockFreq  stm32f4xx_hal_rcc.o
    0x08001270   0x00000314   Code   RO          421    i.HAL_RCC_OscConfig  stm32f4xx_hal_rcc.o
    0x08001584   0x00000018   Code   RO          670    i.HAL_SYSTICK_CLKSourceConfig  stm32f4xx_hal_cortex.o
    0x0800159c   0x00000002   Code   RO          671    i.HAL_SYSTICK_Callback  stm32f4xx_hal_cortex.o
    0x0800159e   0x00000028   Code   RO          672    i.HAL_SYSTICK_Config  stm32f4xx_hal_cortex.o
    0x080015c6   0x00000008   Code   RO          673    i.HAL_SYSTICK_IRQHandler  stm32f4xx_hal_cortex.o
    0x080015ce   0x00000002   Code   RO          439    i.HAL_TIMEx_BreakCallback  stm32f4xx_hal_tim_ex.o
    0x080015d0   0x00000002   Code   RO          440    i.HAL_TIMEx_CommutationCallback  stm32f4xx_hal_tim_ex.o
    0x080015d2   0x00000050   Code   RO          456    i.HAL_TIMEx_MasterConfigSynchronization  stm32f4xx_hal_tim_ex.o
    0x08001622   0x00000036   Code   RO          699    i.HAL_TIM_Base_Init  stm32f4xx_hal_tim.o
    0x08001658   0x0000003c   Code   RO           31    i.HAL_TIM_Base_MspInit  stm32f4xx_hal_msp.o
    0x08001694   0x00000018   Code   RO          704    i.HAL_TIM_Base_Start_IT  stm32f4xx_hal_tim.o
    0x080016ac   0x000000f2   Code   RO          708    i.HAL_TIM_ConfigClockSource  stm32f4xx_hal_tim.o
    0x0800179e   0x00000002   Code   RO          728    i.HAL_TIM_IC_CaptureCallback  stm32f4xx_hal_tim.o
    0x080017a0   0x00000166   Code   RO          741    i.HAL_TIM_IRQHandler  stm32f4xx_hal_tim.o
    0x08001906   0x00000002   Code   RO          744    i.HAL_TIM_OC_DelayElapsedCallback  stm32f4xx_hal_tim.o
    0x08001908   0x00000002   Code   RO          771    i.HAL_TIM_PWM_PulseFinishedCallback  stm32f4xx_hal_tim.o
    0x0800190a   0x00000002   PAD
    0x0800190c   0x00000544   Code   RO           40    i.HAL_TIM_PeriodElapsedCallback  main.o
    0x08001e50   0x00000002   Code   RO          782    i.HAL_TIM_TriggerCallback  stm32f4xx_hal_tim.o
    0x08001e52   0x00000002   Code   RO            6    i.HardFault_Handler  stm32f4xx_it.o
    0x08001e54   0x00000002   Code   RO            7    i.MemManage_Handler  stm32f4xx_it.o
    0x08001e56   0x00000002   Code   RO            8    i.NMI_Handler       stm32f4xx_it.o
    0x08001e58   0x00000002   Code   RO            9    i.PendSV_Handler    stm32f4xx_it.o
    0x08001e5a   0x00000002   Code   RO           10    i.SVC_Handler       stm32f4xx_it.o
    0x08001e5c   0x0000000e   Code   RO           11    i.SysTick_Handler   stm32f4xx_it.o
    0x08001e6a   0x00000002   PAD
    0x08001e6c   0x00000054   Code   RO          224    i.SystemInit        system_stm32f4xx.o
    0x08001ec0   0x0000000c   Code   RO           12    i.TIM1_UP_TIM10_IRQHandler  stm32f4xx_it.o
    0x08001ecc   0x000000c0   Code   RO          783    i.TIM_Base_SetConfig  stm32f4xx_hal_tim.o
    0x08001f8c   0x00000002   Code   RO           13    i.UsageFault_Handler  stm32f4xx_it.o
    0x08001f8e   0x00000002   PAD
    0x08001f90   0x00000114   Code   RO          211    i._Z10quat2EulerPfS_  madgwickahrs.o
    0x080020a4   0x0000014e   Code   RO          179    i._Z12MPU6050_Initv  mpu6050.o
    0x080021f2   0x00000002   PAD
    0x080021f4   0x00000050   Code   RO          204    i._Z14I2C_ReadBufferhhPhh  i2c.o
    0x08002244   0x00000040   Code   RO          205    i._Z15I2C_WriteBufferhPhh  i2c.o
    0x08002284   0x00000008   Code   RO          180    i._Z16MPU6050_GetGyroXv  mpu6050.o
    0x0800228c   0x00000008   Code   RO          181    i._Z16MPU6050_GetGyroYv  mpu6050.o
    0x08002294   0x00000008   Code   RO          182    i._Z16MPU6050_GetGyroZv  mpu6050.o
    0x0800229c   0x00000014   Code   RO          183    i._Z16MPU6050_GetValueh  mpu6050.o
    0x080022b0   0x00000016   Code   RO          184    i._Z16MPU6050_SetValuehh  mpu6050.o
    0x080022c6   0x00000020   Code   RO          674    i._Z16NVIC_SetPriority9IRQn_Typej  stm32f4xx_hal_cortex.o
    0x080022e6   0x00000008   Code   RO          185    i._Z17MPU6050_GetAcselXv  mpu6050.o
    0x080022ee   0x00000008   Code   RO          186    i._Z17MPU6050_GetAcselYv  mpu6050.o
    0x080022f6   0x00000008   Code   RO          187    i._Z17MPU6050_GetAcselZv  mpu6050.o
    0x080022fe   0x0000001c   Code   RO          188    i._Z17MPU6050_GetTemperv  mpu6050.o
    0x0800231a   0x00000014   Code   RO          790    i._Z17TIM_ETR_SetConfigP11TIM_TypeDefjjj  stm32f4xx_hal_tim.o
    0x0800232e   0x00000010   Code   RO          796    i._Z18TIM_ITRx_SetConfigP11TIM_TypeDeft  stm32f4xx_hal_tim.o
    0x0800233e   0x000000de   Code   RO          570    i._Z21I2C_MasterRequestReadP17I2C_HandleTypeDeftjj  stm32f4xx_hal_i2c.o
    0x0800241c   0x00000016   Code   RO          189    i._Z21MPU6050_GetInt16Valuehh  mpu6050.o
    0x08002432   0x00000002   PAD
    0x08002434   0x000002a4   Code   RO          213    i._Z21MadgwickAHRSupdateIMUfffffff  madgwickahrs.o
    0x080026d8   0x00000094   Code   RO          573    i._Z22I2C_MasterRequestWriteP17I2C_HandleTypeDeftjj  stm32f4xx_hal_i2c.o
    0x0800276c   0x00000028   Code   RO          577    i._Z23I2C_IsAcknowledgeFailedP17I2C_HandleTypeDef  stm32f4xx_hal_i2c.o
    0x08002794   0x00000022   Code   RO          799    i._Z24TIM_TI1_ConfigInputStageP11TIM_TypeDefjj  stm32f4xx_hal_tim.o
    0x080027b6   0x00000024   Code   RO          800    i._Z24TIM_TI2_ConfigInputStageP11TIM_TypeDefjj  stm32f4xx_hal_tim.o
    0x080027da   0x00000060   Code   RO          578    i._Z26I2C_WaitOnFlagUntilTimeoutP17I2C_HandleTypeDefj10FlagStatusjj  stm32f4xx_hal_i2c.o
    0x0800283a   0x0000004e   Code   RO          579    i._Z29I2C_WaitOnBTFFlagUntilTimeoutP17I2C_HandleTypeDefjj  stm32f4xx_hal_i2c.o
    0x08002888   0x0000004e   Code   RO          580    i._Z29I2C_WaitOnTXEFlagUntilTimeoutP17I2C_HandleTypeDefjj  stm32f4xx_hal_i2c.o
    0x080028d6   0x00000062   Code   RO          581    i._Z30I2C_WaitOnRXNEFlagUntilTimeoutP17I2C_HandleTypeDefjj  stm32f4xx_hal_i2c.o
    0x08002938   0x00000088   Code   RO          582    i._Z39I2C_WaitOnMasterAddressFlagUntilTimeoutP17I2C_HandleTypeDefjjj  stm32f4xx_hal_i2c.o
    0x080029c0   0x0000006c   Code   RO           43    i._Z4fir1f          main.o
    0x08002a2c   0x0000006c   Code   RO           44    i._Z4fir2f          main.o
    0x08002a98   0x0000006c   Code   RO           45    i._Z4fir3f          main.o
    0x08002b04   0x0000003c   Code   RO          214    i._Z7invSqrtf       madgwickahrs.o
    0x08002b40   0x00000060   Code   RO          206    i._Z8I2C_Initv      i2c.o
    0x08002ba0   0x000000a0   Code   RO           46    i._Z8RCC_Initv      main.o
    0x08002c40   0x00000060   Code   RO           47    i._Z9TIM1_Initv     main.o
    0x08002ca0   0x00000022   Code   RO           65    i._ZN13CDisplayBased8PutPixelEttt  cdisplaybased.o
    0x08002cc2   0x00000002   PAD
    0x08002cc4   0x0000000c   Code   RO           66    i._ZN13CDisplayBasedC2Ev  cdisplaybased.o
    0x08002cd0   0x00000002   Code   RO           68    i._ZN13CDisplayBasedD2Ev  cdisplaybased.o
    0x08002cd2   0x00000026   Code   RO           84    i._ZN14CDisplayIL932515WriteRegister16Ett  cdisplayil9325.o
    0x08002cf8   0x00000128   Code   RO           85    i._ZN14CDisplayIL93254InitEv  cdisplayil9325.o
    0x08002e20   0x00000042   Code   RO           86    i._ZN14CDisplayIL93255ResetEv  cdisplayil9325.o
    0x08002e62   0x00000002   PAD
    0x08002e64   0x00000010   Code   RO           87    i._ZN14CDisplayIL93256CS_OneEv  cdisplayil9325.o
    0x08002e74   0x00000010   Code   RO           88    i._ZN14CDisplayIL93256RD_OneEv  cdisplayil9325.o
    0x08002e84   0x00000010   Code   RO           89    i._ZN14CDisplayIL93256RS_OneEv  cdisplayil9325.o
    0x08002e94   0x00000010   Code   RO           90    i._ZN14CDisplayIL93256WR_OneEv  cdisplayil9325.o
    0x08002ea4   0x00000018   Code   RO           91    i._ZN14CDisplayIL93256Write8Eh  cdisplayil9325.o
    0x08002ebc   0x00000010   Code   RO           92    i._ZN14CDisplayIL93257CS_ZeroEv  cdisplayil9325.o
    0x08002ecc   0x00000010   Code   RO           94    i._ZN14CDisplayIL93257RST_OneEv  cdisplayil9325.o
    0x08002edc   0x00000010   Code   RO           95    i._ZN14CDisplayIL93257RS_ZeroEv  cdisplayil9325.o
    0x08002eec   0x00000014   Code   RO           96    i._ZN14CDisplayIL93257SetDataEh  cdisplayil9325.o
    0x08002f00   0x00000010   Code   RO           97    i._ZN14CDisplayIL93257WR_ZeroEv  cdisplayil9325.o
    0x08002f10   0x00000018   Code   RO           98    i._ZN14CDisplayIL93257Write16Et  cdisplayil9325.o
    0x08002f28   0x00000004   Code   RO           99    i._ZN14CDisplayIL93258OutColorEt  cdisplayil9325.o
    0x08002f2c   0x00000010   Code   RO          100    i._ZN14CDisplayIL93258RST_ZeroEv  cdisplayil9325.o
    0x08002f3c   0x00000060   Code   RO          101    i._ZN14CDisplayIL93259SetWindowEtttt  cdisplayil9325.o
    0x08002f9c   0x00000010   Code   RO          102    i._ZN14CDisplayIL9325C1Ev  cdisplayil9325.o
    0x08002fac   0x00000004   Code   RO          104    i._ZN14CDisplayIL9325D1Ev  cdisplayil9325.o
    0x08002fb0   0x00000002   Code   RO          162    i._ZN14CDisplayMemory4InitEv  cdisplaymemory.o
    0x08002fb2   0x00000002   PAD
    0x08002fb4   0x000000a4   Code   RO          163    i._ZN14CDisplayMemory8OutColorEt  cdisplaymemory.o
    0x08003058   0x00000012   Code   RO          164    i._ZN14CDisplayMemory9SetWindowEtttt  cdisplaymemory.o
    0x0800306a   0x00000002   PAD
    0x0800306c   0x00000020   Code   RO          165    i._ZN14CDisplayMemoryC1Ev  cdisplaymemory.o
    0x0800308c   0x00000004   Code   RO          167    i._ZN14CDisplayMemoryD1Ev  cdisplaymemory.o
    0x08003090   0x00000060   Code   RO          134    i._ZN23CDisplayStandardLibrary17PutSymbolVerticalEiiht  cdisplaystandardlibrary.o
    0x080030f0   0x00000064   Code   RO          135    i._ZN23CDisplayStandardLibrary19PutSymbolHorizontalEiiht  cdisplaystandardlibrary.o
    0x08003154   0x00000044   Code   RO          136    i._ZN23CDisplayStandardLibrary5ClearEt  cdisplaystandardlibrary.o
    0x08003198   0x0000002a   Code   RO          139    i._ZN23CDisplayStandardLibrary9PutStringEiiPKct  cdisplaystandardlibrary.o
    0x080031c2   0x00000024   Code   RO          140    i._ZN23CDisplayStandardLibrary9PutSymbolEiict  cdisplaystandardlibrary.o
    0x080031e6   0x0000000c   Code   RO          141    i._ZN23CDisplayStandardLibraryC1EP8IDisplayb  cdisplaystandardlibrary.o
    0x080031f2   0x00000002   Code   RO          142    i._ZN23CDisplayStandardLibraryD1Ev  cdisplaystandardlibrary.o
    0x080031f4   0x00000028   Code   RO         1197    i.__0sprintf        mc_w.l(printfa.o)
    0x0800321c   0x00000026   Code   RO         1229    i.__ARM_fpclassifyf  m_wm.l(fpclassifyf.o)
    0x08003242   0x00000006   Code   RO          969    i.__cxa_pure_virtual  cpprt_w.l(pure_virt.o)
    0x08003248   0x0000012c   Code   RO         1055    i.__hardfp_asinf    m_wm.l(asinf.o)
    0x08003374   0x00000250   Code   RO         1061    i.__hardfp_atan2f   m_wm.l(atan2f.o)
    0x080035c4   0x00000006   Code   RO         1231    i.__mathlib_flt_infnan  m_wm.l(funder.o)
    0x080035ca   0x00000006   Code   RO         1232    i.__mathlib_flt_infnan2  m_wm.l(funder.o)
    0x080035d0   0x00000010   Code   RO         1233    i.__mathlib_flt_invalid  m_wm.l(funder.o)
    0x080035e0   0x00000010   Code   RO         1236    i.__mathlib_flt_underflow  m_wm.l(funder.o)
    0x080035f0   0x0000000e   Code   RO         1307    i.__scatterload_copy  mc_w.l(handlers.o)
    0x080035fe   0x00000002   Code   RO         1308    i.__scatterload_null  mc_w.l(handlers.o)
    0x08003600   0x0000000e   Code   RO         1309    i.__scatterload_zeroinit  mc_w.l(handlers.o)
    0x0800360e   0x00000002   PAD
    0x08003610   0x0000000c   Code   RO         1273    i.__set_errno       mc_w.l(errno.o)
    0x0800361c   0x00000054   Code   RO           48    i.__sti___6_main_c_cDisplay  main.o
    0x08003670   0x00000164   Code   RO         1202    i._fp_digits        mc_w.l(printfa.o)
    0x080037d4   0x000006dc   Code   RO         1203    i._printf_core      mc_w.l(printfa.o)
    0x08003eb0   0x00000024   Code   RO         1204    i._printf_post_padding  mc_w.l(printfa.o)
    0x08003ed4   0x0000002e   Code   RO         1205    i._printf_pre_padding  mc_w.l(printfa.o)
    0x08003f02   0x0000000a   Code   RO         1207    i._sputc            mc_w.l(printfa.o)
    0x08003f0c   0x00000050   Code   RO         1257    i.free              mc_w.l(malloc.o)
    0x08003f5c   0x000002b8   Code   RO           49    i.main              main.o
    0x08004214   0x0000006c   Code   RO         1258    i.malloc            mc_w.l(malloc.o)
    0x08004280   0x0000003e   Code   RO         1069    i.sqrtf             m_wm.l(sqrtf.o)
    0x080042be   0x00000002   PAD
    0x080042c0   0x00000174   Data   RO           61    .constdata          main.o
    0x08004434   0x000000cc   Data   RO          126    .constdata          cdisplayil9325.o
    0x08004500   0x00000c40   Data   RO          161    .constdata          cdisplaystandardlibrary.o
    0x08005140   0x00000010   Data   RO          227    .constdata          system_stm32f4xx.o
    0x08005150   0x00000008   Data   RO          228    .constdata          system_stm32f4xx.o
    0x08005158   0x00000020   Data   RO           76    .constdata__ZTV13CDisplayBased  cdisplaybased.o
    0x08005178   0x00000020   Data   RO          128    .constdata__ZTV14CDisplayIL9325  cdisplayil9325.o
    0x08005198   0x00000020   Data   RO          176    .constdata__ZTV14CDisplayMemory  cdisplaymemory.o
    0x080051b8   0x00000030   Data   RO         1305    Region$$Table       anon$$obj.o
    0x080051e8   0x00000004   Data   RO           63    .init_array         main.o
    0x080051ec   0x00000000   Data   RO         1210    .init_array         mc_w.l(cpp_init.o)


    Execution Region RW_IRAM2 (Base: 0x10000000, Size: 0x00000938, Max: 0x00010000, ABSOLUTE)

    Base Addr    Size         Type   Attr      Idx    E Section Name        Object

    0x10000000   0x00000018   Data   RW           62    .data               main.o
    0x10000018   0x00000014   Data   RW          219    .data               madgwickahrs.o
    0x1000002c   0x00000004   Data   RW          229    .data               system_stm32f4xx.o
    0x10000030   0x00000004   Data   RW          966    .data               stm32f4xx_hal.o
    0x10000034   0x00000004   Data   RW         1274    .data               mc_w.l(errno.o)
    0x10000038   0x00000004   Data   RW         1277    .data               mc_w.l(cpp_dtor.o)
    0x1000003c   0x00000004   Data   RW         1296    .data               mc_w.l(mvars.o)
    0x10000040   0x00000004   Data   RW         1297    .data               mc_w.l(mvars.o)
    0x10000044   0x000002a0   Zero   RW           60    .bss                main.o
    0x100002e4   0x00000054   Zero   RW          210    .bss                i2c.o
    0x10000338   0x00000200   Zero   RW          231    HEAP                startup_stm32f407xx.o
    0x10000538   0x00000400   Zero   RW          230    STACK               startup_stm32f407xx.o


    Execution Region RW_IRAM1 (Base: 0x20000000, Size: 0x00012c00, Max: 0x00020000, ABSOLUTE)

    Base Addr    Size         Type   Attr      Idx    E Section Name        Object

    0x20000000   0x00012c00   Zero   RW          174    .bss                cdisplaymemory.o


==============================================================================

Image component sizes


      Code (inc. data)   RO Data    RW Data    ZI Data      Debug   Object Name

        48          6         32          0          0          0   cdisplaybased.o
       732         68        236          0          0          0   cdisplayil9325.o
       220         10         32          0      76800          0   cdisplaymemory.o
       356         12       3136          0          0          0   cdisplaystandardlibrary.o
       240         26          0          0         84          0   i2c.o
      1012         24          0         20          0          0   madgwickahrs.o
      2708        340        376         24        672          0   main.o
       474          0          0          0          0          0   mpu6050.o
        36          8        392          0       1536          0   startup_stm32f407xx.o
       148         22          0          4          0          0   stm32f4xx_hal.o
       228         14          0          0          0          0   stm32f4xx_hal_cortex.o
       442         44          0          0          0          0   stm32f4xx_hal_gpio.o
      1970         38          0          0          0          0   stm32f4xx_hal_i2c.o
       236         28          0          0          0          0   stm32f4xx_hal_msp.o
      1340         62          0          0          0          0   stm32f4xx_hal_rcc.o
       984         44          0          0          0          0   stm32f4xx_hal_tim.o
        84          0          0          0          0          0   stm32f4xx_hal_tim_ex.o
        42          6          0          0          0          0   stm32f4xx_it.o
        84         18         24          4          0          0   system_stm32f4xx.o

    ----------------------------------------------------------------------
     11410        770       4276         52      79092          0   Object Totals
         0          0         48          0          0          0   (incl. Generated)
        26          0          0          0          0          0   (incl. Padding)

    ----------------------------------------------------------------------

      Code (inc. data)   RO Data    RW Data    ZI Data      Debug   Library Member Name

         6          0          0          0          0          0   pure_virt.o
       300         42          0          0          0          0   asinf.o
       592         90          0          0          0          0   atan2f.o
        38          0          0          0          0          0   fpclassifyf.o
        44         12          0          0          0          0   funder.o
        62          0          0          0          0          0   sqrtf.o
        46          0          0          0          0          0   aeabi_atexit.o
         8          4          0          4          0          0   cpp_dtor.o
         2          0          0          0          0          0   cpp_final.o
        32         10          0          0          0          0   cpp_init.o
         2          0          0          0          0          0   cpp_signal.o
        66          0          0          0          0          0   cxa_finalize.o
         0          0          0          0          0          0   entry.o
         0          0          0          0          0          0   entry10a.o
         4          0          0          0          0          0   entry10b.o
         0          0          0          0          0          0   entry11a.o
         8          4          0          0          0          0   entry2.o
         4          0          0          0          0          0   entry5.o
         0          0          0          0          0          0   entry7b.o
         4          0          0          0          0          0   entry8a.o
         0          0          0          0          0          0   entry8b.o
         8          4          0          0          0          0   entry9a.o
        12          6          0          4          0          0   errno.o
        30          0          0          0          0          0   handlers.o
        36          8          0          0          0          0   init.o
         0          0          0          0          0          0   iusefp.o
        30          0          0          0          0          0   llshl.o
        36          0          0          0          0          0   llsshr.o
        32          0          0          0          0          0   llushr.o
       188         20          0          0          0          0   malloc.o
        36          0          0          0          0          0   memcpya.o
         0          0          0          8          0          0   mvars.o
      2244         86          0          0          0          0   printfa.o
        44          0          0          0          0          0   uidiv.o
        98          0          0          0          0          0   uldiv.o
        48          0          0          0          0          0   cdrcmple.o
        56          0          0          0          0          0   d2f.o
       334          0          0          0          0          0   dadd.o
       222          0          0          0          0          0   ddiv.o
       186          0          0          0          0          0   depilogue.o
        48          0          0          0          0          0   dfixul.o
       228          0          0          0          0          0   dmul.o
        38          0          0          0          0          0   f2d.o
       110          0          0          0          0          0   fepilogue.o

    ----------------------------------------------------------------------
      5286        286          0         16          0          0   Library Totals
         4          0          0          0          0          0   (incl. Padding)

    ----------------------------------------------------------------------

      Code (inc. data)   RO Data    RW Data    ZI Data      Debug   Library Name

         6          0          0          0          0          0   cpprt_w.l
      1036        144          0          0          0          0   m_wm.l
      2970        142          0         16          0          0   mc_w.l
      1270          0          0          0          0          0   mf_w.l

    ----------------------------------------------------------------------
      5286        286          0         16          0          0   Library Totals

    ----------------------------------------------------------------------

==============================================================================


      Code (inc. data)   RO Data    RW Data    ZI Data      Debug   

     16696       1056       4276         68      79092          0   Grand Totals
     16696       1056       4276         68      79092          0   ELF Image Totals
     16696       1056       4276         68          0          0   ROM Totals

==============================================================================

    Total RO  Size (Code + RO Data)                20972 (  20.48kB)
    Total RW  Size (RW Data + ZI Data)             79160 (  77.30kB)
    Total ROM Size (Code + RO Data + RW Data)      21040 (  20.55kB)

==============================================================================

