Component: ARM Compiler 5.06 update 1 (build 61) Tool: armlink [4d35a8]

==============================================================================

Section Cross References

    stm32f4xx_it.o(i.SysTick_Handler) refers to stm32f4xx_hal.o(i.HAL_IncTick) for HAL_IncTick
    stm32f4xx_it.o(i.SysTick_Handler) refers to stm32f4xx_hal_cortex.o(i.HAL_SYSTICK_IRQHandler) for HAL_SYSTICK_IRQHandler
    stm32f4xx_it.o(i.TIM1_UP_TIM10_IRQHandler) refers to stm32f4xx_hal_tim.o(i.HAL_TIM_IRQHandler) for HAL_TIM_IRQHandler
    stm32f4xx_it.o(i.TIM1_UP_TIM10_IRQHandler) refers to main.o(.bss) for htim1
    stm32f4xx_it.o(.ARM.exidx) refers to stm32f4xx_it.o(i.NMI_Handler) for i.NMI_Handler
    stm32f4xx_it.o(.ARM.exidx) refers to stm32f4xx_it.o(i.HardFault_Handler) for i.HardFault_Handler
    stm32f4xx_it.o(.ARM.exidx) refers to stm32f4xx_it.o(i.MemManage_Handler) for i.MemManage_Handler
    stm32f4xx_it.o(.ARM.exidx) refers to stm32f4xx_it.o(i.BusFault_Handler) for i.BusFault_Handler
    stm32f4xx_it.o(.ARM.exidx) refers to stm32f4xx_it.o(i.UsageFault_Handler) for i.UsageFault_Handler
    stm32f4xx_it.o(.ARM.exidx) refers to stm32f4xx_it.o(i.SVC_Handler) for i.SVC_Handler
    stm32f4xx_it.o(.ARM.exidx) refers to stm32f4xx_it.o(i.DebugMon_Handler) for i.DebugMon_Handler
    stm32f4xx_it.o(.ARM.exidx) refers to stm32f4xx_it.o(i.PendSV_Handler) for i.PendSV_Handler
    stm32f4xx_it.o(.ARM.exidx) refers to stm32f4xx_it.o(i.SysTick_Handler) for i.SysTick_Handler
    stm32f4xx_it.o(.ARM.exidx) refers to stm32f4xx_it.o(i.TIM1_UP_TIM10_IRQHandler) for i.TIM1_UP_TIM10_IRQHandler
    stm32f4xx_hal_msp.o(i.HAL_I2C_MspDeInit) refers to stm32f4xx_hal_gpio.o(i.HAL_GPIO_DeInit) for HAL_GPIO_DeInit
    stm32f4xx_hal_msp.o(i.HAL_I2C_MspInit) refers to stm32f4xx_hal_gpio.o(i.HAL_GPIO_Init) for HAL_GPIO_Init
    stm32f4xx_hal_msp.o(i.HAL_MspInit) refers to stm32f4xx_hal_cortex.o(i.HAL_NVIC_SetPriorityGrouping) for HAL_NVIC_SetPriorityGrouping
    stm32f4xx_hal_msp.o(i.HAL_MspInit) refers to stm32f4xx_hal_cortex.o(i.HAL_NVIC_SetPriority) for HAL_NVIC_SetPriority
    stm32f4xx_hal_msp.o(i.HAL_TIM_Base_MspDeInit) refers to stm32f4xx_hal_cortex.o(i.HAL_NVIC_DisableIRQ) for HAL_NVIC_DisableIRQ
    stm32f4xx_hal_msp.o(i.HAL_TIM_Base_MspInit) refers to stm32f4xx_hal_cortex.o(i.HAL_NVIC_SetPriority) for HAL_NVIC_SetPriority
    stm32f4xx_hal_msp.o(i.HAL_TIM_Base_MspInit) refers to stm32f4xx_hal_cortex.o(i.HAL_NVIC_EnableIRQ) for HAL_NVIC_EnableIRQ
    stm32f4xx_hal_msp.o(.ARM.exidx) refers to stm32f4xx_hal_msp.o(i.HAL_MspInit) for i.HAL_MspInit
    stm32f4xx_hal_msp.o(.ARM.exidx) refers to stm32f4xx_hal_msp.o(i.HAL_I2C_MspInit) for i.HAL_I2C_MspInit
    stm32f4xx_hal_msp.o(.ARM.exidx) refers to stm32f4xx_hal_msp.o(i.HAL_I2C_MspDeInit) for i.HAL_I2C_MspDeInit
    stm32f4xx_hal_msp.o(.ARM.exidx) refers to stm32f4xx_hal_msp.o(i.HAL_TIM_Base_MspInit) for i.HAL_TIM_Base_MspInit
    stm32f4xx_hal_msp.o(.ARM.exidx) refers to stm32f4xx_hal_msp.o(i.HAL_TIM_Base_MspDeInit) for i.HAL_TIM_Base_MspDeInit
    cdisplaybased.o(i._ZN13CDisplayBasedC2Ev) refers to cdisplaybased.o(.constdata__ZTV13CDisplayBased) for vtable for CDisplayBased
    cdisplaybased.o(i._ZN13CDisplayBasedD0Ev) refers to delete.o(i._ZdlPv) for operator delete (void*)
    cdisplaybased.o(.ARM.exidx) refers to cdisplaybased.o(i._ZN13CDisplayBasedC2Ev) for i._ZN13CDisplayBasedC2Ev
    cdisplaybased.o(.ARM.exidx) refers to cdisplaybased.o(i._ZN13CDisplayBasedD2Ev) for i._ZN13CDisplayBasedD2Ev
    cdisplaybased.o(.ARM.exidx) refers to cdisplaybased.o(i._ZN13CDisplayBasedD0Ev) for i._ZN13CDisplayBasedD0Ev
    cdisplaybased.o(.ARM.exidx) refers to cdisplaybased.o(i._ZN13CDisplayBased8PutPixelEttt) for i._ZN13CDisplayBased8PutPixelEttt
    cdisplayil9325.o(i._ZN14CDisplayIL932515WriteRegister16Ett) refers to cdisplayil9325.o(i._ZN14CDisplayIL93257RS_ZeroEv) for CDisplayIL9325::RS_Zero()
    cdisplayil9325.o(i._ZN14CDisplayIL932515WriteRegister16Ett) refers to cdisplayil9325.o(i._ZN14CDisplayIL93257Write16Et) for CDisplayIL9325::Write16(unsigned short)
    cdisplayil9325.o(i._ZN14CDisplayIL932515WriteRegister16Ett) refers to cdisplayil9325.o(i._ZN14CDisplayIL93256RS_OneEv) for CDisplayIL9325::RS_One()
    cdisplayil9325.o(i._ZN14CDisplayIL93254InitEv) refers to stm32f4xx_hal_gpio.o(i.HAL_GPIO_Init) for HAL_GPIO_Init
    cdisplayil9325.o(i._ZN14CDisplayIL93254InitEv) refers to cdisplayil9325.o(i._ZN14CDisplayIL93255ResetEv) for CDisplayIL9325::Reset()
    cdisplayil9325.o(i._ZN14CDisplayIL93254InitEv) refers to cdisplayil9325.o(i._ZN14CDisplayIL93257CS_ZeroEv) for CDisplayIL9325::CS_Zero()
    cdisplayil9325.o(i._ZN14CDisplayIL93254InitEv) refers to stm32f4xx_hal.o(i.HAL_Delay) for HAL_Delay
    cdisplayil9325.o(i._ZN14CDisplayIL93254InitEv) refers to cdisplayil9325.o(i._ZN14CDisplayIL932515WriteRegister16Ett) for CDisplayIL9325::WriteRegister16(unsigned short, unsigned short)
[...]
    i.HAL_I2C_Master_Receive                 0x08000b94   Section        0  stm32f4xx_hal_i2c.o(i.HAL_I2C_Master_Receive)
    i.HAL_I2C_Master_Transmit                0x08000d7c   Section        0  stm32f4xx_hal_i2c.o(i.HAL_I2C_Master_Transmit)
    i.HAL_I2C_MspInit                        0x08000eb4   Section        0  stm32f4xx_hal_msp.o(i.HAL_I2C_MspInit)
    i.HAL_IncTick                            0x08000f0c   Section        0  stm32f4xx_hal.o(i.HAL_IncTick)
    i.HAL_Init                               0x08000f1c   Section        0  stm32f4xx_hal.o(i.HAL_Init)
    i.HAL_InitTick                           0x08000f50   Section        0  stm32f4xx_hal.o(i.HAL_InitTick)
    i.HAL_MspInit                            0x08000f78   Section        0  stm32f4xx_hal_msp.o(i.HAL_MspInit)
    i.HAL_NVIC_EnableIRQ                     0x08000fd0   Section        0  stm32f4xx_hal_cortex.o(i.HAL_NVIC_EnableIRQ)
    i.HAL_NVIC_SetPriority                   0x08000fe8   Section        0  stm32f4xx_hal_cortex.o(i.HAL_NVIC_SetPriority)
    i.HAL_NVIC_SetPriorityGrouping           0x08001028   Section        0  stm32f4xx_hal_cortex.o(i.HAL_NVIC_SetPriorityGrouping)
    i.HAL_RCC_ClockConfig                    0x0800104c   Section        0  stm32f4xx_hal_rcc.o(i.HAL_RCC_ClockConfig)
    i.HAL_RCC_GetHCLKFreq                    0x080011c8   Section        0  stm32f4xx_hal_rcc.o(i.HAL_RCC_GetHCLKFreq)
    i.HAL_RCC_GetPCLK1Freq                   0x080011d4   Section        0  stm32f4xx_hal_rcc.o(i.HAL_RCC_GetPCLK1Freq)
    i.HAL_RCC_GetSysClockFreq                0x08001204   Section        0  stm32f4xx_hal_rcc.o(i.HAL_RCC_GetSysClockFreq)
    i.HAL_RCC_OscConfig                      0x08001274   Section        0  stm32f4xx_hal_rcc.o(i.HAL_RCC_OscConfig)
    i.HAL_SYSTICK_CLKSourceConfig            0x08001588   Section        0  stm32f4xx_hal_cortex.o(i.HAL_SYSTICK_CLKSourceConfig)
    i.HAL_SYSTICK_Callback                   0x080015a0   Section        0  stm32f4xx_hal_cortex.o(i.HAL_SYSTICK_Callback)
    i.HAL_SYSTICK_Config                     0x080015a2   Section        0  stm32f4xx_hal_cortex.o(i.HAL_SYSTICK_Config)
    i.HAL_SYSTICK_IRQHandler                 0x080015ca   Section        0  stm32f4xx_hal_cortex.o(i.HAL_SYSTICK_IRQHandler)
    i.HAL_TIMEx_BreakCallback                0x080015d2   Section        0  stm32f4xx_hal_tim_ex.o(i.HAL_TIMEx_BreakCallback)
    i.HAL_TIMEx_CommutationCallback          0x080015d4   Section        0  stm32f4xx_hal_tim_ex.o(i.HAL_TIMEx_CommutationCallback)
    i.HAL_TIMEx_MasterConfigSynchronization  0x080015d6   Section        0  stm32f4xx_hal_tim_ex.o(i.HAL_TIMEx_MasterConfigSynchronization)
    i.HAL_TIM_Base_Init                      0x08001626   Section        0  stm32f4xx_hal_tim.o(i.HAL_TIM_Base_Init)
    i.HAL_TIM_Base_MspInit                   0x0800165c   Section        0  stm32f4xx_hal_msp.o(i.HAL_TIM_Base_MspInit)
    i.HAL_TIM_Base_Start_IT                  0x08001698   Section        0  stm32f4xx_hal_tim.o(i.HAL_TIM_Base_Start_IT)
    i.HAL_TIM_ConfigClockSource              0x080016b0   Section        0  stm32f4xx_hal_tim.o(i.HAL_TIM_ConfigClockSource)
    i.HAL_TIM_IC_CaptureCallback             0x080017a2   Section        0  stm32f4xx_hal_tim.o(i.HAL_TIM_IC_CaptureCallback)
    i.HAL_TIM_IRQHandler                     0x080017a4   Section        0  stm32f4xx_hal_tim.o(i.HAL_TIM_IRQHandler)
    i.HAL_TIM_OC_DelayElapsedCallback        0x0800190a   Section        0  stm32f4xx_hal_tim.o(i.HAL_TIM_OC_DelayElapsedCallback)
    i.HAL_TIM_PWM_PulseFinishedCallback      0x0800190c   Section        0  stm32f4xx_hal_tim.o(i.HAL_TIM_PWM_PulseFinishedCallback)
    i.HAL_TIM_PeriodElapsedCallback          0x08001910   Section        0  main.o(i.HAL_TIM_PeriodElapsedCallback)
    i.HAL_TIM_TriggerCallback                0x0800196c   Section        0  stm32f4xx_hal_tim.o(i.HAL_TIM_TriggerCallback)
    i.HardFault_Handler                      0x0800196e   Section        0  stm32f4xx_it.o(i.HardFault_Handler)
    i.MemManage_Handler                      0x08001970   Section        0  stm32f4xx_it.o(i.MemManage_Handler)
    i.NMI_Handler                            0x08001972   Section        0  stm32f4xx_it.o(i.NMI_Handler)
    i.PendSV_Handler                         0x08001974   Section        0  stm32f4xx_it.o(i.PendSV_Handler)
    i.SVC_Handler                            0x08001976   Section        0  stm32f4xx_it.o(i.SVC_Handler)
    i.SysTick_Handler                        0x08001978   Section        0  stm32f4xx_it.o(i.SysTick_Handler)
    i.SystemInit                             0x08001988   Section        0  system_stm32f4xx.o(i.SystemInit)
    i.TIM1_UP_TIM10_IRQHandler               0x080019dc   Section        0  stm32f4xx_it.o(i.TIM1_UP_TIM10_IRQHandler)
    i.TIM_Base_SetConfig                     0x080019e8   Section        0  stm32f4xx_hal_tim.o(i.TIM_Base_SetConfig)
    i.UsageFault_Handler                     0x08001aa8   Section        0  stm32f4xx_it.o(i.UsageFault_Handler)
    i._Z10quat2EulerPfS_                     0x08001aac   Section        0  madgwickahrs.o(i._Z10quat2EulerPfS_)
    i._Z12MPU6050_Initv                      0x08001bc0   Section        0  mpu6050.o(i._Z12MPU6050_Initv)
    i._Z14I2C_ReadBufferhhPhh                0x08001d10   Section        0  i2c.o(i._Z14I2C_ReadBufferhhPhh)
    i._Z15I2C_WriteBufferhPhh                0x08001d60   Section        0  i2c.o(i._Z15I2C_WriteBufferhPhh)
    i._Z16MPU6050_GetGyroXv                  0x08001da0   Section        0  mpu6050.o(i._Z16MPU6050_GetGyroXv)
    i._Z16MPU6050_GetGyroYv                  0x08001da8   Section        0  mpu6050.o(i._Z16MPU6050_GetGyroYv)
    i._Z16MPU6050_GetGyroZv                  0x08001db0   Section        0  mpu6050.o(i._Z16MPU6050_GetGyroZv)
    i._Z16MPU6050_GetValueh                  0x08001db8   Section        0  mpu6050.o(i._Z16MPU6050_GetValueh)
    MPU6050_GetValue(unsigned char)          0x08001db9   Thumb Code    20  mpu6050.o(i._Z16MPU6050_GetValueh)
    i._Z16MPU6050_SetValuehh                 0x08001dcc   Section        0  mpu6050.o(i._Z16MPU6050_SetValuehh)
    MPU6050_SetValue(unsigned char, unsigned char) 0x08001dcd   Thumb Code    22  mpu6050.o(i._Z16MPU6050_SetValuehh)
    i._Z16NVIC_SetPriority9IRQn_Typej        0x08001de2   Section        0  stm32f4xx_hal_cortex.o(i._Z16NVIC_SetPriority9IRQn_Typej)
    NVIC_SetPriority(IRQn_Type, unsigned)    0x08001de3   Thumb Code    32  stm32f4xx_hal_cortex.o(i._Z16NVIC_SetPriority9IRQn_Typej)
    i._Z17MPU6050_GetAcselXv                 0x08001e02   Section        0  mpu6050.o(i._Z17MPU6050_GetAcselXv)
    i._Z17MPU6050_GetAcselYv                 0x08001e0a   Section        0  mpu6050.o(i._Z17MPU6050_GetAcselYv)
    i._Z17MPU6050_GetAcselZv                 0x08001e12   Section        0  mpu6050.o(i._Z17MPU6050_GetAcselZv)
    i._Z17MPU6050_GetTemperv                 0x08001e1a   Section        0  mpu6050.o(i._Z17MPU6050_GetTemperv)
    i._Z17TIM_ETR_SetConfigP11TIM_TypeDefjjj 0x08001e36   Section        0  stm32f4xx_hal_tim.o(i._Z17TIM_ETR_SetConfigP11TIM_TypeDefjjj)
    TIM_ETR_SetConfig(TIM_TypeDef*, unsigned, unsigned, unsigned) 0x08001e37   Thumb Code    20  stm32f4xx_hal_tim.o(i._Z17TIM_ETR_SetConfigP11TIM_TypeDefjjj)
    i._Z18TIM_ITRx_SetConfigP11TIM_TypeDeft  0x08001e4a   Section        0  stm32f4xx_hal_tim.o(i._Z18TIM_ITRx_SetConfigP11TIM_TypeDeft)
    TIM_ITRx_SetConfig(TIM_TypeDef*, unsigned short) 0x08001e4b   Thumb Code    16  stm32f4xx_hal_tim.o(i._Z18TIM_ITRx_SetConfigP11TIM_TypeDeft)
    i._Z21I2C_MasterRequestReadP17I2C_HandleTypeDeftjj 0x08001e5a   Section        0  stm32f4xx_hal_i2c.o(i._Z21I2C_MasterRequestReadP17I2C_HandleTypeDeftjj)
    I2C_MasterRequestRead(I2C_HandleTypeDef*, unsigned short, unsigned, unsigned) 0x08001e5b   Thumb Code   222  stm32f4xx_hal_i2c.o(i._Z21I2C_MasterRequestReadP17I2C_HandleTypeDeftjj)
    i._Z21MPU6050_GetInt16Valuehh            0x08001f38   Section        0  mpu6050.o(i._Z21MPU6050_GetInt16Valuehh)
    MPU6050_GetInt16Value(unsigned char, unsigned char) 0x08001f39   Thumb Code    22  mpu6050.o(i._Z21MPU6050_GetInt16Valuehh)
    i._Z21MadgwickAHRSupdateIMUfffffff       0x08001f50   Section        0  madgwickahrs.o(i._Z21MadgwickAHRSupdateIMUfffffff)
    i._Z22I2C_MasterRequestWriteP17I2C_HandleTypeDeftjj 0x080021f4   Section        0  stm32f4xx_hal_i2c.o(i._Z22I2C_MasterRequestWriteP17I2C_HandleTypeDeftjj)
    I2C_MasterRequestWrite(I2C_HandleTypeDef*, unsigned short, unsigned, unsigned) 0x080021f5   Thumb Code   142  stm32f4xx_hal_i2c.o(i._Z22I2C_MasterRequestWriteP17I2C_HandleTypeDeftjj)
    i._Z23I2C_IsAcknowledgeFailedP17I2C_HandleTypeDef 0x08002288   Section        0  stm32f4xx_hal_i2c.o(i._Z23I2C_IsAcknowledgeFailedP17I2C_HandleTypeDef)
    I2C_IsAcknowledgeFailed(I2C_HandleTypeDef*) 0x08002289   Thumb Code    40  stm32f4xx_hal_i2c.o(i._Z23I2C_IsAcknowledgeFailedP17I2C_HandleTypeDef)
    i._Z23LFFILTER_FilterChannel1f           0x080022b0   Section        0  lffilter.o(i._Z23LFFILTER_FilterChannel1f)
    i._Z23LFFILTER_FilterChannel2f           0x08002300   Section        0  lffilter.o(i._Z23LFFILTER_FilterChannel2f)
    i._Z23LFFILTER_FilterChannel3f           0x08002350   Section        0  lffilter.o(i._Z23LFFILTER_FilterChannel3f)
    i._Z24TIM_TI1_ConfigInputStageP11TIM_TypeDefjj 0x080023a0   Section        0  stm32f4xx_hal_tim.o(i._Z24TIM_TI1_ConfigInputStageP11TIM_TypeDefjj)
    TIM_TI1_ConfigInputStage(TIM_TypeDef*, unsigned, unsigned) 0x080023a1   Thumb Code    34  stm32f4xx_hal_tim.o(i._Z24TIM_TI1_ConfigInputStageP11TIM_TypeDefjj)
    i._Z24TIM_TI2_ConfigInputStageP11TIM_TypeDefjj 0x080023c2   Section        0  stm32f4xx_hal_tim.o(i._Z24TIM_TI2_ConfigInputStageP11TIM_TypeDefjj)
    TIM_TI2_ConfigInputStage(TIM_TypeDef*, unsigned, unsigned) 0x080023c3   Thumb Code    36  stm32f4xx_hal_tim.o(i._Z24TIM_TI2_ConfigInputStageP11TIM_TypeDefjj)
    i._Z26I2C_WaitOnFlagUntilTimeoutP17I2C_HandleTypeDefj10FlagStatusjj 0x080023e6   Section        0  stm32f4xx_hal_i2c.o(i._Z26I2C_WaitOnFlagUntilTimeoutP17I2C_HandleTypeDefj10FlagStatusjj)
    I2C_WaitOnFlagUntilTimeout(I2C_HandleTypeDef*, unsigned, FlagStatus, unsigned, unsigned) 0x080023e7   Thumb Code    96  stm32f4xx_hal_i2c.o(i._Z26I2C_WaitOnFlagUntilTimeoutP17I2C_HandleTypeDefj10FlagStatusjj)
    i._Z29I2C_WaitOnBTFFlagUntilTimeoutP17I2C_HandleTypeDefjj 0x08002446   Section        0  stm32f4xx_hal_i2c.o(i._Z29I2C_WaitOnBTFFlagUntilTimeoutP17I2C_HandleTypeDefjj)
    I2C_WaitOnBTFFlagUntilTimeout(I2C_HandleTypeDef*, unsigned, unsigned) 0x08002447   Thumb Code    78  stm32f4xx_hal_i2c.o(i._Z29I2C_WaitOnBTFFlagUntilTimeoutP17I2C_HandleTypeDefjj)
    i._Z29I2C_WaitOnTXEFlagUntilTimeoutP17I2C_HandleTypeDefjj 0x08002494   Section        0  stm32f4xx_hal_i2c.o(i._Z29I2C_WaitOnTXEFlagUntilTimeoutP17I2C_HandleTypeDefjj)
    I2C_WaitOnTXEFlagUntilTimeout(I2C_HandleTypeDef*, unsigned, unsigned) 0x08002495   Thumb Code    78  stm32f4xx_hal_i2c.o(i._Z29I2C_WaitOnTXEFlagUntilTimeoutP17I2C_HandleTypeDefjj)
    i._Z30I2C_WaitOnRXNEFlagUntilTimeoutP17I2C_HandleTypeDefjj 0x080024e2   Section        0  stm32f4xx_hal_i2c.o(i._Z30I2C_WaitOnRXNEFlagUntilTimeoutP17I2C_HandleTypeDefjj)
    I2C_WaitOnRXNEFlagUntilTimeout(I2C_HandleTypeDef*, unsigned, unsigned) 0x080024e3   Thumb Code    98  stm32f4xx_hal_i2c.o(i._Z30I2C_WaitOnRXNEFlagUntilTimeoutP17I2C_HandleTypeDefjj)
    i._Z39I2C_WaitOnMasterAddressFlagUntilTimeoutP17I2C_HandleTypeDefjjj 0x08002544   Section        0  stm32f4xx_hal_i2c.o(i._Z39I2C_WaitOnMasterAddressFlagUntilTimeoutP17I2C_HandleTypeDefjjj)
    I2C_WaitOnMasterAddressFlagUntilTimeout(I2C_HandleTypeDef*, unsigned, unsigned, unsigned) 0x08002545   Thumb Code   136  stm32f4xx_hal_i2c.o(i._Z39I2C_WaitOnMasterAddressFlagUntilTimeoutP17I2C_HandleTypeDefjjj)
    i._Z7invSqrtf                            0x080025cc   Section        0  madgwickahrs.o(i._Z7invSqrtf)
    i._Z8I2C_Initv                           0x08002608   Section        0  i2c.o(i._Z8I2C_Initv)
    i._Z8RCC_Initv                           0x08002668   Section        0  main.o(i._Z8RCC_Initv)
    i._Z9TIM1_Initv                          0x08002708   Section        0  main.o(i._Z9TIM1_Initv)
    i._ZN13CDisplayBased8PutPixelEttt        0x08002768   Section        0  cdisplaybased.o(i._ZN13CDisplayBased8PutPixelEttt)
    i._ZN13CDisplayBasedC2Ev                 0x0800278c   Section        0  cdisplaybased.o(i._ZN13CDisplayBasedC2Ev)
    i._ZN13CDisplayBasedD2Ev                 0x08002798   Section        0  cdisplaybased.o(i._ZN13CDisplayBasedD2Ev)
    i._ZN14CDisplayIL932515WriteRegister16Ett 0x0800279a   Section        0  cdisplayil9325.o(i._ZN14CDisplayIL932515WriteRegister16Ett)
    i._ZN14CDisplayIL93254InitEv             0x080027c0   Section        0  cdisplayil9325.o(i._ZN14CDisplayIL93254InitEv)
    i._ZN14CDisplayIL93255ResetEv            0x080028e8   Section        0  cdisplayil9325.o(i._ZN14CDisplayIL93255ResetEv)
    i._ZN14CDisplayIL93256CS_OneEv           0x0800292c   Section        0  cdisplayil9325.o(i._ZN14CDisplayIL93256CS_OneEv)
    i._ZN14CDisplayIL93256RD_OneEv           0x0800293c   Section        0  cdisplayil9325.o(i._ZN14CDisplayIL93256RD_OneEv)
    i._ZN14CDisplayIL93256RS_OneEv           0x0800294c   Section        0  cdisplayil9325.o(i._ZN14CDisplayIL93256RS_OneEv)
    i._ZN14CDisplayIL93256WR_OneEv           0x0800295c   Section        0  cdisplayil9325.o(i._ZN14CDisplayIL93256WR_OneEv)
    i._ZN14CDisplayIL93256Write8Eh           0x0800296c   Section        0  cdisplayil9325.o(i._ZN14CDisplayIL93256Write8Eh)
    i._ZN14CDisplayIL93257CS_ZeroEv          0x08002984   Section        0  cdisplayil9325.o(i._ZN14CDisplayIL93257CS_ZeroEv)
    i._ZN14CDisplayIL93257RST_OneEv          0x08002994   Section        0  cdisplayil9325.o(i._ZN14CDisplayIL93257RST_OneEv)
    i._ZN14CDisplayIL93257RS_ZeroEv          0x080029a4   Section        0  cdisplayil9325.o(i._ZN14CDisplayIL93257RS_ZeroEv)
    i._ZN14CDisplayIL93257SetDataEh          0x080029b4   Section        0  cdisplayil9325.o(i._ZN14CDisplayIL93257SetDataEh)
    i._ZN14CDisplayIL93257WR_ZeroEv          0x080029c8   Section        0  cdisplayil9325.o(i._ZN14CDisplayIL93257WR_ZeroEv)
    i._ZN14CDisplayIL93257Write16Et          0x080029d8   Section        0  cdisplayil9325.o(i._ZN14CDisplayIL93257Write16Et)
    i._ZN14CDisplayIL93258OutColorEt         0x080029f0   Section        0  cdisplayil9325.o(i._ZN14CDisplayIL93258OutColorEt)
    i._ZN14CDisplayIL93258RST_ZeroEv         0x080029f4   Section        0  cdisplayil9325.o(i._ZN14CDisplayIL93258RST_ZeroEv)
    i._ZN14CDisplayIL93259SetWindowEtttt     0x08002a04   Section        0  cdisplayil9325.o(i._ZN14CDisplayIL93259SetWindowEtttt)
    i._ZN14CDisplayIL9325C1Ev                0x08002a64   Section        0  cdisplayil9325.o(i._ZN14CDisplayIL9325C1Ev)
    i._ZN14CDisplayIL9325D1Ev                0x08002a74   Section        0  cdisplayil9325.o(i._ZN14CDisplayIL9325D1Ev)
    i._ZN14CDisplayMemory4InitEv             0x08002a78   Section        0  cdisplaymemory.o(i._ZN14CDisplayMemory4InitEv)
    i._ZN14CDisplayMemory8OutColorEt         0x08002a7c   Section        0  cdisplaymemory.o(i._ZN14CDisplayMemory8OutColorEt)
    i._ZN14CDisplayMemory9SetWindowEtttt     0x08002b20   Section        0  cdisplaymemory.o(i._ZN14CDisplayMemory9SetWindowEtttt)
    i._ZN14CDisplayMemoryC1Ev                0x08002b34   Section        0  cdisplaymemory.o(i._ZN14CDisplayMemoryC1Ev)
    i._ZN14CDisplayMemoryD1Ev                0x08002b54   Section        0  cdisplaymemory.o(i._ZN14CDisplayMemoryD1Ev)
    i._ZN15CMathProcessing10ConvertAcsEs     0x08002b58   Section        0  cmathprocessing.o(i._ZN15CMathProcessing10ConvertAcsEs)
    i._ZN15CMathProcessing11ConvertGyroEs    0x08002b70   Section        0  cmathprocessing.o(i._ZN15CMathProcessing11ConvertGyroEs)
    i._ZN15CMathProcessing13ConvertTemperEs  0x08002b88   Section        0  cmathprocessing.o(i._ZN15CMathProcessing13ConvertTemperEs)
    i._ZN15CMathProcessing13FindMoveParamEjf 0x08002ba0   Section        0  cmathprocessing.o(i._ZN15CMathProcessing13FindMoveParamEjf)
    i._ZN15CMathProcessing21FindMaxMinOscillationERKfRNS_8SChannelEjf 0x08002ca8   Section        0  cmathprocessing.o(i._ZN15CMathProcessing21FindMaxMinOscillationERKfRNS_8SChannelEjf)
    i._ZN15CMathProcessing7NewDataEfsssssss  0x08002da4   Section        0  cmathprocessing.o(i._ZN15CMathProcessing7NewDataEfsssssss)
    i._ZN15CMathProcessing8GetValueEv        0x08002f0c   Section        0  cmathprocessing.o(i._ZN15CMathProcessing8GetValueEv)
    i._ZN15CMathProcessingC1Ev               0x08002f14   Section        0  cmathprocessing.o(i._ZN15CMathProcessingC1Ev)
    i._ZN15CMathProcessingD1Ev               0x08002fa0   Section        0  cmathprocessing.o(i._ZN15CMathProcessingD1Ev)
    i._ZN23CDisplayStandardLibrary17PutSymbolVerticalEiiht 0x08002fa4   Section        0  cdisplaystandardlibrary.o(i._ZN23CDisplayStandardLibrary17PutSymbolVerticalEiiht)
    i._ZN23CDisplayStandardLibrary19PutSymbolHorizontalEiiht 0x08003004   Section        0  cdisplaystandardlibrary.o(i._ZN23CDisplayStandardLibrary19PutSymbolHorizontalEiiht)
    i._ZN23CDisplayStandardLibrary5ClearEt   0x08003068   Section        0  cdisplaystandardlibrary.o(i._ZN23CDisplayStandardLibrary5ClearEt)
    i._ZN23CDisplayStandardLibrary9PutStringEiiPKct 0x080030ac   Section        0  cdisplaystandardlibrary.o(i._ZN23CDisplayStandardLibrary9PutStringEiiPKct)
    i._ZN23CDisplayStandardLibrary9PutSymbolEiict 0x080030d6   Section        0  cdisplaystandardlibrary.o(i._ZN23CDisplayStandardLibrary9PutSymbolEiict)
    i._ZN23CDisplayStandardLibraryC1EP8IDisplayb 0x080030fa   Section        0  cdisplaystandardlibrary.o(i._ZN23CDisplayStandardLibraryC1EP8IDisplayb)
    i._ZN23CDisplayStandardLibraryD1Ev       0x08003106   Section        0  cdisplaystandardlibrary.o(i._ZN23CDisplayStandardLibraryD1Ev)
    i.__0sprintf                             0x08003108   Section        0  printfa.o(i.__0sprintf)
    i.__ARM_fpclassifyf                      0x08003130   Section        0  fpclassifyf.o(i.__ARM_fpclassifyf)
    i.__cxa_pure_virtual                     0x08003156   Section        0  pure_virt.o(i.__cxa_pure_virtual)
    i.__hardfp_asinf                         0x0800315c   Section        0  asinf.o(i.__hardfp_asinf)
    i.__hardfp_atan2f                        0x08003288   Section        0  atan2f.o(i.__hardfp_atan2f)
    i.__mathlib_flt_infnan                   0x080034d8   Section        0  funder.o(i.__mathlib_flt_infnan)
    i.__mathlib_flt_infnan2                  0x080034de   Section        0  funder.o(i.__mathlib_flt_infnan2)
    i.__mathlib_flt_invalid                  0x080034e4   Section        0  funder.o(i.__mathlib_flt_invalid)
    i.__mathlib_flt_underflow                0x080034f4   Section        0  funder.o(i.__mathlib_flt_underflow)
    i.__scatterload_copy                     0x08003504   Section       14  handlers.o(i.__scatterload_copy)
    i.__scatterload_null                     0x08003512   Section        2  handlers.o(i.__scatterload_null)
    i.__scatterload_zeroinit                 0x08003514   Section       14  handlers.o(i.__scatterload_zeroinit)
    i.__set_errno                            0x08003524   Section        0  errno.o(i.__set_errno)
    i.__sti___8_main_cpp_cDisplay            0x08003530   Section        0  main.o(i.__sti___8_main_cpp_cDisplay)
    __sti___8_main_cpp_cDisplay              0x08003531   Thumb Code    74  main.o(i.__sti___8_main_cpp_cDisplay)
    i._fp_digits                             0x08003598   Section        0  printfa.o(i._fp_digits)
    _fp_digits                               0x08003599   Thumb Code   334  printfa.o(i._fp_digits)
    i._printf_core                           0x080036fc   Section        0  printfa.o(i._printf_core)
    _printf_core                             0x080036fd   Thumb Code  1744  printfa.o(i._printf_core)
    i._printf_post_padding                   0x08003dd8   Section        0  printfa.o(i._printf_post_padding)
    _printf_post_padding                     0x08003dd9   Thumb Code    36  printfa.o(i._printf_post_padding)
    i._printf_pre_padding                    0x08003dfc   Section        0  printfa.o(i._printf_pre_padding)
    _printf_pre_padding                      0x08003dfd   Thumb Code    46  printfa.o(i._printf_pre_padding)
    i._sputc                                 0x08003e2a   Section        0  printfa.o(i._sputc)
    _sputc                                   0x08003e2b   Thumb Code    10  printfa.o(i._sputc)
    i.free                                   0x08003e34   Section        0  malloc.o(i.free)
    i.main                                   0x08003e84   Section        0  main.o(i.main)
    i.malloc                                 0x080040ec   Section        0  malloc.o(i.malloc)
    i.sqrtf                                  0x08004158   Section        0  sqrtf.o(i.sqrtf)
    .constdata                               0x08004196   Section      204  cdisplayil9325.o(.constdata)
    IL9325_InitList                          0x08004196   Data         204  cdisplayil9325.o(.constdata)
    .constdata                               0x08004262   Section     3136  cdisplaystandardlibrary.o(.constdata)
    Font8x14                                 0x08004262   Data        3136  cdisplaystandardlibrary.o(.constdata)
    .constdata                               0x08004ea4   Section      124  lffilter.o(.constdata)
    FIRCoef                                  0x08004ea4   Data         124  lffilter.o(.constdata)
    .constdata                               0x08004f20   Section       16  system_stm32f4xx.o(.constdata)
    .constdata                               0x08004f30   Section        8  system_stm32f4xx.o(.constdata)
    .constdata__ZTV13CDisplayBased           0x08004f38   Section       32  cdisplaybased.o(.constdata__ZTV13CDisplayBased)
    .constdata__ZTV14CDisplayIL9325          0x08004f58   Section       32  cdisplayil9325.o(.constdata__ZTV14CDisplayIL9325)
    .constdata__ZTV14CDisplayMemory          0x08004f78   Section       32  cdisplaymemory.o(.constdata__ZTV14CDisplayMemory)
    .init_array                              0x08004fc8   Section        4  main.o(.init_array)
    .init_array                              0x08004fcc   Section        0  cpp_init.o(.init_array)
    .data                                    0x10000000   Section       20  madgwickahrs.o(.data)
    .data                                    0x10000014   Section       24  cmathprocessing.o(.data)
    ax0                                      0x10000014   Data           4  cmathprocessing.o(.data)
    ay0                                      0x10000018   Data           4  cmathprocessing.o(.data)
    az0                                      0x1000001c   Data           4  cmathprocessing.o(.data)
    axs                                      0x10000020   Data           4  cmathprocessing.o(.data)
    ays                                      0x10000024   Data           4  cmathprocessing.o(.data)
    azs                                      0x10000028   Data           4  cmathprocessing.o(.data)
    .data                                    0x1000002c   Section       12  main.o(.data)
    .data                                    0x10000038   Section        4  system_stm32f4xx.o(.data)
    .data                                    0x1000003c   Section        4  stm32f4xx_hal.o(.data)
    .data                                    0x10000040   Section        4  errno.o(.data)
    _errno                                   0x10000040   Data           4  errno.o(.data)
    .data                                    0x10000044   Section        4  cpp_dtor.o(.data)
    ddtor_pointer                            0x10000044   Data           4  cpp_dtor.o(.data)
    .data                                    0x10000048   Section        4  mvars.o(.data)
    .data                                    0x1000004c   Section        4  mvars.o(.data)
    .bss                                     0x10000050   Section       84  i2c.o(.bss)
    hi2c3                                    0x10000050   Data          84  i2c.o(.bss)
    .bss                                     0x100000a4   Section      372  lffilter.o(.bss)
    x                                        0x100000a4   Data         124  lffilter.o(.bss)
    x                                        0x10000120   Data         124  lffilter.o(.bss)
    x                                        0x1000019c   Data         124  lffilter.o(.bss)
    .bss                                     0x10000218   Section      308  main.o(.bss)
    HEAP                                     0x10000350   Section      512  startup_stm32f407xx.o(HEAP)
    STACK                                    0x10000550   Section     2048  startup_stm32f407xx.o(STACK)
    .bss                                     0x20000000   Section    76800  cdisplaymemory.o(.bss)

    Global Symbols

    Symbol Name                              Value     Ov Type        Size  Object(Section)

    BuildAttributes$$THM_ISAv4$E$P$D$K$B$S$7EM$VFPi3$EXTD16$VFPS$VFMA$PE$A:L22UL41UL21$X:L11$S22US41US21$IEEE1$IW$USESV6$~STKCKD$USESV7$~SHL$OTIME$ROPI$IEEEX$EBA8$UX$MICROLIB$REQ8$PRES8$EABIv2 0x00000000   Number         0  anon$$obj.o ABSOLUTE
    __ARM_use_no_argv                        0x00000000   Number         0  main.o ABSOLUTE
    _printf_a                                0x00000000   Number         0  stubs.o ABSOLUTE
    _printf_c                                0x00000000   Number         0  stubs.o ABSOLUTE
    _printf_charcount                        0x00000000   Number         0  stubs.o ABSOLUTE
    _printf_d                                0x00000000   Number         0  stubs.o ABSOLUTE
    _printf_e                                0x00000000   Number         0  stubs.o ABSOLUTE
    _printf_f                                0x00000000   Number         0  stubs.o ABSOLUTE
    _printf_flags                            0x00000000   Number         0  stubs.o ABSOLUTE
    _printf_fp_dec                           0x00000000   Number         0  stubs.o ABSOLUTE
    _printf_fp_hex                           0x00000000   Number         0  stubs.o ABSOLUTE
    _printf_g                                0x00000000   Number         0  stubs.o ABSOLUTE
    _printf_i                                0x00000000   Number         0  stubs.o ABSOLUTE
    _printf_int_dec                          0x00000000   Number         0  stubs.o ABSOLUTE
    _printf_l                                0x00000000   Number         0  stubs.o ABSOLUTE
    _printf_lc                               0x00000000   Number         0  stubs.o ABSOLUTE
    _printf_ll                               0x00000000   Number         0  stubs.o ABSOLUTE
    _printf_lld                              0x00000000   Number         0  stubs.o ABSOLUTE
    _printf_lli                              0x00000000   Number         0  stubs.o ABSOLUTE
    _printf_llo                              0x00000000   Number         0  stubs.o ABSOLUTE
    _printf_llu                              0x00000000   Number         0  stubs.o ABSOLUTE
    _printf_llx                              0x00000000   Number         0  stubs.o ABSOLUTE
    _printf_longlong_dec                     0x00000000   Number         0  stubs.o ABSOLUTE
    _printf_longlong_hex                     0x00000000   Number         0  stubs.o ABSOLUTE
    _printf_longlong_oct                     0x00000000   Number         0  stubs.o ABSOLUTE
    _printf_ls                               0x00000000   Number         0  stubs.o ABSOLUTE
    _printf_mbtowc                           0x00000000   Number         0  stubs.o ABSOLUTE
    _printf_n                                0x00000000   Number         0  stubs.o ABSOLUTE
    _printf_o                                0x00000000   Number         0  stubs.o ABSOLUTE
    _printf_p                                0x00000000   Number         0  stubs.o ABSOLUTE
    _printf_percent                          0x00000000   Number         0  stubs.o ABSOLUTE
    _printf_pre_padding                      0x00000000   Number         0  stubs.o ABSOLUTE
    _printf_return_value                     0x00000000   Number         0  stubs.o ABSOLUTE
    _printf_s                                0x00000000   Number         0  stubs.o ABSOLUTE
    _printf_sizespec                         0x00000000   Number         0  stubs.o ABSOLUTE
    _printf_str                              0x00000000   Number         0  stubs.o ABSOLUTE
    _printf_truncate_signed                  0x00000000   Number         0  stubs.o ABSOLUTE
    _printf_truncate_unsigned                0x00000000   Number         0  stubs.o ABSOLUTE
    _printf_u                                0x00000000   Number         0  stubs.o ABSOLUTE
    _printf_wc                               0x00000000   Number         0  stubs.o ABSOLUTE
    _printf_wctomb                           0x00000000   Number         0  stubs.o ABSOLUTE
    _printf_widthprec                        0x00000000   Number         0  stubs.o ABSOLUTE
    _printf_x                                0x00000000   Number         0  stubs.o ABSOLUTE
    __ARM::default_unexpected_handler()       - Undefined Weak Reference
    __ARM_exceptions_buffer_required          - Undefined Weak Reference
    __decompress                              - Undefined Weak Reference
    _clock_init                               - Undefined Weak Reference
    _microlib_exit                            - Undefined Weak Reference
    __Vectors_Size                           0x00000188   Number         0  startup_stm32f407xx.o ABSOLUTE
    __Vectors                                0x08000000   Data           4  startup_stm32f407xx.o(RESET)
    __dso_handle                             0x08000000   Number         0  startup_stm32f407xx.o(RESET)
    __Vectors_End                            0x08000188   Data           0  startup_stm32f407xx.o(RESET)
    __main                                   0x08000189   Thumb Code     0  entry.o(.ARM.Collect$$$$00000000)
    _main_stk                                0x08000189   Thumb Code     0  entry2.o(.ARM.Collect$$$$00000001)
    _main_scatterload                        0x0800018d   Thumb Code     0  entry5.o(.ARM.Collect$$$$00000004)
    __main_after_scatterload                 0x08000191   Thumb Code     0  entry5.o(.ARM.Collect$$$$00000004)
    _main_clock                              0x08000191   Thumb Code     0  entry7b.o(.ARM.Collect$$$$00000008)
    _main_cpp_init$empty                     0x08000191   Thumb Code     0  entry8a.o(.ARM.Collect$$$$00000009)
    _main_cpp_init                           0x08000195   Thumb Code     0  entry8b.o(.ARM.Collect$$$$0000000A)
    _main_init                               0x08000195   Thumb Code     0  entry9a.o(.ARM.Collect$$$$0000000B)
    __rt_final_cpp                           0x0800019d   Thumb Code     0  entry10a.o(.ARM.Collect$$$$0000000D)
    __rt_final_cpp$nonempty                  0x0800019d   Thumb Code     0  entry10b.o(.ARM.Collect$$$$0000000E)
    __rt_final_exit                          0x080001a1   Thumb Code     0  entry11a.o(.ARM.Collect$$$$0000000F)
    Reset_Handler                            0x080001a5   Thumb Code     8  startup_stm32f407xx.o(.text)
    ADC_IRQHandler                           0x080001bf   Thumb Code     0  startup_stm32f407xx.o(.text)
    CAN1_RX0_IRQHandler                      0x080001bf   Thumb Code     0  startup_stm32f407xx.o(.text)
    CAN1_RX1_IRQHandler                      0x080001bf   Thumb Code     0  startup_stm32f407xx.o(.text)
    CAN1_SCE_IRQHandler                      0x080001bf   Thumb Code     0  startup_stm32f407xx.o(.text)
    CAN1_TX_IRQHandler                       0x080001bf   Thumb Code     0  startup_stm32f407xx.o(.text)
    CAN2_RX0_IRQHandler                      0x080001bf   Thumb Code     0  startup_stm32f407xx.o(.text)
    CAN2_RX1_IRQHandler                      0x080001bf   Thumb Code     0  startup_stm32f407xx.o(.text)
    CAN2_SCE_IRQHandler                      0x080001bf   Thumb Code     0  startup_stm32f407xx.o(.text)
    CAN2_TX_IRQHandler                       0x080001bf   Thumb Code     0  startup_stm32f407xx.o(.text)
    DCMI_IRQHandler                          0x080001bf   Thumb Code     0  startup_stm32f407xx.o(.text)
    DMA1_Stream0_IRQHandler                  0x080001bf   Thumb Code     0  startup_stm32f407xx.o(.text)
    DMA1_Stream1_IRQHandler                  0x080001bf   Thumb Code     0  startup_stm32f407xx.o(.text)
    DMA1_Stream2_IRQHandler                  0x080001bf   Thumb Code     0  startup_stm32f407xx.o(.text)
    DMA1_Stream3_IRQHandler                  0x080001bf   Thumb Code     0  startup_stm32f407xx.o(.text)
    DMA1_Stream4_IRQHandler                  0x080001bf   Thumb Code     0  startup_stm32f407xx.o(.text)
    DMA1_Stream5_IRQHandler                  0x080001bf   Thumb Code     0  startup_stm32f407xx.o(.text)
    DMA1_Stream6_IRQHandler                  0x080001bf   Thumb Code     0  startup_stm32f407xx.o(.text)
    DMA1_Stream7_IRQHandler                  0x080001bf   Thumb Code     0  startup_stm32f407xx.o(.text)
    DMA2_Stream0_IRQHandler                  0x080001bf   Thumb Code     0  startup_stm32f407xx.o(.text)
    DMA2_Stream1_IRQHandler                  0x080001bf   Thumb Code     0  startup_stm32f407xx.o(.text)
    DMA2_Stream2_IRQHandler                  0x080001bf   Thumb Code     0  startup_stm32f407xx.o(.text)
    DMA2_Stream3_IRQHandler                  0x080001bf   Thumb Code     0  startup_stm32f407xx.o(.text)
    DMA2_Stream4_IRQHandler                  0x080001bf   Thumb Code     0  startup_stm32f407xx.o(.text)
    DMA2_Stream5_IRQHandler                  0x080001bf   Thumb Code     0  startup_stm32f407xx.o(.text)
    DMA2_Stream6_IRQHandler                  0x080001bf   Thumb Code     0  startup_stm32f407xx.o(.text)
    DMA2_Stream7_IRQHandler                  0x080001bf   Thumb Code     0  startup_stm32f407xx.o(.text)
    ETH_IRQHandler                           0x080001bf   Thumb Code     0  startup_stm32f407xx.o(.text)
    ETH_WKUP_IRQHandler                      0x080001bf   Thumb Code     0  startup_stm32f407xx.o(.text)
    EXTI0_IRQHandler                         0x080001bf   Thumb Code     0  startup_stm32f407xx.o(.text)
    EXTI15_10_IRQHandler                     0x080001bf   Thumb Code     0  startup_stm32f407xx.o(.text)
    EXTI1_IRQHandler                         0x080001bf   Thumb Code     0  startup_stm32f407xx.o(.text)
    EXTI2_IRQHandler                         0x080001bf   Thumb Code     0  startup_stm32f407xx.o(.text)
    EXTI3_IRQHandler                         0x080001bf   Thumb Code     0  startup_stm32f407xx.o(.text)
    EXTI4_IRQHandler                         0x080001bf   Thumb Code     0  startup_stm32f407xx.o(.text)
    EXTI9_5_IRQHandler                       0x080001bf   Thumb Code     0  startup_stm32f407xx.o(.text)
    FLASH_IRQHandler                         0x080001bf   Thumb Code     0  startup_stm32f407xx.o(.text)
    FMC_IRQHandler                           0x080001bf   Thumb Code     0  startup_stm32f407xx.o(.text)
    FPU_IRQHandler                           0x080001bf   Thumb Code     0  startup_stm32f407xx.o(.text)
    HASH_RNG_IRQHandler                      0x080001bf   Thumb Code     0  startup_stm32f407xx.o(.text)
    I2C1_ER_IRQHandler                       0x080001bf   Thumb Code     0  startup_stm32f407xx.o(.text)
    I2C1_EV_IRQHandler                       0x080001bf   Thumb Code     0  startup_stm32f407xx.o(.text)
    I2C2_ER_IRQHandler                       0x080001bf   Thumb Code     0  startup_stm32f407xx.o(.text)
    I2C2_EV_IRQHandler                       0x080001bf   Thumb Code     0  startup_stm32f407xx.o(.text)
    I2C3_ER_IRQHandler                       0x080001bf   Thumb Code     0  startup_stm32f407xx.o(.text)
    I2C3_EV_IRQHandler                       0x080001bf   Thumb Code     0  startup_stm32f407xx.o(.text)
    OTG_FS_IRQHandler                        0x080001bf   Thumb Code     0  startup_stm32f407xx.o(.text)
    OTG_FS_WKUP_IRQHandler                   0x080001bf   Thumb Code     0  startup_stm32f407xx.o(.text)
    OTG_HS_EP1_IN_IRQHandler                 0x080001bf   Thumb Code     0  startup_stm32f407xx.o(.text)
    OTG_HS_EP1_OUT_IRQHandler                0x080001bf   Thumb Code     0  startup_stm32f407xx.o(.text)
    OTG_HS_IRQHandler                        0x080001bf   Thumb Code     0  startup_stm32f407xx.o(.text)
    OTG_HS_WKUP_IRQHandler                   0x080001bf   Thumb Code     0  startup_stm32f407xx.o(.text)
    PVD_IRQHandler                           0x080001bf   Thumb Code     0  startup_stm32f407xx.o(.text)
    RCC_IRQHandler                           0x080001bf   Thumb Code     0  startup_stm32f407xx.o(.text)
    RTC_Alarm_IRQHandler                     0x080001bf   Thumb Code     0  startup_stm32f407xx.o(.text)
    RTC_WKUP_IRQHandler                      0x080001bf   Thumb Code     0  startup_stm32f407xx.o(.text)
    SDIO_IRQHandler                          0x080001bf   Thumb Code     0  startup_stm32f407xx.o(.text)
    SPI1_IRQHandler                          0x080001bf   Thumb Code     0  startup_stm32f407xx.o(.text)
    SPI2_IRQHandler                          0x080001bf   Thumb Code     0  startup_stm32f407xx.o(.text)
    SPI3_IRQHandler                          0x080001bf   Thumb Code     0  startup_stm32f407xx.o(.text)
    TAMP_STAMP_IRQHandler                    0x080001bf   Thumb Code     0  startup_stm32f407xx.o(.text)
    TIM1_BRK_TIM9_IRQHandler                 0x080001bf   Thumb Code     0  startup_stm32f407xx.o(.text)
    TIM1_CC_IRQHandler                       0x080001bf   Thumb Code     0  startup_stm32f407xx.o(.text)
    TIM1_TRG_COM_TIM11_IRQHandler            0x080001bf   Thumb Code     0  startup_stm32f407xx.o(.text)
    TIM2_IRQHandler                          0x080001bf   Thumb Code     0  startup_stm32f407xx.o(.text)
    TIM3_IRQHandler                          0x080001bf   Thumb Code     0  startup_stm32f407xx.o(.text)
    TIM4_IRQHandler                          0x080001bf   Thumb Code     0  startup_stm32f407xx.o(.text)
    TIM5_IRQHandler                          0x080001bf   Thumb Code     0  startup_stm32f407xx.o(.text)
    TIM6_DAC_IRQHandler                      0x080001bf   Thumb Code     0  startup_stm32f407xx.o(.text)
    TIM7_IRQHandler                          0x080001bf   Thumb Code     0  startup_stm32f407xx.o(.text)
    TIM8_BRK_TIM12_IRQHandler                0x080001bf   Thumb Code     0  startup_stm32f407xx.o(.text)
    TIM8_CC_IRQHandler                       0x080001bf   Thumb Code     0  startup_stm32f407xx.o(.text)
    TIM8_TRG_COM_TIM14_IRQHandler            0x080001bf   Thumb Code     0  startup_stm32f407xx.o(.text)
    TIM8_UP_TIM13_IRQHandler                 0x080001bf   Thumb Code     0  startup_stm32f407xx.o(.text)
    UART4_IRQHandler                         0x080001bf   Thumb Code     0  startup_stm32f407xx.o(.text)
    UART5_IRQHandler                         0x080001bf   Thumb Code     0  startup_stm32f407xx.o(.text)
    USART1_IRQHandler                        0x080001bf   Thumb Code     0  startup_stm32f407xx.o(.text)
    USART2_IRQHandler                        0x080001bf   Thumb Code     0  startup_stm32f407xx.o(.text)
    USART3_IRQHandler                        0x080001bf   Thumb Code     0  startup_stm32f407xx.o(.text)
    USART6_IRQHandler                        0x080001bf   Thumb Code     0  startup_stm32f407xx.o(.text)
    WWDG_IRQHandler                          0x080001bf   Thumb Code     0  startup_stm32f407xx.o(.text)
    __aeabi_memcpy                           0x080001c9   Thumb Code    36  memcpya.o(.text)
    __aeabi_memcpy4                          0x080001c9   Thumb Code     0  memcpya.o(.text)
    __aeabi_memcpy8                          0x080001c9   Thumb Code     0  memcpya.o(.text)
    __cpp_initialize__aeabi_                 0x080001ed   Thumb Code    22  cpp_init.o(.text)
    __aeabi_atexit                           0x0800020d   Thumb Code    46  aeabi_atexit.o(.text)
    __aeabi_dadd                             0x0800023b   Thumb Code   322  dadd.o(.text)
    __aeabi_dsub                             0x0800037d   Thumb Code     6  dadd.o(.text)
    __aeabi_drsub                            0x08000383   Thumb Code     6  dadd.o(.text)
    __aeabi_dmul                             0x08000389   Thumb Code   228  dmul.o(.text)
    __aeabi_f2d                              0x0800046d   Thumb Code    38  f2d.o(.text)
    __aeabi_d2f                              0x08000493   Thumb Code    56  d2f.o(.text)
    __aeabi_uidiv                            0x080004cb   Thumb Code     0  uidiv.o(.text)
    __aeabi_uidivmod                         0x080004cb   Thumb Code    44  uidiv.o(.text)
    __aeabi_uldivmod                         0x080004f7   Thumb Code    98  uldiv.o(.text)
    __aeabi_llsl                             0x08000559   Thumb Code    30  llshl.o(.text)
    _ll_shift_l                              0x08000559   Thumb Code     0  llshl.o(.text)
    __aeabi_lasr                             0x08000577   Thumb Code    36  llsshr.o(.text)
    _ll_sshift_r                             0x08000577   Thumb Code     0  llsshr.o(.text)
    __I$use$fp                               0x0800059b   Thumb Code     0  iusefp.o(.text)
    __rt_ddtor_pointer_addr                  0x0800059d   Thumb Code     4  cpp_dtor.o(.text)
    __rt_SIGPVFN                             0x080005a5   Thumb Code     2  cpp_signal.o(.text)
    __cxa_finalize                           0x080005a7   Thumb Code    66  cxa_finalize.o(.text)
    _float_round                             0x080005e9   Thumb Code    18  fepilogue.o(.text)
    _float_epilogue                          0x080005fb   Thumb Code    92  fepilogue.o(.text)
    _double_round                            0x08000657   Thumb Code    30  depilogue.o(.text)
    _double_epilogue                         0x08000675   Thumb Code   156  depilogue.o(.text)
    __aeabi_ddiv                             0x08000711   Thumb Code   222  ddiv.o(.text)
    __aeabi_d2ulz                            0x080007ef   Thumb Code    48  dfixul.o(.text)
    __aeabi_cdrcmple                         0x08000821   Thumb Code    48  cdrcmple.o(.text)
    __scatterload                            0x08000851   Thumb Code    28  init.o(.text)
    __scatterload_rt2                        0x08000851   Thumb Code     0  init.o(.text)
    __aeabi_llsr                             0x08000875   Thumb Code    32  llushr.o(.text)
    _ll_ushift_r                             0x08000875   Thumb Code     0  llushr.o(.text)
    __rt_lib_shutdown_cpp_2                  0x08000895   Thumb Code     2  cpp_final.o(.text)
    BusFault_Handler                         0x08000897   Thumb Code     2  stm32f4xx_it.o(i.BusFault_Handler)
    DebugMon_Handler                         0x08000899   Thumb Code     2  stm32f4xx_it.o(i.DebugMon_Handler)
    HAL_Delay                                0x0800089b   Thumb Code    28  stm32f4xx_hal.o(i.HAL_Delay)
    HAL_GPIO_Init                            0x080008b9   Thumb Code   388  stm32f4xx_hal_gpio.o(i.HAL_GPIO_Init)
    HAL_GPIO_WritePin                        0x08000a69   Thumb Code    10  stm32f4xx_hal_gpio.o(i.HAL_GPIO_WritePin)
    HAL_GetTick                              0x08000a75   Thumb Code     6  stm32f4xx_hal.o(i.HAL_GetTick)
    HAL_I2C_GetError                         0x08000a81   Thumb Code     4  stm32f4xx_hal_i2c.o(i.HAL_I2C_GetError)
    HAL_I2C_GetState                         0x08000a85   Thumb Code     6  stm32f4xx_hal_i2c.o(i.HAL_I2C_GetState)
    HAL_I2C_Init                             0x08000a8d   Thumb Code   254  stm32f4xx_hal_i2c.o(i.HAL_I2C_Init)
    HAL_I2C_Master_Receive                   0x08000b95   Thumb Code   474  stm32f4xx_hal_i2c.o(i.HAL_I2C_Master_Receive)
    HAL_I2C_Master_Transmit                  0x08000d7d   Thumb Code   304  stm32f4xx_hal_i2c.o(i.HAL_I2C_Master_Transmit)
    HAL_I2C_MspInit                          0x08000eb5   Thumb Code    70  stm32f4xx_hal_msp.o(i.HAL_I2C_MspInit)
    HAL_IncTick                              0x08000f0d   Thumb Code    10  stm32f4xx_hal.o(i.HAL_IncTick)
    HAL_Init                                 0x08000f1d   Thumb Code    48  stm32f4xx_hal.o(i.HAL_Init)
    HAL_InitTick                             0x08000f51   Thumb Code    34  stm32f4xx_hal.o(i.HAL_InitTick)
    HAL_MspInit                              0x08000f79   Thumb Code    88  stm32f4xx_hal_msp.o(i.HAL_MspInit)
    HAL_NVIC_EnableIRQ                       0x08000fd1   Thumb Code    22  stm32f4xx_hal_cortex.o(i.HAL_NVIC_EnableIRQ)
    HAL_NVIC_SetPriority                     0x08000fe9   Thumb Code    60  stm32f4xx_hal_cortex.o(i.HAL_NVIC_SetPriority)
    HAL_NVIC_SetPriorityGrouping             0x08001029   Thumb Code    26  stm32f4xx_hal_cortex.o(i.HAL_NVIC_SetPriorityGrouping)
    HAL_RCC_ClockConfig                      0x0800104d   Thumb Code   364  stm32f4xx_hal_rcc.o(i.HAL_RCC_ClockConfig)
    HAL_RCC_GetHCLKFreq                      0x080011c9   Thumb Code     6  stm32f4xx_hal_rcc.o(i.HAL_RCC_GetHCLKFreq)
    HAL_RCC_GetPCLK1Freq                     0x080011d5   Thumb Code    34  stm32f4xx_hal_rcc.o(i.HAL_RCC_GetPCLK1Freq)
    HAL_RCC_GetSysClockFreq                  0x08001205   Thumb Code   104  stm32f4xx_hal_rcc.o(i.HAL_RCC_GetSysClockFreq)
    HAL_RCC_OscConfig                        0x08001275   Thumb Code   770  stm32f4xx_hal_rcc.o(i.HAL_RCC_OscConfig)
    HAL_SYSTICK_CLKSourceConfig              0x08001589   Thumb Code    24  stm32f4xx_hal_cortex.o(i.HAL_SYSTICK_CLKSourceConfig)
    HAL_SYSTICK_Callback                     0x080015a1   Thumb Code     2  stm32f4xx_hal_cortex.o(i.HAL_SYSTICK_Callback)
    HAL_SYSTICK_Config                       0x080015a3   Thumb Code    40  stm32f4xx_hal_cortex.o(i.HAL_SYSTICK_Config)
    HAL_SYSTICK_IRQHandler                   0x080015cb   Thumb Code     8  stm32f4xx_hal_cortex.o(i.HAL_SYSTICK_IRQHandler)
    HAL_TIMEx_BreakCallback                  0x080015d3   Thumb Code     2  stm32f4xx_hal_tim_ex.o(i.HAL_TIMEx_BreakCallback)
    HAL_TIMEx_CommutationCallback            0x080015d5   Thumb Code     2  stm32f4xx_hal_tim_ex.o(i.HAL_TIMEx_CommutationCallback)
    HAL_TIMEx_MasterConfigSynchronization    0x080015d7   Thumb Code    80  stm32f4xx_hal_tim_ex.o(i.HAL_TIMEx_MasterConfigSynchronization)
    HAL_TIM_Base_Init                        0x08001627   Thumb Code    54  stm32f4xx_hal_tim.o(i.HAL_TIM_Base_Init)
    HAL_TIM_Base_MspInit                     0x0800165d   Thumb Code    50  stm32f4xx_hal_msp.o(i.HAL_TIM_Base_MspInit)
    HAL_TIM_Base_Start_IT                    0x08001699   Thumb Code    24  stm32f4xx_hal_tim.o(i.HAL_TIM_Base_Start_IT)
    HAL_TIM_ConfigClockSource                0x080016b1   Thumb Code   242  stm32f4xx_hal_tim.o(i.HAL_TIM_ConfigClockSource)
    HAL_TIM_IC_CaptureCallback               0x080017a3   Thumb Code     2  stm32f4xx_hal_tim.o(i.HAL_TIM_IC_CaptureCallback)
    HAL_TIM_IRQHandler                       0x080017a5   Thumb Code   358  stm32f4xx_hal_tim.o(i.HAL_TIM_IRQHandler)
    HAL_TIM_OC_DelayElapsedCallback          0x0800190b   Thumb Code     2  stm32f4xx_hal_tim.o(i.HAL_TIM_OC_DelayElapsedCallback)
    HAL_TIM_PWM_PulseFinishedCallback        0x0800190d   Thumb Code     2  stm32f4xx_hal_tim.o(i.HAL_TIM_PWM_PulseFinishedCallback)
    HAL_TIM_PeriodElapsedCallback            0x08001911   Thumb Code    80  main.o(i.HAL_TIM_PeriodElapsedCallback)
    HAL_TIM_TriggerCallback                  0x0800196d   Thumb Code     2  stm32f4xx_hal_tim.o(i.HAL_TIM_TriggerCallback)
    HardFault_Handler                        0x0800196f   Thumb Code     2  stm32f4xx_it.o(i.HardFault_Handler)
    MemManage_Handler                        0x08001971   Thumb Code     2  stm32f4xx_it.o(i.MemManage_Handler)
    NMI_Handler                              0x08001973   Thumb Code     2  stm32f4xx_it.o(i.NMI_Handler)
    PendSV_Handler                           0x08001975   Thumb Code     2  stm32f4xx_it.o(i.PendSV_Handler)
    SVC_Handler                              0x08001977   Thumb Code     2  stm32f4xx_it.o(i.SVC_Handler)
    SysTick_Handler                          0x08001979   Thumb Code    14  stm32f4xx_it.o(i.SysTick_Handler)
    SystemInit                               0x08001989   Thumb Code    66  system_stm32f4xx.o(i.SystemInit)
    TIM1_UP_TIM10_IRQHandler                 0x080019dd   Thumb Code     6  stm32f4xx_it.o(i.TIM1_UP_TIM10_IRQHandler)
    TIM_Base_SetConfig                       0x080019e9   Thumb Code   148  stm32f4xx_hal_tim.o(i.TIM_Base_SetConfig)
    UsageFault_Handler                       0x08001aa9   Thumb Code     2  stm32f4xx_it.o(i.UsageFault_Handler)
    quat2Euler(float*, float*)               0x08001aad   Thumb Code   260  madgwickahrs.o(i._Z10quat2EulerPfS_)
    MPU6050_Init()                           0x08001bc1   Thumb Code   334  mpu6050.o(i._Z12MPU6050_Initv)
    I2C_ReadBuffer(unsigned char, unsigned char, unsigned char*, unsigned char) 0x08001d11   Thumb Code    74  i2c.o(i._Z14I2C_ReadBufferhhPhh)
    I2C_WriteBuffer(unsigned char, unsigned char*, unsigned char) 0x08001d61   Thumb Code    60  i2c.o(i._Z15I2C_WriteBufferhPhh)
    MPU6050_GetGyroX()                       0x08001da1   Thumb Code     8  mpu6050.o(i._Z16MPU6050_GetGyroXv)
    MPU6050_GetGyroY()                       0x08001da9   Thumb Code     8  mpu6050.o(i._Z16MPU6050_GetGyroYv)
    MPU6050_GetGyroZ()                       0x08001db1   Thumb Code     8  mpu6050.o(i._Z16MPU6050_GetGyroZv)
    MPU6050_GetAcselX()                      0x08001e03   Thumb Code     8  mpu6050.o(i._Z17MPU6050_GetAcselXv)
    MPU6050_GetAcselY()                      0x08001e0b   Thumb Code     8  mpu6050.o(i._Z17MPU6050_GetAcselYv)
    MPU6050_GetAcselZ()                      0x08001e13   Thumb Code     8  mpu6050.o(i._Z17MPU6050_GetAcselZv)
    MPU6050_GetTemper()                      0x08001e1b   Thumb Code    28  mpu6050.o(i._Z17MPU6050_GetTemperv)
    MadgwickAHRSupdateIMU(float, float, float, float, float, float, float) 0x08001f51   Thumb Code   672  madgwickahrs.o(i._Z21MadgwickAHRSupdateIMUfffffff)
    LFFILTER_FilterChannel1(float)           0x080022b1   Thumb Code    68  lffilter.o(i._Z23LFFILTER_FilterChannel1f)
    LFFILTER_FilterChannel2(float)           0x08002301   Thumb Code    68  lffilter.o(i._Z23LFFILTER_FilterChannel2f)
    LFFILTER_FilterChannel3(float)           0x08002351   Thumb Code    68  lffilter.o(i._Z23LFFILTER_FilterChannel3f)
    invSqrt(float)                           0x080025cd   Thumb Code    56  madgwickahrs.o(i._Z7invSqrtf)
    I2C_Init()                               0x08002609   Thumb Code    80  i2c.o(i._Z8I2C_Initv)
    RCC_Init()                               0x08002669   Thumb Code   150  main.o(i._Z8RCC_Initv)
    TIM1_Init()                              0x08002709   Thumb Code    86  main.o(i._Z9TIM1_Initv)
    CDisplayBased::PutPixel(unsigned short, unsigned short, unsigned short) 0x08002769   Thumb Code    34  cdisplaybased.o(i._ZN13CDisplayBased8PutPixelEttt)
    CDisplayBased::CDisplayBased__sub_object() 0x0800278d   Thumb Code     6  cdisplaybased.o(i._ZN13CDisplayBasedC2Ev)
    CDisplayBased::~CDisplayBased()          0x08002799   Thumb Code     0  cdisplaybased.o(i._ZN13CDisplayBasedD2Ev)
    CDisplayBased::~CDisplayBased__sub_object() 0x08002799   Thumb Code     2  cdisplaybased.o(i._ZN13CDisplayBasedD2Ev)
    CDisplayIL9325::WriteRegister16(unsigned short, unsigned short) 0x0800279b   Thumb Code    38  cdisplayil9325.o(i._ZN14CDisplayIL932515WriteRegister16Ett)
    CDisplayIL9325::Init()                   0x080027c1   Thumb Code   284  cdisplayil9325.o(i._ZN14CDisplayIL93254InitEv)
    CDisplayIL9325::Reset()                  0x080028e9   Thumb Code    66  cdisplayil9325.o(i._ZN14CDisplayIL93255ResetEv)
    CDisplayIL9325::CS_One()                 0x0800292d   Thumb Code    10  cdisplayil9325.o(i._ZN14CDisplayIL93256CS_OneEv)
    CDisplayIL9325::RD_One()                 0x0800293d   Thumb Code    10  cdisplayil9325.o(i._ZN14CDisplayIL93256RD_OneEv)
    CDisplayIL9325::RS_One()                 0x0800294d   Thumb Code    10  cdisplayil9325.o(i._ZN14CDisplayIL93256RS_OneEv)
    CDisplayIL9325::WR_One()                 0x0800295d   Thumb Code    10  cdisplayil9325.o(i._ZN14CDisplayIL93256WR_OneEv)
    CDisplayIL9325::Write8(unsigned char)    0x0800296d   Thumb Code    24  cdisplayil9325.o(i._ZN14CDisplayIL93256Write8Eh)
    CDisplayIL9325::CS_Zero()                0x08002985   Thumb Code    12  cdisplayil9325.o(i._ZN14CDisplayIL93257CS_ZeroEv)
    CDisplayIL9325::RST_One()                0x08002995   Thumb Code    10  cdisplayil9325.o(i._ZN14CDisplayIL93257RST_OneEv)
    CDisplayIL9325::RS_Zero()                0x080029a5   Thumb Code    12  cdisplayil9325.o(i._ZN14CDisplayIL93257RS_ZeroEv)
    CDisplayIL9325::SetData(unsigned char)   0x080029b5   Thumb Code    16  cdisplayil9325.o(i._ZN14CDisplayIL93257SetDataEh)
    CDisplayIL9325::WR_Zero()                0x080029c9   Thumb Code    12  cdisplayil9325.o(i._ZN14CDisplayIL93257WR_ZeroEv)
    CDisplayIL9325::Write16(unsigned short)  0x080029d9   Thumb Code    24  cdisplayil9325.o(i._ZN14CDisplayIL93257Write16Et)
    CDisplayIL9325::OutColor(unsigned short) 0x080029f1   Thumb Code     4  cdisplayil9325.o(i._ZN14CDisplayIL93258OutColorEt)
    CDisplayIL9325::RST_Zero()               0x080029f5   Thumb Code    10  cdisplayil9325.o(i._ZN14CDisplayIL93258RST_ZeroEv)
    CDisplayIL9325::SetWindow(unsigned short, unsigned short, unsigned short, unsigned short) 0x08002a05   Thumb Code    96  cdisplayil9325.o(i._ZN14CDisplayIL93259SetWindowEtttt)
    CDisplayIL9325::CDisplayIL9325()         0x08002a65   Thumb Code    12  cdisplayil9325.o(i._ZN14CDisplayIL9325C1Ev)
    CDisplayIL9325::CDisplayIL9325__sub_object() 0x08002a65   Thumb Code     0  cdisplayil9325.o(i._ZN14CDisplayIL9325C1Ev)
    CDisplayIL9325::~CDisplayIL9325()        0x08002a75   Thumb Code     4  cdisplayil9325.o(i._ZN14CDisplayIL9325D1Ev)
    CDisplayIL9325::~CDisplayIL9325__sub_object() 0x08002a75   Thumb Code     0  cdisplayil9325.o(i._ZN14CDisplayIL9325D1Ev)
    CDisplayMemory::Init()                   0x08002a79   Thumb Code     2  cdisplaymemory.o(i._ZN14CDisplayMemory4InitEv)
    CDisplayMemory::OutColor(unsigned short) 0x08002a7d   Thumb Code   160  cdisplaymemory.o(i._ZN14CDisplayMemory8OutColorEt)
    CDisplayMemory::SetWindow(unsigned short, unsigned short, unsigned short, unsigned short) 0x08002b21   Thumb Code    18  cdisplaymemory.o(i._ZN14CDisplayMemory9SetWindowEtttt)
    CDisplayMemory::CDisplayMemory()         0x08002b35   Thumb Code    26  cdisplaymemory.o(i._ZN14CDisplayMemoryC1Ev)
    CDisplayMemory::CDisplayMemory__sub_object() 0x08002b35   Thumb Code     0  cdisplaymemory.o(i._ZN14CDisplayMemoryC1Ev)
    CDisplayMemory::~CDisplayMemory()        0x08002b55   Thumb Code     4  cdisplaymemory.o(i._ZN14CDisplayMemoryD1Ev)
    CDisplayMemory::~CDisplayMemory__sub_object() 0x08002b55   Thumb Code     0  cdisplaymemory.o(i._ZN14CDisplayMemoryD1Ev)
    CMathProcessing::ConvertAcs(short)       0x08002b59   Thumb Code    18  cmathprocessing.o(i._ZN15CMathProcessing10ConvertAcsEs)
    CMathProcessing::ConvertGyro(short)      0x08002b71   Thumb Code    18  cmathprocessing.o(i._ZN15CMathProcessing11ConvertGyroEs)
    CMathProcessing::ConvertTemper(short)    0x08002b89   Thumb Code    18  cmathprocessing.o(i._ZN15CMathProcessing13ConvertTemperEs)
    CMathProcessing::FindMoveParam(unsigned, float) 0x08002ba1   Thumb Code   254  cmathprocessing.o(i._ZN15CMathProcessing13FindMoveParamEjf)
    CMathProcessing::FindMaxMinOscillation(const float&, CMathProcessing::SChannel&, unsigned, float) 0x08002ca9   Thumb Code   248  cmathprocessing.o(i._ZN15CMathProcessing21FindMaxMinOscillationERKfRNS_8SChannelEjf)
    CMathProcessing::NewData(float, short, short, short, short, short, short, short) 0x08002da5   Thumb Code   328  cmathprocessing.o(i._ZN15CMathProcessing7NewDataEfsssssss)
    CMathProcessing::GetValue()              0x08002f0d   Thumb Code     6  cmathprocessing.o(i._ZN15CMathProcessing8GetValueEv)
    CMathProcessing::CMathProcessing()       0x08002f15   Thumb Code   136  cmathprocessing.o(i._ZN15CMathProcessingC1Ev)
    CMathProcessing::CMathProcessing__sub_object() 0x08002f15   Thumb Code     0  cmathprocessing.o(i._ZN15CMathProcessingC1Ev)
    CMathProcessing::~CMathProcessing()      0x08002fa1   Thumb Code     2  cmathprocessing.o(i._ZN15CMathProcessingD1Ev)
    CMathProcessing::~CMathProcessing__sub_object() 0x08002fa1   Thumb Code     0  cmathprocessing.o(i._ZN15CMathProcessingD1Ev)
    CDisplayStandardLibrary::PutSymbolVertical(int, int, unsigned char, unsigned short) 0x08002fa5   Thumb Code    90  cdisplaystandardlibrary.o(i._ZN23CDisplayStandardLibrary17PutSymbolVerticalEiiht)
    CDisplayStandardLibrary::PutSymbolHorizontal(int, int, unsigned char, unsigned short) 0x08003005   Thumb Code    94  cdisplaystandardlibrary.o(i._ZN23CDisplayStandardLibrary19PutSymbolHorizontalEiiht)
    CDisplayStandardLibrary::Clear(unsigned short) 0x08003069   Thumb Code    68  cdisplaystandardlibrary.o(i._ZN23CDisplayStandardLibrary5ClearEt)
    CDisplayStandardLibrary::PutString(int, int, const char*, unsigned short) 0x080030ad   Thumb Code    42  cdisplaystandardlibrary.o(i._ZN23CDisplayStandardLibrary9PutStringEiiPKct)
    CDisplayStandardLibrary::PutSymbol(int, int, char, unsigned short) 0x080030d7   Thumb Code    36  cdisplaystandardlibrary.o(i._ZN23CDisplayStandardLibrary9PutSymbolEiict)
    CDisplayStandardLibrary::CDisplayStandardLibrary(IDisplay*, bool) 0x080030fb   Thumb Code    12  cdisplaystandardlibrary.o(i._ZN23CDisplayStandardLibraryC1EP8IDisplayb)
    CDisplayStandardLibrary::CDisplayStandardLibrary__sub_object(IDisplay*, bool) 0x080030fb   Thumb Code     0  cdisplaystandardlibrary.o(i._ZN23CDisplayStandardLibraryC1EP8IDisplayb)
    CDisplayStandardLibrary::~CDisplayStandardLibrary() 0x08003107   Thumb Code     2  cdisplaystandardlibrary.o(i._ZN23CDisplayStandardLibraryD1Ev)
    CDisplayStandardLibrary::~CDisplayStandardLibrary__sub_object() 0x08003107   Thumb Code     0  cdisplaystandardlibrary.o(i._ZN23CDisplayStandardLibraryD1Ev)
    __0sprintf                               0x08003109   Thumb Code    34  printfa.o(i.__0sprintf)
    __1sprintf                               0x08003109   Thumb Code     0  printfa.o(i.__0sprintf)
    __2sprintf                               0x08003109   Thumb Code     0  printfa.o(i.__0sprintf)
    __c89sprintf                             0x08003109   Thumb Code     0  printfa.o(i.__0sprintf)
    sprintf                                  0x08003109   Thumb Code     0  printfa.o(i.__0sprintf)
    __ARM_fpclassifyf                        0x08003131   Thumb Code    38  fpclassifyf.o(i.__ARM_fpclassifyf)
    __cxa_pure_virtual                       0x08003157   Thumb Code     6  pure_virt.o(i.__cxa_pure_virtual)
    __hardfp_asinf                           0x0800315d   Thumb Code   258  asinf.o(i.__hardfp_asinf)
    __hardfp_atan2f                          0x08003289   Thumb Code   502  atan2f.o(i.__hardfp_atan2f)
    __mathlib_flt_infnan                     0x080034d9   Thumb Code     6  funder.o(i.__mathlib_flt_infnan)
    __mathlib_flt_infnan2                    0x080034df   Thumb Code     6  funder.o(i.__mathlib_flt_infnan2)
    __mathlib_flt_invalid                    0x080034e5   Thumb Code    10  funder.o(i.__mathlib_flt_invalid)
    __mathlib_flt_underflow                  0x080034f5   Thumb Code    10  funder.o(i.__mathlib_flt_underflow)
    __scatterload_copy                       0x08003505   Thumb Code    14  handlers.o(i.__scatterload_copy)
    __scatterload_null                       0x08003513   Thumb Code     2  handlers.o(i.__scatterload_null)
    __scatterload_zeroinit                   0x08003515   Thumb Code    14  handlers.o(i.__scatterload_zeroinit)
    __set_errno                              0x08003525   Thumb Code     6  errno.o(i.__set_errno)
    free                                     0x08003e35   Thumb Code    76  malloc.o(i.free)
    main                                     0x08003e85   Thumb Code   476  main.o(i.main)
    malloc                                   0x080040ed   Thumb Code    92  malloc.o(i.malloc)
    sqrtf                                    0x08004159   Thumb Code    62  sqrtf.o(i.sqrtf)
    AHBPrescTable                            0x08004f20   Data          16  system_stm32f4xx.o(.constdata)
    APBPrescTable                            0x08004f30   Data           8  system_stm32f4xx.o(.constdata)
    vtable for CDisplayBased                 0x08004f38   Data          32  cdisplaybased.o(.constdata__ZTV13CDisplayBased)
    vtable for CDisplayIL9325                0x08004f58   Data          32  cdisplayil9325.o(.constdata__ZTV14CDisplayIL9325)
    vtable for CDisplayMemory                0x08004f78   Data          32  cdisplaymemory.o(.constdata__ZTV14CDisplayMemory)
    Region$$Table$$Base                      0x08004f98   Number         0  anon$$obj.o(Region$$Table)
    Region$$Table$$Limit                     0x08004fc8   Number         0  anon$$obj.o(Region$$Table)
    SHT$$INIT_ARRAY$$Base                    0x08004fc8   Number         0  main.o(.init_array)
    SHT$$INIT_ARRAY$$Limit                   0x08004fcc   Number         0  cpp_init.o(.init_array)
    beta                                     0x10000000   Data           4  madgwickahrs.o(.data)
    q0                                       0x10000004   Data           4  madgwickahrs.o(.data)
    q1                                       0x10000008   Data           4  madgwickahrs.o(.data)
    q2                                       0x1000000c   Data           4  madgwickahrs.o(.data)
    q3                                       0x10000010   Data           4  madgwickahrs.o(.data)
    iDisplay_Ptr                             0x1000002c   Data           4  main.o(.data)
    iDisplay_MemoryPtr                       0x10000030   Data           4  main.o(.data)
    cDisplay                                 0x10000034   Data           4  main.o(.data)
    SystemCoreClock                          0x10000038   Data           4  system_stm32f4xx.o(.data)
    uwTick                                   0x1000003c   Data           4  stm32f4xx_hal.o(.data)
    __microlib_freelist                      0x10000048   Data           4  mvars.o(.data)
    __microlib_freelist_initialised          0x1000004c   Data           4  mvars.o(.data)
    cDisplay_Memory                          0x10000218   Data          16  main.o(.bss)
    cDisplayStandardLibrary                  0x10000228   Data          16  main.o(.bss)
    htim1                                    0x10000238   Data          60  main.o(.bss)
    cMathProcessing                          0x10000274   Data         216  main.o(.bss)
    __heap_base                              0x10000350   Data           0  startup_stm32f407xx.o(HEAP)
    __heap_limit                             0x10000550   Data           0  startup_stm32f407xx.o(HEAP)
    __initial_sp                             0x10000d50   Data           0  startup_stm32f407xx.o(STACK)
    VideoBuffer                              0x20000000   Data       76800  cdisplaymemory.o(.bss)



==============================================================================

Memory Map of the image

  Image Entry point : 0x08000189

  Load Region LR_IROM1 (Base: 0x08000000, Size: 0x0000501c, Max: 0x00100000, ABSOLUTE)

    Execution Region ER_IROM1 (Base: 0x08000000, Size: 0x00004fcc, Max: 0x00100000, ABSOLUTE)

    Base Addr    Size         Type   Attr      Idx    E Section Name        Object

    0x08000000   0x00000188   Data   RO          252    RESET               startup_stm32f407xx.o
    0x08000188   0x00000000   Code   RO         1093  * .ARM.Collect$$$$00000000  mc_w.l(entry.o)
    0x08000188   0x00000004   Code   RO         1256    .ARM.Collect$$$$00000001  mc_w.l(entry2.o)
    0x0800018c   0x00000004   Code   RO         1259    .ARM.Collect$$$$00000004  mc_w.l(entry5.o)
    0x08000190   0x00000000   Code   RO         1261    .ARM.Collect$$$$00000008  mc_w.l(entry7b.o)
    0x08000190   0x00000004   Code   RO         1262    .ARM.Collect$$$$00000009  mc_w.l(entry8a.o)
    0x08000194   0x00000000   Code   RO         1263    .ARM.Collect$$$$0000000A  mc_w.l(entry8b.o)
    0x08000194   0x00000008   Code   RO         1264    .ARM.Collect$$$$0000000B  mc_w.l(entry9a.o)
    0x0800019c   0x00000000   Code   RO         1266    .ARM.Collect$$$$0000000D  mc_w.l(entry10a.o)
    0x0800019c   0x00000004   Code   RO         1267    .ARM.Collect$$$$0000000E  mc_w.l(entry10b.o)
    0x080001a0   0x00000000   Code   RO         1268    .ARM.Collect$$$$0000000F  mc_w.l(entry11a.o)
    0x080001a0   0x00000004   Code   RO         1257    .ARM.Collect$$$$00002712  mc_w.l(entry2.o)
    0x080001a4   0x00000024   Code   RO          253    .text               startup_stm32f407xx.o
    0x080001c8   0x00000024   Code   RO         1096    .text               mc_w.l(memcpya.o)
    0x080001ec   0x00000020   Code   RO         1232    .text               mc_w.l(cpp_init.o)
    0x0800020c   0x0000002e   Code   RO         1233    .text               mc_w.l(aeabi_atexit.o)
    0x0800023a   0x0000014e   Code   RO         1234    .text               mf_w.l(dadd.o)
    0x08000388   0x000000e4   Code   RO         1235    .text               mf_w.l(dmul.o)
    0x0800046c   0x00000026   Code   RO         1236    .text               mf_w.l(f2d.o)
    0x08000492   0x00000038   Code   RO         1237    .text               mf_w.l(d2f.o)
    0x080004ca   0x0000002c   Code   RO         1272    .text               mc_w.l(uidiv.o)
    0x080004f6   0x00000062   Code   RO         1273    .text               mc_w.l(uldiv.o)
    0x08000558   0x0000001e   Code   RO         1274    .text               mc_w.l(llshl.o)
    0x08000576   0x00000024   Code   RO         1275    .text               mc_w.l(llsshr.o)
    0x0800059a   0x00000000   Code   RO         1294    .text               mc_w.l(iusefp.o)
    0x0800059a   0x00000002   PAD
    0x0800059c   0x00000008   Code   RO         1295    .text               mc_w.l(cpp_dtor.o)
    0x080005a4   0x00000002   Code   RO         1297    .text               mc_w.l(cpp_signal.o)
    0x080005a6   0x00000042   Code   RO         1298    .text               mc_w.l(cxa_finalize.o)
    0x080005e8   0x0000006e   Code   RO         1299    .text               mf_w.l(fepilogue.o)
    0x08000656   0x000000ba   Code   RO         1300    .text               mf_w.l(depilogue.o)
    0x08000710   0x000000de   Code   RO         1301    .text               mf_w.l(ddiv.o)
    0x080007ee   0x00000030   Code   RO         1302    .text               mf_w.l(dfixul.o)
    0x0800081e   0x00000002   PAD
    0x08000820   0x00000030   Code   RO         1303    .text               mf_w.l(cdrcmple.o)
    0x08000850   0x00000024   Code   RO         1313    .text               mc_w.l(init.o)
    0x08000874   0x00000020   Code   RO         1315    .text               mc_w.l(llushr.o)
    0x08000894   0x00000002   Code   RO         1319    .text               mc_w.l(cpp_final.o)
    0x08000896   0x00000002   Code   RO            4    i.BusFault_Handler  stm32f4xx_it.o
    0x08000898   0x00000002   Code   RO            5    i.DebugMon_Handler  stm32f4xx_it.o
    0x0800089a   0x0000001c   Code   RO          949    i.HAL_Delay         stm32f4xx_hal.o
    0x080008b6   0x00000002   PAD
    0x080008b8   0x000001b0   Code   RO          260    i.HAL_GPIO_Init     stm32f4xx_hal_gpio.o
    0x08000a68   0x0000000a   Code   RO          264    i.HAL_GPIO_WritePin  stm32f4xx_hal_gpio.o
    0x08000a72   0x00000002   PAD
    0x08000a74   0x0000000c   Code   RO          955    i.HAL_GetTick       stm32f4xx_hal.o
    0x08000a80   0x00000004   Code   RO          544    i.HAL_I2C_GetError  stm32f4xx_hal_i2c.o
    0x08000a84   0x00000006   Code   RO          546    i.HAL_I2C_GetState  stm32f4xx_hal_i2c.o
    0x08000a8a   0x00000002   PAD
    0x08000a8c   0x00000108   Code   RO          547    i.HAL_I2C_Init      stm32f4xx_hal_i2c.o
    0x08000b94   0x000001e8   Code   RO          553    i.HAL_I2C_Master_Receive  stm32f4xx_hal_i2c.o
    0x08000d7c   0x00000138   Code   RO          558    i.HAL_I2C_Master_Transmit  stm32f4xx_hal_i2c.o
    0x08000eb4   0x00000058   Code   RO           28    i.HAL_I2C_MspInit   stm32f4xx_hal_msp.o
    0x08000f0c   0x00000010   Code   RO          957    i.HAL_IncTick       stm32f4xx_hal.o
    0x08000f1c   0x00000034   Code   RO          958    i.HAL_Init          stm32f4xx_hal.o
    0x08000f50   0x00000028   Code   RO          959    i.HAL_InitTick      stm32f4xx_hal.o
    0x08000f78   0x00000058   Code   RO           29    i.HAL_MspInit       stm32f4xx_hal_msp.o
    0x08000fd0   0x00000016   Code   RO          681    i.HAL_NVIC_EnableIRQ  stm32f4xx_hal_cortex.o
    0x08000fe6   0x00000002   PAD
    0x08000fe8   0x00000040   Code   RO          687    i.HAL_NVIC_SetPriority  stm32f4xx_hal_cortex.o
    0x08001028   0x00000024   Code   RO          688    i.HAL_NVIC_SetPriorityGrouping  stm32f4xx_hal_cortex.o
    0x0800104c   0x0000017c   Code   RO          429    i.HAL_RCC_ClockConfig  stm32f4xx_hal_rcc.o
    0x080011c8   0x0000000c   Code   RO          434    i.HAL_RCC_GetHCLKFreq  stm32f4xx_hal_rcc.o
    0x080011d4   0x00000030   Code   RO          436    i.HAL_RCC_GetPCLK1Freq  stm32f4xx_hal_rcc.o
    0x08001204   0x00000070   Code   RO          438    i.HAL_RCC_GetSysClockFreq  stm32f4xx_hal_rcc.o
    0x08001274   0x00000314   Code   RO          441    i.HAL_RCC_OscConfig  stm32f4xx_hal_rcc.o
    0x08001588   0x00000018   Code   RO          690    i.HAL_SYSTICK_CLKSourceConfig  stm32f4xx_hal_cortex.o
    0x080015a0   0x00000002   Code   RO          691    i.HAL_SYSTICK_Callback  stm32f4xx_hal_cortex.o
    0x080015a2   0x00000028   Code   RO          692    i.HAL_SYSTICK_Config  stm32f4xx_hal_cortex.o
    0x080015ca   0x00000008   Code   RO          693    i.HAL_SYSTICK_IRQHandler  stm32f4xx_hal_cortex.o
    0x080015d2   0x00000002   Code   RO          459    i.HAL_TIMEx_BreakCallback  stm32f4xx_hal_tim_ex.o
    0x080015d4   0x00000002   Code   RO          460    i.HAL_TIMEx_CommutationCallback  stm32f4xx_hal_tim_ex.o
    0x080015d6   0x00000050   Code   RO          476    i.HAL_TIMEx_MasterConfigSynchronization  stm32f4xx_hal_tim_ex.o
    0x08001626   0x00000036   Code   RO          719    i.HAL_TIM_Base_Init  stm32f4xx_hal_tim.o
    0x0800165c   0x0000003c   Code   RO           31    i.HAL_TIM_Base_MspInit  stm32f4xx_hal_msp.o
    0x08001698   0x00000018   Code   RO          724    i.HAL_TIM_Base_Start_IT  stm32f4xx_hal_tim.o
    0x080016b0   0x000000f2   Code   RO          728    i.HAL_TIM_ConfigClockSource  stm32f4xx_hal_tim.o
    0x080017a2   0x00000002   Code   RO          748    i.HAL_TIM_IC_CaptureCallback  stm32f4xx_hal_tim.o
    0x080017a4   0x00000166   Code   RO          761    i.HAL_TIM_IRQHandler  stm32f4xx_hal_tim.o
    0x0800190a   0x00000002   Code   RO          764    i.HAL_TIM_OC_DelayElapsedCallback  stm32f4xx_hal_tim.o
    0x0800190c   0x00000002   Code   RO          791    i.HAL_TIM_PWM_PulseFinishedCallback  stm32f4xx_hal_tim.o
    0x0800190e   0x00000002   PAD
    0x08001910   0x0000005c   Code   RO          222    i.HAL_TIM_PeriodElapsedCallback  main.o
    0x0800196c   0x00000002   Code   RO          802    i.HAL_TIM_TriggerCallback  stm32f4xx_hal_tim.o
    0x0800196e   0x00000002   Code   RO            6    i.HardFault_Handler  stm32f4xx_it.o
    0x08001970   0x00000002   Code   RO            7    i.MemManage_Handler  stm32f4xx_it.o
    0x08001972   0x00000002   Code   RO            8    i.NMI_Handler       stm32f4xx_it.o
    0x08001974   0x00000002   Code   RO            9    i.PendSV_Handler    stm32f4xx_it.o
    0x08001976   0x00000002   Code   RO           10    i.SVC_Handler       stm32f4xx_it.o
    0x08001978   0x0000000e   Code   RO           11    i.SysTick_Handler   stm32f4xx_it.o
    0x08001986   0x00000002   PAD
    0x08001988   0x00000054   Code   RO          244    i.SystemInit        system_stm32f4xx.o
    0x080019dc   0x0000000c   Code   RO           12    i.TIM1_UP_TIM10_IRQHandler  stm32f4xx_it.o
    0x080019e8   0x000000c0   Code   RO          803    i.TIM_Base_SetConfig  stm32f4xx_hal_tim.o
    0x08001aa8   0x00000002   Code   RO           13    i.UsageFault_Handler  stm32f4xx_it.o
    0x08001aaa   0x00000002   PAD
    0x08001aac   0x00000114   Code   RO          183    i._Z10quat2EulerPfS_  madgwickahrs.o
    0x08001bc0   0x0000014e   Code   RO          151    i._Z12MPU6050_Initv  mpu6050.o
    0x08001d0e   0x00000002   PAD
    0x08001d10   0x00000050   Code   RO          176    i._Z14I2C_ReadBufferhhPhh  i2c.o
    0x08001d60   0x00000040   Code   RO          177    i._Z15I2C_WriteBufferhPhh  i2c.o
    0x08001da0   0x00000008   Code   RO          152    i._Z16MPU6050_GetGyroXv  mpu6050.o
    0x08001da8   0x00000008   Code   RO          153    i._Z16MPU6050_GetGyroYv  mpu6050.o
    0x08001db0   0x00000008   Code   RO          154    i._Z16MPU6050_GetGyroZv  mpu6050.o
    0x08001db8   0x00000014   Code   RO          155    i._Z16MPU6050_GetValueh  mpu6050.o
    0x08001dcc   0x00000016   Code   RO          156    i._Z16MPU6050_SetValuehh  mpu6050.o
    0x08001de2   0x00000020   Code   RO          694    i._Z16NVIC_SetPriority9IRQn_Typej  stm32f4xx_hal_cortex.o
    0x08001e02   0x00000008   Code   RO          157    i._Z17MPU6050_GetAcselXv  mpu6050.o
    0x08001e0a   0x00000008   Code   RO          158    i._Z17MPU6050_GetAcselYv  mpu6050.o
    0x08001e12   0x00000008   Code   RO          159    i._Z17MPU6050_GetAcselZv  mpu6050.o
    0x08001e1a   0x0000001c   Code   RO          160    i._Z17MPU6050_GetTemperv  mpu6050.o
    0x08001e36   0x00000014   Code   RO          810    i._Z17TIM_ETR_SetConfigP11TIM_TypeDefjjj  stm32f4xx_hal_tim.o
    0x08001e4a   0x00000010   Code   RO          816    i._Z18TIM_ITRx_SetConfigP11TIM_TypeDeft  stm32f4xx_hal_tim.o
    0x08001e5a   0x000000de   Code   RO          590    i._Z21I2C_MasterRequestReadP17I2C_HandleTypeDeftjj  stm32f4xx_hal_i2c.o
    0x08001f38   0x00000016   Code   RO          161    i._Z21MPU6050_GetInt16Valuehh  mpu6050.o
    0x08001f4e   0x00000002   PAD
    0x08001f50   0x000002a4   Code   RO          185    i._Z21MadgwickAHRSupdateIMUfffffff  madgwickahrs.o
    0x080021f4   0x00000094   Code   RO          593    i._Z22I2C_MasterRequestWriteP17I2C_HandleTypeDeftjj  stm32f4xx_hal_i2c.o
    0x08002288   0x00000028   Code   RO          597    i._Z23I2C_IsAcknowledgeFailedP17I2C_HandleTypeDef  stm32f4xx_hal_i2c.o
    0x080022b0   0x00000050   Code   RO          211    i._Z23LFFILTER_FilterChannel1f  lffilter.o
    0x08002300   0x00000050   Code   RO          212    i._Z23LFFILTER_FilterChannel2f  lffilter.o
    0x08002350   0x00000050   Code   RO          213    i._Z23LFFILTER_FilterChannel3f  lffilter.o
    0x080023a0   0x00000022   Code   RO          819    i._Z24TIM_TI1_ConfigInputStageP11TIM_TypeDefjj  stm32f4xx_hal_tim.o
    0x080023c2   0x00000024   Code   RO          820    i._Z24TIM_TI2_ConfigInputStageP11TIM_TypeDefjj  stm32f4xx_hal_tim.o
    0x080023e6   0x00000060   Code   RO          598    i._Z26I2C_WaitOnFlagUntilTimeoutP17I2C_HandleTypeDefj10FlagStatusjj  stm32f4xx_hal_i2c.o
    0x08002446   0x0000004e   Code   RO          599    i._Z29I2C_WaitOnBTFFlagUntilTimeoutP17I2C_HandleTypeDefjj  stm32f4xx_hal_i2c.o
    0x08002494   0x0000004e   Code   RO          600    i._Z29I2C_WaitOnTXEFlagUntilTimeoutP17I2C_HandleTypeDefjj  stm32f4xx_hal_i2c.o
    0x080024e2   0x00000062   Code   RO          601    i._Z30I2C_WaitOnRXNEFlagUntilTimeoutP17I2C_HandleTypeDefjj  stm32f4xx_hal_i2c.o
    0x08002544   0x00000088   Code   RO          602    i._Z39I2C_WaitOnMasterAddressFlagUntilTimeoutP17I2C_HandleTypeDefjjj  stm32f4xx_hal_i2c.o
    0x080025cc   0x0000003c   Code   RO          186    i._Z7invSqrtf       madgwickahrs.o
    0x08002608   0x00000060   Code   RO          178    i._Z8I2C_Initv      i2c.o
    0x08002668   0x000000a0   Code   RO          225    i._Z8RCC_Initv      main.o
    0x08002708   0x00000060   Code   RO          226    i._Z9TIM1_Initv     main.o
    0x08002768   0x00000022   Code   RO           37    i._ZN13CDisplayBased8PutPixelEttt  cdisplaybased.o
    0x0800278a   0x00000002   PAD
    0x0800278c   0x0000000c   Code   RO           38    i._ZN13CDisplayBasedC2Ev  cdisplaybased.o
    0x08002798   0x00000002   Code   RO           40    i._ZN13CDisplayBasedD2Ev  cdisplaybased.o
    0x0800279a   0x00000026   Code   RO           56    i._ZN14CDisplayIL932515WriteRegister16Ett  cdisplayil9325.o
    0x080027c0   0x00000128   Code   RO           57    i._ZN14CDisplayIL93254InitEv  cdisplayil9325.o
    0x080028e8   0x00000042   Code   RO           58    i._ZN14CDisplayIL93255ResetEv  cdisplayil9325.o
    0x0800292a   0x00000002   PAD
    0x0800292c   0x00000010   Code   RO           59    i._ZN14CDisplayIL93256CS_OneEv  cdisplayil9325.o
    0x0800293c   0x00000010   Code   RO           60    i._ZN14CDisplayIL93256RD_OneEv  cdisplayil9325.o
    0x0800294c   0x00000010   Code   RO           61    i._ZN14CDisplayIL93256RS_OneEv  cdisplayil9325.o
    0x0800295c   0x00000010   Code   RO           62    i._ZN14CDisplayIL93256WR_OneEv  cdisplayil9325.o
    0x0800296c   0x00000018   Code   RO           63    i._ZN14CDisplayIL93256Write8Eh  cdisplayil9325.o
    0x08002984   0x00000010   Code   RO           64    i._ZN14CDisplayIL93257CS_ZeroEv  cdisplayil9325.o
    0x08002994   0x00000010   Code   RO           66    i._ZN14CDisplayIL93257RST_OneEv  cdisplayil9325.o
    0x080029a4   0x00000010   Code   RO           67    i._ZN14CDisplayIL93257RS_ZeroEv  cdisplayil9325.o
    0x080029b4   0x00000014   Code   RO           68    i._ZN14CDisplayIL93257SetDataEh  cdisplayil9325.o
    0x080029c8   0x00000010   Code   RO           69    i._ZN14CDisplayIL93257WR_ZeroEv  cdisplayil9325.o
    0x080029d8   0x00000018   Code   RO           70    i._ZN14CDisplayIL93257Write16Et  cdisplayil9325.o
    0x080029f0   0x00000004   Code   RO           71    i._ZN14CDisplayIL93258OutColorEt  cdisplayil9325.o
    0x080029f4   0x00000010   Code   RO           72    i._ZN14CDisplayIL93258RST_ZeroEv  cdisplayil9325.o
    0x08002a04   0x00000060   Code   RO           73    i._ZN14CDisplayIL93259SetWindowEtttt  cdisplayil9325.o
    0x08002a64   0x00000010   Code   RO           74    i._ZN14CDisplayIL9325C1Ev  cdisplayil9325.o
    0x08002a74   0x00000004   Code   RO           76    i._ZN14CDisplayIL9325D1Ev  cdisplayil9325.o
    0x08002a78   0x00000002   Code   RO          134    i._ZN14CDisplayMemory4InitEv  cdisplaymemory.o
    0x08002a7a   0x00000002   PAD
    0x08002a7c   0x000000a4   Code   RO          135    i._ZN14CDisplayMemory8OutColorEt  cdisplaymemory.o
    0x08002b20   0x00000012   Code   RO          136    i._ZN14CDisplayMemory9SetWindowEtttt  cdisplaymemory.o
    0x08002b32   0x00000002   PAD
    0x08002b34   0x00000020   Code   RO          137    i._ZN14CDisplayMemoryC1Ev  cdisplaymemory.o
    0x08002b54   0x00000004   Code   RO          139    i._ZN14CDisplayMemoryD1Ev  cdisplaymemory.o
    0x08002b58   0x00000018   Code   RO          192    i._ZN15CMathProcessing10ConvertAcsEs  cmathprocessing.o
    0x08002b70   0x00000018   Code   RO          193    i._ZN15CMathProcessing11ConvertGyroEs  cmathprocessing.o
    0x08002b88   0x00000018   Code   RO          194    i._ZN15CMathProcessing13ConvertTemperEs  cmathprocessing.o
    0x08002ba0   0x00000108   Code   RO          195    i._ZN15CMathProcessing13FindMoveParamEjf  cmathprocessing.o
    0x08002ca8   0x000000fc   Code   RO          196    i._ZN15CMathProcessing21FindMaxMinOscillationERKfRNS_8SChannelEjf  cmathprocessing.o
    0x08002da4   0x00000168   Code   RO          197    i._ZN15CMathProcessing7NewDataEfsssssss  cmathprocessing.o
    0x08002f0c   0x00000006   Code   RO          198    i._ZN15CMathProcessing8GetValueEv  cmathprocessing.o
    0x08002f12   0x00000002   PAD
    0x08002f14   0x0000008c   Code   RO          199    i._ZN15CMathProcessingC1Ev  cmathprocessing.o
    0x08002fa0   0x00000002   Code   RO          200    i._ZN15CMathProcessingD1Ev  cmathprocessing.o
    0x08002fa2   0x00000002   PAD
    0x08002fa4   0x00000060   Code   RO          106    i._ZN23CDisplayStandardLibrary17PutSymbolVerticalEiiht  cdisplaystandardlibrary.o
    0x08003004   0x00000064   Code   RO          107    i._ZN23CDisplayStandardLibrary19PutSymbolHorizontalEiiht  cdisplaystandardlibrary.o
    0x08003068   0x00000044   Code   RO          108    i._ZN23CDisplayStandardLibrary5ClearEt  cdisplaystandardlibrary.o
    0x080030ac   0x0000002a   Code   RO          111    i._ZN23CDisplayStandardLibrary9PutStringEiiPKct  cdisplaystandardlibrary.o
    0x080030d6   0x00000024   Code   RO          112    i._ZN23CDisplayStandardLibrary9PutSymbolEiict  cdisplaystandardlibrary.o
    0x080030fa   0x0000000c   Code   RO          113    i._ZN23CDisplayStandardLibraryC1EP8IDisplayb  cdisplaystandardlibrary.o
    0x08003106   0x00000002   Code   RO          114    i._ZN23CDisplayStandardLibraryD1Ev  cdisplaystandardlibrary.o
    0x08003108   0x00000028   Code   RO         1217    i.__0sprintf        mc_w.l(printfa.o)
    0x08003130   0x00000026   Code   RO         1248    i.__ARM_fpclassifyf  m_wm.l(fpclassifyf.o)
    0x08003156   0x00000006   Code   RO          989    i.__cxa_pure_virtual  cpprt_w.l(pure_virt.o)
    0x0800315c   0x0000012c   Code   RO         1075    i.__hardfp_asinf    m_wm.l(asinf.o)
    0x08003288   0x00000250   Code   RO         1081    i.__hardfp_atan2f   m_wm.l(atan2f.o)
    0x080034d8   0x00000006   Code   RO         1250    i.__mathlib_flt_infnan  m_wm.l(funder.o)
    0x080034de   0x00000006   Code   RO         1251    i.__mathlib_flt_infnan2  m_wm.l(funder.o)
    0x080034e4   0x00000010   Code   RO         1252    i.__mathlib_flt_invalid  m_wm.l(funder.o)
    0x080034f4   0x00000010   Code   RO         1255    i.__mathlib_flt_underflow  m_wm.l(funder.o)
    0x08003504   0x0000000e   Code   RO         1327    i.__scatterload_copy  mc_w.l(handlers.o)
    0x08003512   0x00000002   Code   RO         1328    i.__scatterload_null  mc_w.l(handlers.o)
    0x08003514   0x0000000e   Code   RO         1329    i.__scatterload_zeroinit  mc_w.l(handlers.o)
    0x08003522   0x00000002   PAD
    0x08003524   0x0000000c   Code   RO         1292    i.__set_errno       mc_w.l(errno.o)
    0x08003530   0x00000068   Code   RO          227    i.__sti___8_main_cpp_cDisplay  main.o
    0x08003598   0x00000164   Code   RO         1222    i._fp_digits        mc_w.l(printfa.o)
    0x080036fc   0x000006dc   Code   RO         1223    i._printf_core      mc_w.l(printfa.o)
    0x08003dd8   0x00000024   Code   RO         1224    i._printf_post_padding  mc_w.l(printfa.o)
    0x08003dfc   0x0000002e   Code   RO         1225    i._printf_pre_padding  mc_w.l(printfa.o)
    0x08003e2a   0x0000000a   Code   RO         1227    i._sputc            mc_w.l(printfa.o)
    0x08003e34   0x00000050   Code   RO         1276    i.free              mc_w.l(malloc.o)
    0x08003e84   0x00000268   Code   RO          228    i.main              main.o
    0x080040ec   0x0000006c   Code   RO         1277    i.malloc            mc_w.l(malloc.o)
    0x08004158   0x0000003e   Code   RO         1089    i.sqrtf             m_wm.l(sqrtf.o)
    0x08004196   0x000000cc   Data   RO           98    .constdata          cdisplayil9325.o
    0x08004262   0x00000c40   Data   RO          133    .constdata          cdisplaystandardlibrary.o
    0x08004ea2   0x00000002   PAD
    0x08004ea4   0x0000007c   Data   RO          218    .constdata          lffilter.o
    0x08004f20   0x00000010   Data   RO          247    .constdata          system_stm32f4xx.o
    0x08004f30   0x00000008   Data   RO          248    .constdata          system_stm32f4xx.o
    0x08004f38   0x00000020   Data   RO           48    .constdata__ZTV13CDisplayBased  cdisplaybased.o
    0x08004f58   0x00000020   Data   RO          100    .constdata__ZTV14CDisplayIL9325  cdisplayil9325.o
    0x08004f78   0x00000020   Data   RO          148    .constdata__ZTV14CDisplayMemory  cdisplaymemory.o
    0x08004f98   0x00000030   Data   RO         1325    Region$$Table       anon$$obj.o
    0x08004fc8   0x00000004   Data   RO          238    .init_array         main.o
    0x08004fcc   0x00000000   Data   RO         1230    .init_array         mc_w.l(cpp_init.o)


    Execution Region RW_IRAM2 (Base: 0x10000000, Size: 0x00000d50, Max: 0x00010000, ABSOLUTE)

    Base Addr    Size         Type   Attr      Idx    E Section Name        Object

    0x10000000   0x00000014   Data   RW          191    .data               madgwickahrs.o
    0x10000014   0x00000018   Data   RW          210    .data               cmathprocessing.o
    0x1000002c   0x0000000c   Data   RW          237    .data               main.o
    0x10000038   0x00000004   Data   RW          249    .data               system_stm32f4xx.o
    0x1000003c   0x00000004   Data   RW          986    .data               stm32f4xx_hal.o
    0x10000040   0x00000004   Data   RW         1293    .data               mc_w.l(errno.o)
    0x10000044   0x00000004   Data   RW         1296    .data               mc_w.l(cpp_dtor.o)
    0x10000048   0x00000004   Data   RW         1316    .data               mc_w.l(mvars.o)
    0x1000004c   0x00000004   Data   RW         1317    .data               mc_w.l(mvars.o)
    0x10000050   0x00000054   Zero   RW          182    .bss                i2c.o
    0x100000a4   0x00000174   Zero   RW          217    .bss                lffilter.o
    0x10000218   0x00000134   Zero   RW          236    .bss                main.o
    0x1000034c   0x00000004   PAD
    0x10000350   0x00000200   Zero   RW          251    HEAP                startup_stm32f407xx.o
    0x10000550   0x00000800   Zero   RW          250    STACK               startup_stm32f407xx.o


    Execution Region RW_IRAM1 (Base: 0x20000000, Size: 0x00012c00, Max: 0x00020000, ABSOLUTE)

    Base Addr    Size         Type   Attr      Idx    E Section Name        Object

    0x20000000   0x00012c00   Zero   RW          146    .bss                cdisplaymemory.o


==============================================================================

Image component sizes


      Code (inc. data)   RO Data    RW Data    ZI Data      Debug   Object Name

        48          6         32          0          0          0   cdisplaybased.o
       732         68        236          0          0          0   cdisplayil9325.o
       220         10         32          0      76800          0   cdisplaymemory.o
       356         12       3136          0          0          0   cdisplaystandardlibrary.o
      1096         68          0         24          0          0   cmathprocessing.o
       240         26          0          0         84          0   i2c.o
       240         36        124          0        372          0   lffilter.o
      1012         24          0         20          0          0   madgwickahrs.o
      1068        202          4         12        308          0   main.o
       474          0          0          0          0          0   mpu6050.o
        36          8        392          0       2560          0   startup_stm32f407xx.o
       148         22          0          4          0          0   stm32f4xx_hal.o
       228         14          0          0          0          0   stm32f4xx_hal_cortex.o
       442         44          0          0          0          0   stm32f4xx_hal_gpio.o
      1970         38          0          0          0          0   stm32f4xx_hal_i2c.o
       236         28          0          0          0          0   stm32f4xx_hal_msp.o
      1340         62          0          0          0          0   stm32f4xx_hal_rcc.o
       984         44          0          0          0          0   stm32f4xx_hal_tim.o
        84          0          0          0          0          0   stm32f4xx_hal_tim_ex.o
        42          6          0          0          0          0   stm32f4xx_it.o
        84         18         24          4          0          0   system_stm32f4xx.o

    ----------------------------------------------------------------------
     11110        736       4030         64      80128          0   Object Totals
         0          0         48          0          0          0   (incl. Generated)
        30          0          2          0          4          0   (incl. Padding)

    ----------------------------------------------------------------------

      Code (inc. data)   RO Data    RW Data    ZI Data      Debug   Library Member Name

         6          0          0          0          0          0   pure_virt.o
       300         42          0          0          0          0   asinf.o
       592         90          0          0          0          0   atan2f.o
        38          0          0          0          0          0   fpclassifyf.o
        44         12          0          0          0          0   funder.o
        62          0          0          0          0          0   sqrtf.o
        46          0          0          0          0          0   aeabi_atexit.o
         8          4          0          4          0          0   cpp_dtor.o
         2          0          0          0          0          0   cpp_final.o
        32         10          0          0          0          0   cpp_init.o
         2          0          0          0          0          0   cpp_signal.o
        66          0          0          0          0          0   cxa_finalize.o
         0          0          0          0          0          0   entry.o
         0          0          0          0          0          0   entry10a.o
         4          0          0          0          0          0   entry10b.o
         0          0          0          0          0          0   entry11a.o
         8          4          0          0          0          0   entry2.o
         4          0          0          0          0          0   entry5.o
         0          0          0          0          0          0   entry7b.o
         4          0          0          0          0          0   entry8a.o
         0          0          0          0          0          0   entry8b.o
         8          4          0          0          0          0   entry9a.o
        12          6          0          4          0          0   errno.o
        30          0          0          0          0          0   handlers.o
        36          8          0          0          0          0   init.o
         0          0          0          0          0          0   iusefp.o
        30          0          0          0          0          0   llshl.o
        36          0          0          0          0          0   llsshr.o
        32          0          0          0          0          0   llushr.o
       188         20          0          0          0          0   malloc.o
        36          0          0          0          0          0   memcpya.o
         0          0          0          8          0          0   mvars.o
      2244         86          0          0          0          0   printfa.o
        44          0          0          0          0          0   uidiv.o
        98          0          0          0          0          0   uldiv.o
        48          0          0          0          0          0   cdrcmple.o
        56          0          0          0          0          0   d2f.o
       334          0          0          0          0          0   dadd.o
       222          0          0          0          0          0   ddiv.o
       186          0          0          0          0          0   depilogue.o
        48          0          0          0          0          0   dfixul.o
       228          0          0          0          0          0   dmul.o
        38          0          0          0          0          0   f2d.o
       110          0          0          0          0          0   fepilogue.o

    ----------------------------------------------------------------------
      5288        286          0         16          0          0   Library Totals
         6          0          0          0          0          0   (incl. Padding)

    ----------------------------------------------------------------------

      Code (inc. data)   RO Data    RW Data    ZI Data      Debug   Library Name

         6          0          0          0          0          0   cpprt_w.l
      1036        144          0          0          0          0   m_wm.l
      2970        142          0         16          0          0   mc_w.l
      1270          0          0          0          0          0   mf_w.l

    ----------------------------------------------------------------------
      5288        286          0         16          0          0   Library Totals

    ----------------------------------------------------------------------

==============================================================================


      Code (inc. data)   RO Data    RW Data    ZI Data      Debug   

     16398       1022       4030         80      80128          0   Grand Totals
     16398       1022       4030         80      80128          0   ELF Image Totals
     16398       1022       4030         80          0          0   ROM Totals

==============================================================================

    Total RO  Size (Code + RO Data)                20428 (  19.95kB)
    Total RW  Size (RW Data + ZI Data)             80208 (  78.33kB)
    Total ROM Size (Code + RO Data + RW Data)      20508 (  20.03kB)

==============================================================================

